ctp_length     : 246
ctp_input      : 1
ctp_output     : 2
ctp_no_tables  : 0
ctp_room_tables: 0
ctp_no_states  : 1
ctp_room_states: 238

State 0: 238 entries

          0  LEFT_START      0x0 (0)
          1  GOTO_NE         0x47 (71,`G')
          2                  0xb (11)
          3  GOTO_NO_ADVANCE 0xb (11)
          4  GOTO_NE         0x48 (72,`H')
          5                  0x7 (7)
          6  GOTO            0x9 (9)
          7  GOTO_NE         0x68 (104,`h')
          8                  0xb (11)
          9  RIGHT_NUM       0x194 (404)
          a  STOP            0x0 (0)
          b  LEFT_RETURN     0x0 (0)
          c  GOTO_NE         0x67 (103,`g')
          d                  0x13 (19)
          e  GOTO_NO_ADVANCE 0x13 (19)
          f  GOTO_NE         0x68 (104,`h')
         10                  0x13 (19)
         11  RIGHT_NUM       0x263 (611)
         12  STOP            0x0 (0)
         13  LEFT_RETURN     0x0 (0)
         14  GOTO_NE         0x2e (46,`.')
         15                  0x1b (27)
         16  GOTO_NO_ADVANCE 0x1b (27)
         17  GOTO_NE         0x44 (68,`D')
         18                  0x1b (27)
         19  RIGHT_NUM       0x1e0c (7692)
         1a  STOP            0x0 (0)
         1b  LEFT_RETURN     0x0 (0)
         1c  GOTO_NE         0x2e (46,`.')
         1d                  0x23 (35,`#')
         1e  GOTO_NO_ADVANCE 0x23 (35,`#')
         1f  GOTO_NE         0x64 (100,`d')
         20                  0x23 (35,`#')
         21  RIGHT_NUM       0x1e0d (7693)
         22  STOP            0x0 (0)
         23  LEFT_RETURN     0x0 (0)
         24  GOTO_NE         0x2e (46,`.')
         25                  0x2b (43,`+')
         26  GOTO_NO_ADVANCE 0x2b (43,`+')
         27  GOTO_NE         0x45 (69,`E')
         28                  0x2b (43,`+')
         29  RIGHT_NUM       0x190 (400)
         2a  STOP            0x0 (0)
         2b  LEFT_RETURN     0x0 (0)
         2c  GOTO_NE         0x2e (46,`.')
         2d                  0x33 (51,`3')
         2e  GOTO_NO_ADVANCE 0x33 (51,`3')
         2f  GOTO_NE         0x65 (101,`e')
         30                  0x33 (51,`3')
         31  RIGHT_NUM       0x25b (603)
         32  STOP            0x0 (0)
         33  LEFT_RETURN     0x0 (0)
         34  GOTO_NE         0x2e (46,`.')
         35                  0x3b (59,`;')
         36  GOTO_NO_ADVANCE 0x3b (59,`;')
         37  GOTO_NE         0x47 (71,`G')
         38                  0x3b (59,`;')
         39  RIGHT_NUM       0x11e (286)
         3a  STOP            0x0 (0)
         3b  LEFT_RETURN     0x0 (0)
         3c  GOTO_NE         0x2e (46,`.')
         3d                  0x43 (67,`C')
         3e  GOTO_NO_ADVANCE 0x43 (67,`C')
         3f  GOTO_NE         0x67 (103,`g')
         40                  0x43 (67,`C')
         41  RIGHT_NUM       0x11f (287)
         42  STOP            0x0 (0)
         43  LEFT_RETURN     0x0 (0)
         44  GOTO_NE         0x2e (46,`.')
         45                  0x4b (75,`K')
         46  GOTO_NO_ADVANCE 0x4b (75,`K')
         47  GOTO_NE         0x48 (72,`H')
         48                  0x4b (75,`K')
         49  RIGHT_NUM       0x1e24 (7716)
         4a  STOP            0x0 (0)
         4b  LEFT_RETURN     0x0 (0)
         4c  GOTO_NE         0x2e (46,`.')
         4d                  0x53 (83,`S')
         4e  GOTO_NO_ADVANCE 0x53 (83,`S')
         4f  GOTO_NE         0x68 (104,`h')
         50                  0x53 (83,`S')
         51  RIGHT_NUM       0x1e25 (7717)
         52  STOP            0x0 (0)
         53  LEFT_RETURN     0x0 (0)
         54  GOTO_NE         0x2e (46,`.')
         55                  0x5b (91,`[')
         56  GOTO_NO_ADVANCE 0x5b (91,`[')
         57  GOTO_NE         0x4e (78,`N')
         58                  0x5b (91,`[')
         59  RIGHT_NUM       0xd1 (209)
         5a  STOP            0x0 (0)
         5b  LEFT_RETURN     0x0 (0)
         5c  GOTO_NE         0x2e (46,`.')
         5d                  0x63 (99,`c')
         5e  GOTO_NO_ADVANCE 0x63 (99,`c')
         5f  GOTO_NE         0x6e (110,`n')
         60                  0x63 (99,`c')
         61  RIGHT_NUM       0xf1 (241)
         62  STOP            0x0 (0)
         63  LEFT_RETURN     0x0 (0)
         64  GOTO_NE         0x2e (46,`.')
         65                  0x6b (107,`k')
         66  GOTO_NO_ADVANCE 0x6b (107,`k')
         67  GOTO_NE         0x53 (83,`S')
         68                  0x6b (107,`k')
         69  RIGHT_NUM       0x1e62 (7778)
         6a  STOP            0x0 (0)
         6b  LEFT_RETURN     0x0 (0)
         6c  GOTO_NE         0x2e (46,`.')
         6d                  0x73 (115,`s')
         6e  GOTO_NO_ADVANCE 0x73 (115,`s')
         6f  GOTO_NE         0x73 (115,`s')
         70                  0x73 (115,`s')
         71  RIGHT_NUM       0x1e63 (7779)
         72  STOP            0x0 (0)
         73  LEFT_RETURN     0x0 (0)
         74  GOTO_NE         0x2e (46,`.')
         75                  0x7b (123,`{')
         76  GOTO_NO_ADVANCE 0x7b (123,`{')
         77  GOTO_NE         0x54 (84,`T')
         78                  0x7b (123,`{')
         79  RIGHT_NUM       0x1e6c (7788)
         7a  STOP            0x0 (0)
         7b  LEFT_RETURN     0x0 (0)
         7c  GOTO_NE         0x2e (46,`.')
         7d                  0x83 (131)
         7e  GOTO_NO_ADVANCE 0x83 (131)
         7f  GOTO_NE         0x74 (116,`t')
         80                  0x83 (131)
         81  RIGHT_NUM       0x1e6d (7789)
         82  STOP            0x0 (0)
         83  LEFT_RETURN     0x0 (0)
         84  GOTO_NE         0x2e (46,`.')
         85                  0x8b (139)
         86  GOTO_NO_ADVANCE 0x8b (139)
         87  GOTO_NE         0x5a (90,`Z')
         88                  0x8b (139)
         89  RIGHT_NUM       0x1e92 (7826)
         8a  STOP            0x0 (0)
         8b  LEFT_RETURN     0x0 (0)
         8c  GOTO_NE         0x2e (46,`.')
         8d                  0x93 (147)
         8e  GOTO_NO_ADVANCE 0x93 (147)
         8f  GOTO_NE         0x7a (122,`z')
         90                  0x93 (147)
         91  RIGHT_NUM       0x1e93 (7827)
         92  STOP            0x0 (0)
         93  LEFT_RETURN     0x0 (0)
         94  GOTO_NE         0x2e (46,`.')
         95                  0x9b (155)
         96  GOTO_NO_ADVANCE 0x9b (155)
         97  GOTO_NE         0x49 (73,`I')
         98                  0x9b (155)
         99  RIGHT_NUM       0x49 (73,`I')
         9a  STOP            0x0 (0)
         9b  LEFT_RETURN     0x0 (0)
         9c  GOTO_NE         0x2e (46,`.')
         9d                  0xa3 (163)
         9e  GOTO_NO_ADVANCE 0xa3 (163)
         9f  GOTO_NE         0x69 (105,`i')
         a0                  0xa3 (163)
         a1  RIGHT_NUM       0x69 (105,`i')
         a2  STOP            0x0 (0)
         a3  LEFT_RETURN     0x0 (0)
         a4  GOTO_NE         0x2d (45,`-')
         a5                  0xae (174)
         a6  GOTO_NO_ADVANCE 0xae (174)
         a7  GOTO_NE         0x2d (45,`-')
         a8                  0xae (174)
         a9  GOTO_NO_ADVANCE 0xae (174)
         aa  GOTO_NE         0x2d (45,`-')
         ab                  0xae (174)
         ac  RIGHT_NUM       0x2014 (8212)
         ad  STOP            0x0 (0)
         ae  LEFT_RETURN     0x0 (0)
         af  GOTO_NE         0x2d (45,`-')
         b0                  0xb6 (182)
         b1  GOTO_NO_ADVANCE 0xb6 (182)
         b2  GOTO_NE         0x2d (45,`-')
         b3                  0xb6 (182)
         b4  RIGHT_NUM       0xf05f (61535)
         b5  STOP            0x0 (0)
         b6  LEFT_RETURN     0x0 (0)
         b7  GOTO_NE         0x60 (96,``')
         b8                  0xbe (190)
         b9  GOTO_NO_ADVANCE 0xbe (190)
         ba  GOTO_NE         0x60 (96,``')
         bb                  0xbe (190)
         bc  RIGHT_NUM       0x201c (8220)
         bd  STOP            0x0 (0)
         be  LEFT_RETURN     0x0 (0)
         bf  GOTO_NE         0x60 (96,``')
         c0                  0xc3 (195)
         c1  RIGHT_NUM       0x2018 (8216)
         c2  STOP            0x0 (0)
         c3  LEFT_RETURN     0x0 (0)
         c4  GOTO_NE         0x27 (39,`'')
         c5                  0xcb (203)
         c6  GOTO_NO_ADVANCE 0xcb (203)
         c7  GOTO_NE         0x27 (39,`'')
         c8                  0xcb (203)
         c9  RIGHT_NUM       0x201d (8221)
         ca  STOP            0x0 (0)
         cb  LEFT_RETURN     0x0 (0)
         cc  GOTO_NE         0x27 (39,`'')
         cd                  0xd0 (208)
         ce  RIGHT_NUM       0x2019 (8217)
         cf  STOP            0x0 (0)
         d0  LEFT_RETURN     0x0 (0)
         d1  GOTO_NE         0x2c (44,`,')
         d2                  0xd8 (216)
         d3  GOTO_NO_ADVANCE 0xd8 (216)
         d4  GOTO_NE         0x2c (44,`,')
         d5                  0xd8 (216)
         d6  RIGHT_NUM       0x201e (8222)
         d7  STOP            0x0 (0)
         d8  LEFT_RETURN     0x0 (0)
         d9  GOTO_NE         0x3c (60,`<')
         da                  0xe0 (224)
         db  GOTO_NO_ADVANCE 0xe0 (224)
         dc  GOTO_NE         0x3c (60,`<')
         dd                  0xe0 (224)
         de  RIGHT_NUM       0xab (171)
         df  STOP            0x0 (0)
         e0  LEFT_RETURN     0x0 (0)
         e1  GOTO_NE         0x3e (62,`>')
         e2                  0xe8 (232)
         e3  GOTO_NO_ADVANCE 0xe8 (232)
         e4  GOTO_NE         0x3e (62,`>')
         e5                  0xe8 (232)
         e6  RIGHT_NUM       0xbb (187)
         e7  STOP            0x0 (0)
         e8  LEFT_RETURN     0x0 (0)
         e9  RIGHT_CHAR      0x1 (1)
         ea  STOP            0x0 (0)
         eb  LEFT_RETURN     0x0 (0)
         ec  RIGHT_CHAR      0x1 (1)
         ed  STOP            0x0 (0)
