ctp_length     : 234
ctp_input      : 1
ctp_output     : 2
ctp_no_tables  : 0
ctp_room_tables: 0
ctp_no_states  : 1
ctp_room_states: 226

State 0: 226 entries

          0  LEFT_START      0x0 (0)
          1  GOTO_NE         0x47 (71,`G')
          2                  0x4 (4)
          3  GOTO            0x6 (6)
          4  GOTO_NE         0x67 (103,`g')
          5                  0xe (14)
          6  GOTO_NO_ADVANCE 0xe (14)
          7  GOTO_NE         0x48 (72,`H')
          8                  0xa (10)
          9  GOTO            0xc (12)
          a  GOTO_NE         0x68 (104,`h')
          b                  0xe (14)
          c  RIGHT_NUM       0xc72 (3186)
          d  STOP            0x0 (0)
          e  LEFT_RETURN     0x0 (0)
          f  GOTO_NE         0x2e (46,`.')
         10                  0x19 (25)
         11  GOTO_NO_ADVANCE 0x19 (25)
         12  GOTO_NE         0x44 (68,`D')
         13                  0x15 (21)
         14  GOTO            0x17 (23)
         15  GOTO_NE         0x64 (100,`d')
         16                  0x19 (25)
         17  RIGHT_NUM       0xc64 (3172)
         18  STOP            0x0 (0)
         19  LEFT_RETURN     0x0 (0)
         1a  GOTO_NE         0x2e (46,`.')
         1b                  0x23 (35,`#')
         1c  GOTO_NO_ADVANCE 0x23 (35,`#')
         1d  GOTO_NE         0x45 (69,`E')
         1e                  0x20 (32,` ')
         1f  GOTO            0x22 (34,`"')
         20  GOTO_NE         0x65 (101,`e')
         21                  0x23 (35,`#')
         22  STOP            0x0 (0)
         23  LEFT_RETURN     0x0 (0)
         24  GOTO_NE         0x2e (46,`.')
         25                  0x2e (46,`.')
         26  GOTO_NO_ADVANCE 0x2e (46,`.')
         27  GOTO_NE         0x47 (71,`G')
         28                  0x2a (42,`*')
         29  GOTO            0x2c (44,`,')
         2a  GOTO_NE         0x67 (103,`g')
         2b                  0x2e (46,`.')
         2c  RIGHT_NUM       0xc67 (3175)
         2d  STOP            0x0 (0)
         2e  LEFT_RETURN     0x0 (0)
         2f  GOTO_NE         0x2e (46,`.')
         30                  0x39 (57,`9')
         31  GOTO_NO_ADVANCE 0x39 (57,`9')
         32  GOTO_NE         0x48 (72,`H')
         33                  0x35 (53,`5')
         34  GOTO            0x37 (55,`7')
         35  GOTO_NE         0x68 (104,`h')
         36                  0x39 (57,`9')
         37  RIGHT_NUM       0xc68 (3176)
         38  STOP            0x0 (0)
         39  LEFT_RETURN     0x0 (0)
         3a  GOTO_NE         0x2e (46,`.')
         3b                  0x44 (68,`D')
         3c  GOTO_NO_ADVANCE 0x44 (68,`D')
         3d  GOTO_NE         0x4e (78,`N')
         3e                  0x40 (64,`@')
         3f  GOTO            0x42 (66,`B')
         40  GOTO_NE         0x6e (110,`n')
         41                  0x44 (68,`D')
         42  RIGHT_NUM       0xc6e (3182)
         43  STOP            0x0 (0)
         44  LEFT_RETURN     0x0 (0)
         45  GOTO_NE         0x2e (46,`.')
         46                  0x4f (79,`O')
         47  GOTO_NO_ADVANCE 0x4f (79,`O')
         48  GOTO_NE         0x53 (83,`S')
         49                  0x4b (75,`K')
         4a  GOTO            0x4d (77,`M')
         4b  GOTO_NE         0x73 (115,`s')
         4c                  0x4f (79,`O')
         4d  RIGHT_NUM       0xc73 (3187)
         4e  STOP            0x0 (0)
         4f  LEFT_RETURN     0x0 (0)
         50  GOTO_NE         0x2e (46,`.')
         51                  0x5a (90,`Z')
         52  GOTO_NO_ADVANCE 0x5a (90,`Z')
         53  GOTO_NE         0x54 (84,`T')
         54                  0x56 (86,`V')
         55  GOTO            0x58 (88,`X')
         56  GOTO_NE         0x74 (116,`t')
         57                  0x5a (90,`Z')
         58  RIGHT_NUM       0xc74 (3188)
         59  STOP            0x0 (0)
         5a  LEFT_RETURN     0x0 (0)
         5b  GOTO_NE         0x2e (46,`.')
         5c                  0x65 (101,`e')
         5d  GOTO_NO_ADVANCE 0x65 (101,`e')
         5e  GOTO_NE         0x5a (90,`Z')
         5f                  0x61 (97,`a')
         60  GOTO            0x63 (99,`c')
         61  GOTO_NE         0x7a (122,`z')
         62                  0x65 (101,`e')
         63  RIGHT_NUM       0xc7a (3194)
         64  STOP            0x0 (0)
         65  LEFT_RETURN     0x0 (0)
         66  GOTO_NE         0x2e (46,`.')
         67                  0x70 (112,`p')
         68  GOTO_NO_ADVANCE 0x70 (112,`p')
         69  GOTO_NE         0x49 (73,`I')
         6a                  0x6c (108,`l')
         6b  GOTO            0x6e (110,`n')
         6c  GOTO_NE         0x69 (105,`i')
         6d                  0x70 (112,`p')
         6e  RIGHT_NUM       0xc49 (3145)
         6f  STOP            0x0 (0)
         70  LEFT_RETURN     0x0 (0)
         71  GOTO_NE         0x45 (69,`E')
         72                  0x74 (116,`t')
         73  GOTO            0x76 (118,`v')
         74  GOTO_NE         0x65 (101,`e')
         75                  0x77 (119,`w')
         76  STOP            0x0 (0)
         77  LEFT_RETURN     0x0 (0)
         78  GOTO_NE         0x4f (79,`O')
         79                  0x7b (123,`{')
         7a  GOTO            0x7d (125,`}')
         7b  GOTO_NE         0x6f (111,`o')
         7c                  0x7e (126,`~')
         7d  STOP            0x0 (0)
         7e  LEFT_RETURN     0x0 (0)
         7f  GOTO_LT         0x41 (65,`A')
         80                  0x88 (136)
         81  GOTO_GT         0x5a (90,`Z')
         82                  0x88 (136)
         83  PUSH_CHAR       0x1 (1)
         84  PUSH_NUM        0xc00 (3072)
         85  ADD             0x0 (0)
         86  RIGHT_OUTPUT    0x0 (0)
         87  STOP            0x0 (0)
         88  LEFT_RETURN     0x0 (0)
         89  GOTO_LT         0x61 (97,`a')
         8a                  0x92 (146)
         8b  GOTO_GT         0x7a (122,`z')
         8c                  0x92 (146)
         8d  PUSH_CHAR       0x1 (1)
         8e  PUSH_NUM        0xbe0 (3040)
         8f  ADD             0x0 (0)
         90  RIGHT_OUTPUT    0x0 (0)
         91  STOP            0x0 (0)
         92  LEFT_RETURN     0x0 (0)
         93  GOTO_NE         0x2d (45,`-')
         94                  0x9d (157)
         95  GOTO_NO_ADVANCE 0x9d (157)
         96  GOTO_NE         0x2d (45,`-')
         97                  0x9d (157)
         98  GOTO_NO_ADVANCE 0x9d (157)
         99  GOTO_NE         0x2d (45,`-')
         9a                  0x9d (157)
         9b  RIGHT_NUM       0x2014 (8212)
         9c  STOP            0x0 (0)
         9d  LEFT_RETURN     0x0 (0)
         9e  GOTO_NE         0x2d (45,`-')
         9f                  0xa5 (165)
         a0  GOTO_NO_ADVANCE 0xa5 (165)
         a1  GOTO_NE         0x2d (45,`-')
         a2                  0xa5 (165)
         a3  RIGHT_NUM       0xf05f (61535)
         a4  STOP            0x0 (0)
         a5  LEFT_RETURN     0x0 (0)
         a6  GOTO_NE         0x2d (45,`-')
         a7                  0xaa (170)
         a8  RIGHT_NUM       0x20 (32,` ')
         a9  STOP            0x0 (0)
         aa  LEFT_RETURN     0x0 (0)
         ab  GOTO_NE         0x60 (96,``')
         ac                  0xb2 (178)
         ad  GOTO_NO_ADVANCE 0xb2 (178)
         ae  GOTO_NE         0x60 (96,``')
         af                  0xb2 (178)
         b0  RIGHT_NUM       0x201c (8220)
         b1  STOP            0x0 (0)
         b2  LEFT_RETURN     0x0 (0)
         b3  GOTO_NE         0x60 (96,``')
         b4                  0xb7 (183)
         b5  RIGHT_NUM       0x2018 (8216)
         b6  STOP            0x0 (0)
         b7  LEFT_RETURN     0x0 (0)
         b8  GOTO_NE         0x27 (39,`'')
         b9                  0xbf (191)
         ba  GOTO_NO_ADVANCE 0xbf (191)
         bb  GOTO_NE         0x27 (39,`'')
         bc                  0xbf (191)
         bd  RIGHT_NUM       0x201d (8221)
         be  STOP            0x0 (0)
         bf  LEFT_RETURN     0x0 (0)
         c0  GOTO_NE         0x27 (39,`'')
         c1                  0xc4 (196)
         c2  RIGHT_NUM       0x2019 (8217)
         c3  STOP            0x0 (0)
         c4  LEFT_RETURN     0x0 (0)
         c5  GOTO_NE         0x2c (44,`,')
         c6                  0xcc (204)
         c7  GOTO_NO_ADVANCE 0xcc (204)
         c8  GOTO_NE         0x2c (44,`,')
         c9                  0xcc (204)
         ca  RIGHT_NUM       0x201e (8222)
         cb  STOP            0x0 (0)
         cc  LEFT_RETURN     0x0 (0)
         cd  GOTO_NE         0x3c (60,`<')
         ce                  0xd4 (212)
         cf  GOTO_NO_ADVANCE 0xd4 (212)
         d0  GOTO_NE         0x3c (60,`<')
         d1                  0xd4 (212)
         d2  RIGHT_NUM       0xab (171)
         d3  STOP            0x0 (0)
         d4  LEFT_RETURN     0x0 (0)
         d5  GOTO_NE         0x3e (62,`>')
         d6                  0xdc (220)
         d7  GOTO_NO_ADVANCE 0xdc (220)
         d8  GOTO_NE         0x3e (62,`>')
         d9                  0xdc (220)
         da  RIGHT_NUM       0xbb (187)
         db  STOP            0x0 (0)
         dc  LEFT_RETURN     0x0 (0)
         dd  RIGHT_CHAR      0x1 (1)
         de  STOP            0x0 (0)
         df  LEFT_RETURN     0x0 (0)
         e0  RIGHT_CHAR      0x1 (1)
         e1  STOP            0x0 (0)
