ctp_length     : 673
ctp_input      : 1
ctp_output     : 2
ctp_no_tables  : 0
ctp_room_tables: 0
ctp_no_states  : 1
ctp_room_states: 665

State 0: 665 entries

          0  LEFT_START      0x0 (0)
          1  GOTO_NE         0x80 (128)
          2                  0x5 (5)
          3  RIGHT_NUM       0x410 (1040)
          4  STOP            0x0 (0)
          5  LEFT_RETURN     0x0 (0)
          6  GOTO_NE         0x81 (129)
          7                  0xa (10)
          8  RIGHT_NUM       0x411 (1041)
          9  STOP            0x0 (0)
          a  LEFT_RETURN     0x0 (0)
          b  GOTO_NE         0x82 (130)
          c                  0xf (15)
          d  RIGHT_NUM       0x412 (1042)
          e  STOP            0x0 (0)
          f  LEFT_RETURN     0x0 (0)
         10  GOTO_NE         0x83 (131)
         11                  0x14 (20)
         12  RIGHT_NUM       0x413 (1043)
         13  STOP            0x0 (0)
         14  LEFT_RETURN     0x0 (0)
         15  GOTO_NE         0x84 (132)
         16                  0x19 (25)
         17  RIGHT_NUM       0x414 (1044)
         18  STOP            0x0 (0)
         19  LEFT_RETURN     0x0 (0)
         1a  GOTO_NE         0x85 (133)
         1b                  0x1e (30)
         1c  RIGHT_NUM       0x415 (1045)
         1d  STOP            0x0 (0)
         1e  LEFT_RETURN     0x0 (0)
         1f  GOTO_NE         0x86 (134)
         20                  0x23 (35,`#')
         21  RIGHT_NUM       0x416 (1046)
         22  STOP            0x0 (0)
         23  LEFT_RETURN     0x0 (0)
         24  GOTO_NE         0x87 (135)
         25                  0x28 (40,`(')
         26  RIGHT_NUM       0x417 (1047)
         27  STOP            0x0 (0)
         28  LEFT_RETURN     0x0 (0)
         29  GOTO_NE         0x88 (136)
         2a                  0x2d (45,`-')
         2b  RIGHT_NUM       0x418 (1048)
         2c  STOP            0x0 (0)
         2d  LEFT_RETURN     0x0 (0)
         2e  GOTO_NE         0x89 (137)
         2f                  0x32 (50,`2')
         30  RIGHT_NUM       0x419 (1049)
         31  STOP            0x0 (0)
         32  LEFT_RETURN     0x0 (0)
         33  GOTO_NE         0x8a (138)
         34                  0x37 (55,`7')
         35  RIGHT_NUM       0x41a (1050)
         36  STOP            0x0 (0)
         37  LEFT_RETURN     0x0 (0)
         38  GOTO_NE         0x8b (139)
         39                  0x3c (60,`<')
         3a  RIGHT_NUM       0x41b (1051)
         3b  STOP            0x0 (0)
         3c  LEFT_RETURN     0x0 (0)
         3d  GOTO_NE         0x8c (140)
         3e                  0x41 (65,`A')
         3f  RIGHT_NUM       0x41c (1052)
         40  STOP            0x0 (0)
         41  LEFT_RETURN     0x0 (0)
         42  GOTO_NE         0x8d (141)
         43                  0x46 (70,`F')
         44  RIGHT_NUM       0x41d (1053)
         45  STOP            0x0 (0)
         46  LEFT_RETURN     0x0 (0)
         47  GOTO_NE         0x8e (142)
         48                  0x4b (75,`K')
         49  RIGHT_NUM       0x41e (1054)
         4a  STOP            0x0 (0)
         4b  LEFT_RETURN     0x0 (0)
         4c  GOTO_NE         0x8f (143)
         4d                  0x50 (80,`P')
         4e  RIGHT_NUM       0x41f (1055)
         4f  STOP            0x0 (0)
         50  LEFT_RETURN     0x0 (0)
         51  GOTO_NE         0x90 (144)
         52                  0x55 (85,`U')
         53  RIGHT_NUM       0x420 (1056)
         54  STOP            0x0 (0)
         55  LEFT_RETURN     0x0 (0)
         56  GOTO_NE         0x91 (145)
         57                  0x5a (90,`Z')
         58  RIGHT_NUM       0x421 (1057)
         59  STOP            0x0 (0)
         5a  LEFT_RETURN     0x0 (0)
         5b  GOTO_NE         0x92 (146)
         5c                  0x5f (95,`_')
         5d  RIGHT_NUM       0x422 (1058)
         5e  STOP            0x0 (0)
         5f  LEFT_RETURN     0x0 (0)
         60  GOTO_NE         0x93 (147)
         61                  0x64 (100,`d')
         62  RIGHT_NUM       0x423 (1059)
         63  STOP            0x0 (0)
         64  LEFT_RETURN     0x0 (0)
         65  GOTO_NE         0x94 (148)
         66                  0x69 (105,`i')
         67  RIGHT_NUM       0x424 (1060)
         68  STOP            0x0 (0)
         69  LEFT_RETURN     0x0 (0)
         6a  GOTO_NE         0x95 (149)
         6b                  0x6e (110,`n')
         6c  RIGHT_NUM       0x425 (1061)
         6d  STOP            0x0 (0)
         6e  LEFT_RETURN     0x0 (0)
         6f  GOTO_NE         0x96 (150)
         70                  0x73 (115,`s')
         71  RIGHT_NUM       0x426 (1062)
         72  STOP            0x0 (0)
         73  LEFT_RETURN     0x0 (0)
         74  GOTO_NE         0x97 (151)
         75                  0x78 (120,`x')
         76  RIGHT_NUM       0x427 (1063)
         77  STOP            0x0 (0)
         78  LEFT_RETURN     0x0 (0)
         79  GOTO_NE         0x98 (152)
         7a                  0x7d (125,`}')
         7b  RIGHT_NUM       0x428 (1064)
         7c  STOP            0x0 (0)
         7d  LEFT_RETURN     0x0 (0)
         7e  GOTO_NE         0x99 (153)
         7f                  0x82 (130)
         80  RIGHT_NUM       0x429 (1065)
         81  STOP            0x0 (0)
         82  LEFT_RETURN     0x0 (0)
         83  GOTO_NE         0x9a (154)
         84                  0x87 (135)
         85  RIGHT_NUM       0x42a (1066)
         86  STOP            0x0 (0)
         87  LEFT_RETURN     0x0 (0)
         88  GOTO_NE         0x9b (155)
         89                  0x8c (140)
         8a  RIGHT_NUM       0x42b (1067)
         8b  STOP            0x0 (0)
         8c  LEFT_RETURN     0x0 (0)
         8d  GOTO_NE         0x9c (156)
         8e                  0x91 (145)
         8f  RIGHT_NUM       0x42c (1068)
         90  STOP            0x0 (0)
         91  LEFT_RETURN     0x0 (0)
         92  GOTO_NE         0x9d (157)
         93                  0x96 (150)
         94  RIGHT_NUM       0x42d (1069)
         95  STOP            0x0 (0)
         96  LEFT_RETURN     0x0 (0)
         97  GOTO_NE         0x9e (158)
         98                  0x9b (155)
         99  RIGHT_NUM       0x42e (1070)
         9a  STOP            0x0 (0)
         9b  LEFT_RETURN     0x0 (0)
         9c  GOTO_NE         0x9f (159)
         9d                  0xa0 (160)
         9e  RIGHT_NUM       0x42f (1071)
         9f  STOP            0x0 (0)
         a0  LEFT_RETURN     0x0 (0)
         a1  GOTO_NE         0xa0 (160)
         a2                  0xa5 (165)
         a3  RIGHT_NUM       0x2020 (8224)
         a4  STOP            0x0 (0)
         a5  LEFT_RETURN     0x0 (0)
         a6  GOTO_NE         0xa1 (161)
         a7                  0xaa (170)
         a8  RIGHT_NUM       0xb0 (176)
         a9  STOP            0x0 (0)
         aa  LEFT_RETURN     0x0 (0)
         ab  GOTO_NE         0xa2 (162)
         ac                  0xaf (175)
         ad  RIGHT_NUM       0xa2 (162)
         ae  STOP            0x0 (0)
         af  LEFT_RETURN     0x0 (0)
         b0  GOTO_NE         0xa3 (163)
         b1                  0xb4 (180)
         b2  RIGHT_NUM       0xa3 (163)
         b3  STOP            0x0 (0)
         b4  LEFT_RETURN     0x0 (0)
         b5  GOTO_NE         0xa4 (164)
         b6                  0xb9 (185)
         b7  RIGHT_NUM       0xa7 (167)
         b8  STOP            0x0 (0)
         b9  LEFT_RETURN     0x0 (0)
         ba  GOTO_NE         0xa5 (165)
         bb                  0xbe (190)
         bc  RIGHT_NUM       0x2022 (8226)
         bd  STOP            0x0 (0)
         be  LEFT_RETURN     0x0 (0)
         bf  GOTO_NE         0xa6 (166)
         c0                  0xc3 (195)
         c1  RIGHT_NUM       0xb6 (182)
         c2  STOP            0x0 (0)
         c3  LEFT_RETURN     0x0 (0)
         c4  GOTO_NE         0xa7 (167)
         c5                  0xc8 (200)
         c6  RIGHT_NUM       0x406 (1030)
         c7  STOP            0x0 (0)
         c8  LEFT_RETURN     0x0 (0)
         c9  GOTO_NE         0xa8 (168)
         ca                  0xcd (205)
         cb  RIGHT_NUM       0xae (174)
         cc  STOP            0x0 (0)
         cd  LEFT_RETURN     0x0 (0)
         ce  GOTO_NE         0xa9 (169)
         cf                  0xd2 (210)
         d0  RIGHT_NUM       0xa9 (169)
         d1  STOP            0x0 (0)
         d2  LEFT_RETURN     0x0 (0)
         d3  GOTO_NE         0xaa (170)
         d4                  0xd7 (215)
         d5  RIGHT_NUM       0x2122 (8482)
         d6  STOP            0x0 (0)
         d7  LEFT_RETURN     0x0 (0)
         d8  GOTO_NE         0xab (171)
         d9                  0xdc (220)
         da  RIGHT_NUM       0x402 (1026)
         db  STOP            0x0 (0)
         dc  LEFT_RETURN     0x0 (0)
         dd  GOTO_NE         0xac (172)
         de                  0xe1 (225)
         df  RIGHT_NUM       0x452 (1106)
         e0  STOP            0x0 (0)
         e1  LEFT_RETURN     0x0 (0)
         e2  GOTO_NE         0xad (173)
         e3                  0xe6 (230)
         e4  RIGHT_NUM       0x2260 (8800)
         e5  STOP            0x0 (0)
         e6  LEFT_RETURN     0x0 (0)
         e7  GOTO_NE         0xae (174)
         e8                  0xeb (235)
         e9  RIGHT_NUM       0x403 (1027)
         ea  STOP            0x0 (0)
         eb  LEFT_RETURN     0x0 (0)
         ec  GOTO_NE         0xaf (175)
         ed                  0xf0 (240)
         ee  RIGHT_NUM       0x453 (1107)
         ef  STOP            0x0 (0)
         f0  LEFT_RETURN     0x0 (0)
         f1  GOTO_NE         0xb0 (176)
         f2                  0xf5 (245)
         f3  RIGHT_NUM       0x221e (8734)
         f4  STOP            0x0 (0)
         f5  LEFT_RETURN     0x0 (0)
         f6  GOTO_NE         0xb1 (177)
         f7                  0xfa (250)
         f8  RIGHT_NUM       0xb1 (177)
         f9  STOP            0x0 (0)
         fa  LEFT_RETURN     0x0 (0)
         fb  GOTO_NE         0xb2 (178)
         fc                  0xff (255)
         fd  RIGHT_NUM       0x2264 (8804)
         fe  STOP            0x0 (0)
         ff  LEFT_RETURN     0x0 (0)
        100  GOTO_NE         0xb3 (179)
        101                  0x104 (260)
        102  RIGHT_NUM       0x2265 (8805)
        103  STOP            0x0 (0)
        104  LEFT_RETURN     0x0 (0)
        105  GOTO_NE         0xb4 (180)
        106                  0x109 (265)
        107  RIGHT_NUM       0xa5 (165)
        108  STOP            0x0 (0)
        109  LEFT_RETURN     0x0 (0)
        10a  GOTO_NE         0xb5 (181)
        10b                  0x10e (270)
        10c  RIGHT_NUM       0xb5 (181)
        10d  STOP            0x0 (0)
        10e  LEFT_RETURN     0x0 (0)
        10f  GOTO_NE         0xb6 (182)
        110                  0x113 (275)
        111  RIGHT_NUM       0x2202 (8706)
        112  STOP            0x0 (0)
        113  LEFT_RETURN     0x0 (0)
        114  GOTO_NE         0xb7 (183)
        115                  0x118 (280)
        116  RIGHT_NUM       0x408 (1032)
        117  STOP            0x0 (0)
        118  LEFT_RETURN     0x0 (0)
        119  GOTO_NE         0xb8 (184)
        11a                  0x11d (285)
        11b  RIGHT_NUM       0x404 (1028)
        11c  STOP            0x0 (0)
        11d  LEFT_RETURN     0x0 (0)
        11e  GOTO_NE         0xb9 (185)
        11f                  0x122 (290)
        120  RIGHT_NUM       0x454 (1108)
        121  STOP            0x0 (0)
        122  LEFT_RETURN     0x0 (0)
        123  GOTO_NE         0xba (186)
        124                  0x127 (295)
        125  RIGHT_NUM       0x407 (1031)
        126  STOP            0x0 (0)
        127  LEFT_RETURN     0x0 (0)
        128  GOTO_NE         0xbb (187)
        129                  0x12c (300)
        12a  RIGHT_NUM       0x457 (1111)
        12b  STOP            0x0 (0)
        12c  LEFT_RETURN     0x0 (0)
        12d  GOTO_NE         0xbc (188)
        12e                  0x131 (305)
        12f  RIGHT_NUM       0x409 (1033)
        130  STOP            0x0 (0)
        131  LEFT_RETURN     0x0 (0)
        132  GOTO_NE         0xbd (189)
        133                  0x136 (310)
        134  RIGHT_NUM       0x459 (1113)
        135  STOP            0x0 (0)
        136  LEFT_RETURN     0x0 (0)
        137  GOTO_NE         0xbe (190)
        138                  0x13b (315)
        139  RIGHT_NUM       0x40a (1034)
        13a  STOP            0x0 (0)
        13b  LEFT_RETURN     0x0 (0)
        13c  GOTO_NE         0xbf (191)
        13d                  0x140 (320)
        13e  RIGHT_NUM       0x45a (1114)
        13f  STOP            0x0 (0)
        140  LEFT_RETURN     0x0 (0)
        141  GOTO_NE         0xc0 (192)
        142                  0x145 (325)
        143  RIGHT_NUM       0x458 (1112)
        144  STOP            0x0 (0)
        145  LEFT_RETURN     0x0 (0)
        146  GOTO_NE         0xc1 (193)
        147                  0x14a (330)
        148  RIGHT_NUM       0x405 (1029)
        149  STOP            0x0 (0)
        14a  LEFT_RETURN     0x0 (0)
        14b  GOTO_NE         0xc2 (194)
        14c                  0x14f (335)
        14d  RIGHT_NUM       0xac (172)
        14e  STOP            0x0 (0)
        14f  LEFT_RETURN     0x0 (0)
        150  GOTO_NE         0xc3 (195)
        151                  0x154 (340)
        152  RIGHT_NUM       0x221a (8730)
        153  STOP            0x0 (0)
        154  LEFT_RETURN     0x0 (0)
        155  GOTO_NE         0xc4 (196)
        156                  0x159 (345)
        157  RIGHT_NUM       0x192 (402)
        158  STOP            0x0 (0)
        159  LEFT_RETURN     0x0 (0)
        15a  GOTO_NE         0xc5 (197)
        15b                  0x15e (350)
        15c  RIGHT_NUM       0x2248 (8776)
        15d  STOP            0x0 (0)
        15e  LEFT_RETURN     0x0 (0)
        15f  GOTO_NE         0xc6 (198)
        160                  0x163 (355)
        161  RIGHT_NUM       0x2206 (8710)
        162  STOP            0x0 (0)
        163  LEFT_RETURN     0x0 (0)
        164  GOTO_NE         0xc7 (199)
        165                  0x168 (360)
        166  RIGHT_NUM       0xab (171)
        167  STOP            0x0 (0)
        168  LEFT_RETURN     0x0 (0)
        169  GOTO_NE         0xc8 (200)
        16a                  0x16d (365)
        16b  RIGHT_NUM       0xbb (187)
        16c  STOP            0x0 (0)
        16d  LEFT_RETURN     0x0 (0)
        16e  GOTO_NE         0xc9 (201)
        16f                  0x172 (370)
        170  RIGHT_NUM       0x2026 (8230)
        171  STOP            0x0 (0)
        172  LEFT_RETURN     0x0 (0)
        173  GOTO_NE         0xca (202)
        174                  0x177 (375)
        175  RIGHT_NUM       0xa0 (160)
        176  STOP            0x0 (0)
        177  LEFT_RETURN     0x0 (0)
        178  GOTO_NE         0xcb (203)
        179                  0x17c (380)
        17a  RIGHT_NUM       0x40b (1035)
        17b  STOP            0x0 (0)
        17c  LEFT_RETURN     0x0 (0)
        17d  GOTO_NE         0xcc (204)
        17e                  0x181 (385)
        17f  RIGHT_NUM       0x45b (1115)
        180  STOP            0x0 (0)
        181  LEFT_RETURN     0x0 (0)
        182  GOTO_NE         0xcd (205)
        183                  0x186 (390)
        184  RIGHT_NUM       0x40c (1036)
        185  STOP            0x0 (0)
        186  LEFT_RETURN     0x0 (0)
        187  GOTO_NE         0xce (206)
        188                  0x18b (395)
        189  RIGHT_NUM       0x45c (1116)
        18a  STOP            0x0 (0)
        18b  LEFT_RETURN     0x0 (0)
        18c  GOTO_NE         0xcf (207)
        18d                  0x190 (400)
        18e  RIGHT_NUM       0x455 (1109)
        18f  STOP            0x0 (0)
        190  LEFT_RETURN     0x0 (0)
        191  GOTO_NE         0xd0 (208)
        192                  0x195 (405)
        193  RIGHT_NUM       0x2013 (8211)
        194  STOP            0x0 (0)
        195  LEFT_RETURN     0x0 (0)
        196  GOTO_NE         0xd1 (209)
        197                  0x19a (410)
        198  RIGHT_NUM       0x2014 (8212)
        199  STOP            0x0 (0)
        19a  LEFT_RETURN     0x0 (0)
        19b  GOTO_NE         0xd2 (210)
        19c                  0x19f (415)
        19d  RIGHT_NUM       0x201c (8220)
        19e  STOP            0x0 (0)
        19f  LEFT_RETURN     0x0 (0)
        1a0  GOTO_NE         0xd3 (211)
        1a1                  0x1a4 (420)
        1a2  RIGHT_NUM       0x201d (8221)
        1a3  STOP            0x0 (0)
        1a4  LEFT_RETURN     0x0 (0)
        1a5  GOTO_NE         0xd4 (212)
        1a6                  0x1a9 (425)
        1a7  RIGHT_NUM       0x2018 (8216)
        1a8  STOP            0x0 (0)
        1a9  LEFT_RETURN     0x0 (0)
        1aa  GOTO_NE         0xd5 (213)
        1ab                  0x1ae (430)
        1ac  RIGHT_NUM       0x2019 (8217)
        1ad  STOP            0x0 (0)
        1ae  LEFT_RETURN     0x0 (0)
        1af  GOTO_NE         0xd6 (214)
        1b0                  0x1b3 (435)
        1b1  RIGHT_NUM       0xf7 (247)
        1b2  STOP            0x0 (0)
        1b3  LEFT_RETURN     0x0 (0)
        1b4  GOTO_NE         0xd7 (215)
        1b5                  0x1b8 (440)
        1b6  RIGHT_NUM       0x201e (8222)
        1b7  STOP            0x0 (0)
        1b8  LEFT_RETURN     0x0 (0)
        1b9  GOTO_NE         0xd8 (216)
        1ba                  0x1bd (445)
        1bb  RIGHT_NUM       0x40e (1038)
        1bc  STOP            0x0 (0)
        1bd  LEFT_RETURN     0x0 (0)
        1be  GOTO_NE         0xd9 (217)
        1bf                  0x1c2 (450)
        1c0  RIGHT_NUM       0x45e (1118)
        1c1  STOP            0x0 (0)
        1c2  LEFT_RETURN     0x0 (0)
        1c3  GOTO_NE         0xda (218)
        1c4                  0x1c7 (455)
        1c5  RIGHT_NUM       0x40f (1039)
        1c6  STOP            0x0 (0)
        1c7  LEFT_RETURN     0x0 (0)
        1c8  GOTO_NE         0xdb (219)
        1c9                  0x1cc (460)
        1ca  RIGHT_NUM       0x45f (1119)
        1cb  STOP            0x0 (0)
        1cc  LEFT_RETURN     0x0 (0)
        1cd  GOTO_NE         0xdc (220)
        1ce                  0x1d1 (465)
        1cf  RIGHT_NUM       0x2116 (8470)
        1d0  STOP            0x0 (0)
        1d1  LEFT_RETURN     0x0 (0)
        1d2  GOTO_NE         0xdd (221)
        1d3                  0x1d6 (470)
        1d4  RIGHT_NUM       0x401 (1025)
        1d5  STOP            0x0 (0)
        1d6  LEFT_RETURN     0x0 (0)
        1d7  GOTO_NE         0xde (222)
        1d8                  0x1db (475)
        1d9  RIGHT_NUM       0x451 (1105)
        1da  STOP            0x0 (0)
        1db  LEFT_RETURN     0x0 (0)
        1dc  GOTO_NE         0xdf (223)
        1dd                  0x1e0 (480)
        1de  RIGHT_NUM       0x44f (1103)
        1df  STOP            0x0 (0)
        1e0  LEFT_RETURN     0x0 (0)
        1e1  GOTO_NE         0xe0 (224)
        1e2                  0x1e5 (485)
        1e3  RIGHT_NUM       0x430 (1072)
        1e4  STOP            0x0 (0)
        1e5  LEFT_RETURN     0x0 (0)
        1e6  GOTO_NE         0xe1 (225)
        1e7                  0x1ea (490)
        1e8  RIGHT_NUM       0x431 (1073)
        1e9  STOP            0x0 (0)
        1ea  LEFT_RETURN     0x0 (0)
        1eb  GOTO_NE         0xe2 (226)
        1ec                  0x1ef (495)
        1ed  RIGHT_NUM       0x432 (1074)
        1ee  STOP            0x0 (0)
        1ef  LEFT_RETURN     0x0 (0)
        1f0  GOTO_NE         0xe3 (227)
        1f1                  0x1f4 (500)
        1f2  RIGHT_NUM       0x433 (1075)
        1f3  STOP            0x0 (0)
        1f4  LEFT_RETURN     0x0 (0)
        1f5  GOTO_NE         0xe4 (228)
        1f6                  0x1f9 (505)
        1f7  RIGHT_NUM       0x434 (1076)
        1f8  STOP            0x0 (0)
        1f9  LEFT_RETURN     0x0 (0)
        1fa  GOTO_NE         0xe5 (229)
        1fb                  0x1fe (510)
        1fc  RIGHT_NUM       0x435 (1077)
        1fd  STOP            0x0 (0)
        1fe  LEFT_RETURN     0x0 (0)
        1ff  GOTO_NE         0xe6 (230)
        200                  0x203 (515)
        201  RIGHT_NUM       0x436 (1078)
        202  STOP            0x0 (0)
        203  LEFT_RETURN     0x0 (0)
        204  GOTO_NE         0xe7 (231)
        205                  0x208 (520)
        206  RIGHT_NUM       0x437 (1079)
        207  STOP            0x0 (0)
        208  LEFT_RETURN     0x0 (0)
        209  GOTO_NE         0xe8 (232)
        20a                  0x20d (525)
        20b  RIGHT_NUM       0x438 (1080)
        20c  STOP            0x0 (0)
        20d  LEFT_RETURN     0x0 (0)
        20e  GOTO_NE         0xe9 (233)
        20f                  0x212 (530)
        210  RIGHT_NUM       0x439 (1081)
        211  STOP            0x0 (0)
        212  LEFT_RETURN     0x0 (0)
        213  GOTO_NE         0xea (234)
        214                  0x217 (535)
        215  RIGHT_NUM       0x43a (1082)
        216  STOP            0x0 (0)
        217  LEFT_RETURN     0x0 (0)
        218  GOTO_NE         0xeb (235)
        219                  0x21c (540)
        21a  RIGHT_NUM       0x43b (1083)
        21b  STOP            0x0 (0)
        21c  LEFT_RETURN     0x0 (0)
        21d  GOTO_NE         0xec (236)
        21e                  0x221 (545)
        21f  RIGHT_NUM       0x43c (1084)
        220  STOP            0x0 (0)
        221  LEFT_RETURN     0x0 (0)
        222  GOTO_NE         0xed (237)
        223                  0x226 (550)
        224  RIGHT_NUM       0x43d (1085)
        225  STOP            0x0 (0)
        226  LEFT_RETURN     0x0 (0)
        227  GOTO_NE         0xee (238)
        228                  0x22b (555)
        229  RIGHT_NUM       0x43e (1086)
        22a  STOP            0x0 (0)
        22b  LEFT_RETURN     0x0 (0)
        22c  GOTO_NE         0xef (239)
        22d                  0x230 (560)
        22e  RIGHT_NUM       0x43f (1087)
        22f  STOP            0x0 (0)
        230  LEFT_RETURN     0x0 (0)
        231  GOTO_NE         0xf0 (240)
        232                  0x235 (565)
        233  RIGHT_NUM       0x440 (1088)
        234  STOP            0x0 (0)
        235  LEFT_RETURN     0x0 (0)
        236  GOTO_NE         0xf1 (241)
        237                  0x23a (570)
        238  RIGHT_NUM       0x441 (1089)
        239  STOP            0x0 (0)
        23a  LEFT_RETURN     0x0 (0)
        23b  GOTO_NE         0xf2 (242)
        23c                  0x23f (575)
        23d  RIGHT_NUM       0x442 (1090)
        23e  STOP            0x0 (0)
        23f  LEFT_RETURN     0x0 (0)
        240  GOTO_NE         0xf3 (243)
        241                  0x244 (580)
        242  RIGHT_NUM       0x443 (1091)
        243  STOP            0x0 (0)
        244  LEFT_RETURN     0x0 (0)
        245  GOTO_NE         0xf4 (244)
        246                  0x249 (585)
        247  RIGHT_NUM       0x444 (1092)
        248  STOP            0x0 (0)
        249  LEFT_RETURN     0x0 (0)
        24a  GOTO_NE         0xf5 (245)
        24b                  0x24e (590)
        24c  RIGHT_NUM       0x445 (1093)
        24d  STOP            0x0 (0)
        24e  LEFT_RETURN     0x0 (0)
        24f  GOTO_NE         0xf6 (246)
        250                  0x253 (595)
        251  RIGHT_NUM       0x446 (1094)
        252  STOP            0x0 (0)
        253  LEFT_RETURN     0x0 (0)
        254  GOTO_NE         0xf7 (247)
        255                  0x258 (600)
        256  RIGHT_NUM       0x447 (1095)
        257  STOP            0x0 (0)
        258  LEFT_RETURN     0x0 (0)
        259  GOTO_NE         0xf8 (248)
        25a                  0x25d (605)
        25b  RIGHT_NUM       0x448 (1096)
        25c  STOP            0x0 (0)
        25d  LEFT_RETURN     0x0 (0)
        25e  GOTO_NE         0xf9 (249)
        25f                  0x262 (610)
        260  RIGHT_NUM       0x449 (1097)
        261  STOP            0x0 (0)
        262  LEFT_RETURN     0x0 (0)
        263  GOTO_NE         0xfa (250)
        264                  0x267 (615)
        265  RIGHT_NUM       0x44a (1098)
        266  STOP            0x0 (0)
        267  LEFT_RETURN     0x0 (0)
        268  GOTO_NE         0xfb (251)
        269                  0x26c (620)
        26a  RIGHT_NUM       0x44b (1099)
        26b  STOP            0x0 (0)
        26c  LEFT_RETURN     0x0 (0)
        26d  GOTO_NE         0xfc (252)
        26e                  0x271 (625)
        26f  RIGHT_NUM       0x44c (1100)
        270  STOP            0x0 (0)
        271  LEFT_RETURN     0x0 (0)
        272  GOTO_NE         0xfd (253)
        273                  0x276 (630)
        274  RIGHT_NUM       0x44d (1101)
        275  STOP            0x0 (0)
        276  LEFT_RETURN     0x0 (0)
        277  GOTO_NE         0xfe (254)
        278                  0x27b (635)
        279  RIGHT_NUM       0x44e (1102)
        27a  STOP            0x0 (0)
        27b  LEFT_RETURN     0x0 (0)
        27c  GOTO_NE         0xff (255)
        27d                  0x280 (640)
        27e  RIGHT_NUM       0xa4 (164)
        27f  STOP            0x0 (0)
        280  LEFT_RETURN     0x0 (0)
        281  GOTO_NE         0x2d (45,`-')
        282                  0x28b (651)
        283  GOTO_NO_ADVANCE 0x28b (651)
        284  GOTO_NE         0x2d (45,`-')
        285                  0x28b (651)
        286  GOTO_NO_ADVANCE 0x28b (651)
        287  GOTO_NE         0x2d (45,`-')
        288                  0x28b (651)
        289  RIGHT_NUM       0x2014 (8212)
        28a  STOP            0x0 (0)
        28b  LEFT_RETURN     0x0 (0)
        28c  GOTO_NE         0x2d (45,`-')
        28d                  0x293 (659)
        28e  GOTO_NO_ADVANCE 0x293 (659)
        28f  GOTO_NE         0x2d (45,`-')
        290                  0x293 (659)
        291  RIGHT_NUM       0x2013 (8211)
        292  STOP            0x0 (0)
        293  LEFT_RETURN     0x0 (0)
        294  RIGHT_CHAR      0x1 (1)
        295  STOP            0x0 (0)
        296  LEFT_RETURN     0x0 (0)
        297  RIGHT_CHAR      0x1 (1)
        298  STOP            0x0 (0)
