ctp_length     : 462
ctp_input      : 1
ctp_output     : 2
ctp_no_tables  : 0
ctp_room_tables: 0
ctp_no_states  : 1
ctp_room_states: 454

State 0: 454 entries

          0  LEFT_START      0x0 (0)
          1  GOTO_NE         0x2d (45,`-')
          2                  0xb (11)
          3  GOTO_NO_ADVANCE 0xb (11)
          4  GOTO_NE         0x2d (45,`-')
          5                  0xb (11)
          6  GOTO_NO_ADVANCE 0xb (11)
          7  GOTO_NE         0x2d (45,`-')
          8                  0xb (11)
          9  RIGHT_NUM       0x2014 (8212)
          a  STOP            0x0 (0)
          b  LEFT_RETURN     0x0 (0)
          c  GOTO_NE         0x2d (45,`-')
          d                  0x13 (19)
          e  GOTO_NO_ADVANCE 0x13 (19)
          f  GOTO_NE         0x2d (45,`-')
         10                  0x13 (19)
         11  RIGHT_NUM       0x2013 (8211)
         12  STOP            0x0 (0)
         13  LEFT_RETURN     0x0 (0)
         14  GOTO_NE         0x60 (96,``')
         15                  0x34 (52,`4')
         16  GOTO_NO_ADVANCE 0x34 (52,`4')
         17  GOTO_NE         0x60 (96,``')
         18                  0x34 (52,`4')
         19  RIGHT_NUM       0x5c (92,`\')
         1a  RIGHT_NUM       0x4c (76,`L')
         1b  RIGHT_NUM       0x65 (101,`e')
         1c  RIGHT_NUM       0x66 (102,`f')
         1d  RIGHT_NUM       0x74 (116,`t')
         1e  RIGHT_NUM       0x44 (68,`D')
         1f  RIGHT_NUM       0x6f (111,`o')
         20  RIGHT_NUM       0x75 (117,`u')
         21  RIGHT_NUM       0x62 (98,`b')
         22  RIGHT_NUM       0x6c (108,`l')
         23  RIGHT_NUM       0x65 (101,`e')
         24  RIGHT_NUM       0x51 (81,`Q')
         25  RIGHT_NUM       0x75 (117,`u')
         26  RIGHT_NUM       0x6f (111,`o')
         27  RIGHT_NUM       0x74 (116,`t')
         28  RIGHT_NUM       0x61 (97,`a')
         29  RIGHT_NUM       0x74 (116,`t')
         2a  RIGHT_NUM       0x69 (105,`i')
         2b  RIGHT_NUM       0x6f (111,`o')
         2c  RIGHT_NUM       0x6e (110,`n')
         2d  RIGHT_NUM       0x4d (77,`M')
         2e  RIGHT_NUM       0x61 (97,`a')
         2f  RIGHT_NUM       0x72 (114,`r')
         30  RIGHT_NUM       0x6b (107,`k')
         31  RIGHT_NUM       0x7b (123,`{')
         32  RIGHT_NUM       0x7d (125,`}')
         33  STOP            0x0 (0)
         34  LEFT_RETURN     0x0 (0)
         35  GOTO_NE         0x60 (96,``')
         36                  0x39 (57,`9')
         37  RIGHT_NUM       0x2018 (8216)
         38  STOP            0x0 (0)
         39  LEFT_RETURN     0x0 (0)
         3a  GOTO_NE         0x27 (39,`'')
         3b                  0x5b (91,`[')
         3c  GOTO_NO_ADVANCE 0x5b (91,`[')
         3d  GOTO_NE         0x27 (39,`'')
         3e                  0x5b (91,`[')
         3f  RIGHT_NUM       0x5c (92,`\')
         40  RIGHT_NUM       0x52 (82,`R')
         41  RIGHT_NUM       0x69 (105,`i')
         42  RIGHT_NUM       0x67 (103,`g')
         43  RIGHT_NUM       0x68 (104,`h')
         44  RIGHT_NUM       0x74 (116,`t')
         45  RIGHT_NUM       0x44 (68,`D')
         46  RIGHT_NUM       0x6f (111,`o')
         47  RIGHT_NUM       0x75 (117,`u')
         48  RIGHT_NUM       0x62 (98,`b')
         49  RIGHT_NUM       0x6c (108,`l')
         4a  RIGHT_NUM       0x65 (101,`e')
         4b  RIGHT_NUM       0x51 (81,`Q')
         4c  RIGHT_NUM       0x75 (117,`u')
         4d  RIGHT_NUM       0x6f (111,`o')
         4e  RIGHT_NUM       0x74 (116,`t')
         4f  RIGHT_NUM       0x61 (97,`a')
         50  RIGHT_NUM       0x74 (116,`t')
         51  RIGHT_NUM       0x69 (105,`i')
         52  RIGHT_NUM       0x6f (111,`o')
         53  RIGHT_NUM       0x6e (110,`n')
         54  RIGHT_NUM       0x4d (77,`M')
         55  RIGHT_NUM       0x61 (97,`a')
         56  RIGHT_NUM       0x72 (114,`r')
         57  RIGHT_NUM       0x6b (107,`k')
         58  RIGHT_NUM       0x7b (123,`{')
         59  RIGHT_NUM       0x7d (125,`}')
         5a  STOP            0x0 (0)
         5b  LEFT_RETURN     0x0 (0)
         5c  GOTO_NE         0x27 (39,`'')
         5d                  0x60 (96,``')
         5e  RIGHT_NUM       0x2019 (8217)
         5f  STOP            0x0 (0)
         60  LEFT_RETURN     0x0 (0)
         61  GOTO_NE         0x2c (44,`,')
         62                  0x68 (104,`h')
         63  GOTO_NO_ADVANCE 0x68 (104,`h')
         64  GOTO_NE         0x2c (44,`,')
         65                  0x68 (104,`h')
         66  RIGHT_NUM       0x201e (8222)
         67  STOP            0x0 (0)
         68  LEFT_RETURN     0x0 (0)
         69  GOTO_NE         0x3b (59,`;')
         6a                  0x78 (120,`x')
         6b  RIGHT_NUM       0x5c (92,`\')
         6c  RIGHT_NUM       0x53 (83,`S')
         6d  RIGHT_NUM       0x65 (101,`e')
         6e  RIGHT_NUM       0x6d (109,`m')
         6f  RIGHT_NUM       0x69 (105,`i')
         70  RIGHT_NUM       0x63 (99,`c')
         71  RIGHT_NUM       0x6f (111,`o')
         72  RIGHT_NUM       0x6c (108,`l')
         73  RIGHT_NUM       0x6f (111,`o')
         74  RIGHT_NUM       0x6e (110,`n')
         75  RIGHT_NUM       0x7b (123,`{')
         76  RIGHT_NUM       0x7d (125,`}')
         77  STOP            0x0 (0)
         78  LEFT_RETURN     0x0 (0)
         79  GOTO_NE         0x3a (58,`:')
         7a                  0x84 (132)
         7b  RIGHT_NUM       0x5c (92,`\')
         7c  RIGHT_NUM       0x43 (67,`C')
         7d  RIGHT_NUM       0x6f (111,`o')
         7e  RIGHT_NUM       0x6c (108,`l')
         7f  RIGHT_NUM       0x6f (111,`o')
         80  RIGHT_NUM       0x6e (110,`n')
         81  RIGHT_NUM       0x7b (123,`{')
         82  RIGHT_NUM       0x7d (125,`}')
         83  STOP            0x0 (0)
         84  LEFT_RETURN     0x0 (0)
         85  GOTO_NE         0x3f (63,`?')
         86                  0x97 (151)
         87  RIGHT_NUM       0x5c (92,`\')
         88  RIGHT_NUM       0x51 (81,`Q')
         89  RIGHT_NUM       0x75 (117,`u')
         8a  RIGHT_NUM       0x65 (101,`e')
         8b  RIGHT_NUM       0x73 (115,`s')
         8c  RIGHT_NUM       0x74 (116,`t')
         8d  RIGHT_NUM       0x69 (105,`i')
         8e  RIGHT_NUM       0x6f (111,`o')
         8f  RIGHT_NUM       0x6e (110,`n')
         90  RIGHT_NUM       0x4d (77,`M')
         91  RIGHT_NUM       0x61 (97,`a')
         92  RIGHT_NUM       0x72 (114,`r')
         93  RIGHT_NUM       0x6b (107,`k')
         94  RIGHT_NUM       0x7b (123,`{')
         95  RIGHT_NUM       0x7d (125,`}')
         96  STOP            0x0 (0)
         97  LEFT_RETURN     0x0 (0)
         98  GOTO_NE         0x21 (33,`!')
         99                  0xad (173)
         9a  RIGHT_NUM       0x5c (92,`\')
         9b  RIGHT_NUM       0x45 (69,`E')
         9c  RIGHT_NUM       0x78 (120,`x')
         9d  RIGHT_NUM       0x63 (99,`c')
         9e  RIGHT_NUM       0x6c (108,`l')
         9f  RIGHT_NUM       0x61 (97,`a')
         a0  RIGHT_NUM       0x6d (109,`m')
         a1  RIGHT_NUM       0x61 (97,`a')
         a2  RIGHT_NUM       0x74 (116,`t')
         a3  RIGHT_NUM       0x69 (105,`i')
         a4  RIGHT_NUM       0x6f (111,`o')
         a5  RIGHT_NUM       0x6e (110,`n')
         a6  RIGHT_NUM       0x4d (77,`M')
         a7  RIGHT_NUM       0x61 (97,`a')
         a8  RIGHT_NUM       0x72 (114,`r')
         a9  RIGHT_NUM       0x6b (107,`k')
         aa  RIGHT_NUM       0x7b (123,`{')
         ab  RIGHT_NUM       0x7d (125,`}')
         ac  STOP            0x0 (0)
         ad  LEFT_RETURN     0x0 (0)
         ae  GOTO_NE         0x3c (60,`<')
         af                  0xde (222)
         b0  GOTO_NO_ADVANCE 0xde (222)
         b1  GOTO_NE         0x3c (60,`<')
         b2                  0xde (222)
         b3  GOTO_NO_ADVANCE 0xde (222)
         b4  GOTO_NE         0x20 (32,` ')
         b5                  0xde (222)
         b6  RIGHT_NUM       0x5c (92,`\')
         b7  RIGHT_NUM       0x4c (76,`L')
         b8  RIGHT_NUM       0x65 (101,`e')
         b9  RIGHT_NUM       0x66 (102,`f')
         ba  RIGHT_NUM       0x74 (116,`t')
         bb  RIGHT_NUM       0x50 (80,`P')
         bc  RIGHT_NUM       0x6f (111,`o')
         bd  RIGHT_NUM       0x69 (105,`i')
         be  RIGHT_NUM       0x6e (110,`n')
         bf  RIGHT_NUM       0x74 (116,`t')
         c0  RIGHT_NUM       0x69 (105,`i')
         c1  RIGHT_NUM       0x6e (110,`n')
         c2  RIGHT_NUM       0x67 (103,`g')
         c3  RIGHT_NUM       0x44 (68,`D')
         c4  RIGHT_NUM       0x6f (111,`o')
         c5  RIGHT_NUM       0x75 (117,`u')
         c6  RIGHT_NUM       0x62 (98,`b')
         c7  RIGHT_NUM       0x6c (108,`l')
         c8  RIGHT_NUM       0x65 (101,`e')
         c9  RIGHT_NUM       0x41 (65,`A')
         ca  RIGHT_NUM       0x6e (110,`n')
         cb  RIGHT_NUM       0x67 (103,`g')
         cc  RIGHT_NUM       0x6c (108,`l')
         cd  RIGHT_NUM       0x65 (101,`e')
         ce  RIGHT_NUM       0x51 (81,`Q')
         cf  RIGHT_NUM       0x75 (117,`u')
         d0  RIGHT_NUM       0x6f (111,`o')
         d1  RIGHT_NUM       0x74 (116,`t')
         d2  RIGHT_NUM       0x61 (97,`a')
         d3  RIGHT_NUM       0x74 (116,`t')
         d4  RIGHT_NUM       0x69 (105,`i')
         d5  RIGHT_NUM       0x6f (111,`o')
         d6  RIGHT_NUM       0x6e (110,`n')
         d7  RIGHT_NUM       0x4d (77,`M')
         d8  RIGHT_NUM       0x61 (97,`a')
         d9  RIGHT_NUM       0x72 (114,`r')
         da  RIGHT_NUM       0x6b (107,`k')
         db  RIGHT_NUM       0x7b (123,`{')
         dc  RIGHT_NUM       0x7d (125,`}')
         dd  STOP            0x0 (0)
         de  LEFT_RETURN     0x0 (0)
         df  GOTO_NE         0xab (171)
         e0                  0x10c (268)
         e1  GOTO_NO_ADVANCE 0x10c (268)
         e2  GOTO_NE         0x20 (32,` ')
         e3                  0x10c (268)
         e4  RIGHT_NUM       0x5c (92,`\')
         e5  RIGHT_NUM       0x4c (76,`L')
         e6  RIGHT_NUM       0x65 (101,`e')
         e7  RIGHT_NUM       0x66 (102,`f')
         e8  RIGHT_NUM       0x74 (116,`t')
         e9  RIGHT_NUM       0x50 (80,`P')
         ea  RIGHT_NUM       0x6f (111,`o')
         eb  RIGHT_NUM       0x69 (105,`i')
         ec  RIGHT_NUM       0x6e (110,`n')
         ed  RIGHT_NUM       0x74 (116,`t')
         ee  RIGHT_NUM       0x69 (105,`i')
         ef  RIGHT_NUM       0x6e (110,`n')
         f0  RIGHT_NUM       0x67 (103,`g')
         f1  RIGHT_NUM       0x44 (68,`D')
         f2  RIGHT_NUM       0x6f (111,`o')
         f3  RIGHT_NUM       0x75 (117,`u')
         f4  RIGHT_NUM       0x62 (98,`b')
         f5  RIGHT_NUM       0x6c (108,`l')
         f6  RIGHT_NUM       0x65 (101,`e')
         f7  RIGHT_NUM       0x41 (65,`A')
         f8  RIGHT_NUM       0x6e (110,`n')
         f9  RIGHT_NUM       0x67 (103,`g')
         fa  RIGHT_NUM       0x6c (108,`l')
         fb  RIGHT_NUM       0x65 (101,`e')
         fc  RIGHT_NUM       0x51 (81,`Q')
         fd  RIGHT_NUM       0x75 (117,`u')
         fe  RIGHT_NUM       0x6f (111,`o')
         ff  RIGHT_NUM       0x74 (116,`t')
        100  RIGHT_NUM       0x61 (97,`a')
        101  RIGHT_NUM       0x74 (116,`t')
        102  RIGHT_NUM       0x69 (105,`i')
        103  RIGHT_NUM       0x6f (111,`o')
        104  RIGHT_NUM       0x6e (110,`n')
        105  RIGHT_NUM       0x4d (77,`M')
        106  RIGHT_NUM       0x61 (97,`a')
        107  RIGHT_NUM       0x72 (114,`r')
        108  RIGHT_NUM       0x6b (107,`k')
        109  RIGHT_NUM       0x7b (123,`{')
        10a  RIGHT_NUM       0x7d (125,`}')
        10b  STOP            0x0 (0)
        10c  LEFT_RETURN     0x0 (0)
        10d  GOTO_NE         0x3c (60,`<')
        10e                  0x13a (314)
        10f  GOTO_NO_ADVANCE 0x13a (314)
        110  GOTO_NE         0x3c (60,`<')
        111                  0x13a (314)
        112  RIGHT_NUM       0x5c (92,`\')
        113  RIGHT_NUM       0x4c (76,`L')
        114  RIGHT_NUM       0x65 (101,`e')
        115  RIGHT_NUM       0x66 (102,`f')
        116  RIGHT_NUM       0x74 (116,`t')
        117  RIGHT_NUM       0x50 (80,`P')
        118  RIGHT_NUM       0x6f (111,`o')
        119  RIGHT_NUM       0x69 (105,`i')
        11a  RIGHT_NUM       0x6e (110,`n')
        11b  RIGHT_NUM       0x74 (116,`t')
        11c  RIGHT_NUM       0x69 (105,`i')
        11d  RIGHT_NUM       0x6e (110,`n')
        11e  RIGHT_NUM       0x67 (103,`g')
        11f  RIGHT_NUM       0x44 (68,`D')
        120  RIGHT_NUM       0x6f (111,`o')
        121  RIGHT_NUM       0x75 (117,`u')
        122  RIGHT_NUM       0x62 (98,`b')
        123  RIGHT_NUM       0x6c (108,`l')
        124  RIGHT_NUM       0x65 (101,`e')
        125  RIGHT_NUM       0x41 (65,`A')
        126  RIGHT_NUM       0x6e (110,`n')
        127  RIGHT_NUM       0x67 (103,`g')
        128  RIGHT_NUM       0x6c (108,`l')
        129  RIGHT_NUM       0x65 (101,`e')
        12a  RIGHT_NUM       0x51 (81,`Q')
        12b  RIGHT_NUM       0x75 (117,`u')
        12c  RIGHT_NUM       0x6f (111,`o')
        12d  RIGHT_NUM       0x74 (116,`t')
        12e  RIGHT_NUM       0x61 (97,`a')
        12f  RIGHT_NUM       0x74 (116,`t')
        130  RIGHT_NUM       0x69 (105,`i')
        131  RIGHT_NUM       0x6f (111,`o')
        132  RIGHT_NUM       0x6e (110,`n')
        133  RIGHT_NUM       0x4d (77,`M')
        134  RIGHT_NUM       0x61 (97,`a')
        135  RIGHT_NUM       0x72 (114,`r')
        136  RIGHT_NUM       0x6b (107,`k')
        137  RIGHT_NUM       0x7b (123,`{')
        138  RIGHT_NUM       0x7d (125,`}')
        139  STOP            0x0 (0)
        13a  LEFT_RETURN     0x0 (0)
        13b  GOTO_NE         0x3e (62,`>')
        13c                  0x169 (361)
        13d  GOTO_NO_ADVANCE 0x169 (361)
        13e  GOTO_NE         0x3e (62,`>')
        13f                  0x169 (361)
        140  RIGHT_NUM       0x5c (92,`\')
        141  RIGHT_NUM       0x52 (82,`R')
        142  RIGHT_NUM       0x69 (105,`i')
        143  RIGHT_NUM       0x67 (103,`g')
        144  RIGHT_NUM       0x68 (104,`h')
        145  RIGHT_NUM       0x74 (116,`t')
        146  RIGHT_NUM       0x50 (80,`P')
        147  RIGHT_NUM       0x6f (111,`o')
        148  RIGHT_NUM       0x69 (105,`i')
        149  RIGHT_NUM       0x6e (110,`n')
        14a  RIGHT_NUM       0x74 (116,`t')
        14b  RIGHT_NUM       0x69 (105,`i')
        14c  RIGHT_NUM       0x6e (110,`n')
        14d  RIGHT_NUM       0x67 (103,`g')
        14e  RIGHT_NUM       0x44 (68,`D')
        14f  RIGHT_NUM       0x6f (111,`o')
        150  RIGHT_NUM       0x75 (117,`u')
        151  RIGHT_NUM       0x62 (98,`b')
        152  RIGHT_NUM       0x6c (108,`l')
        153  RIGHT_NUM       0x65 (101,`e')
        154  RIGHT_NUM       0x41 (65,`A')
        155  RIGHT_NUM       0x6e (110,`n')
        156  RIGHT_NUM       0x67 (103,`g')
        157  RIGHT_NUM       0x6c (108,`l')
        158  RIGHT_NUM       0x65 (101,`e')
        159  RIGHT_NUM       0x51 (81,`Q')
        15a  RIGHT_NUM       0x75 (117,`u')
        15b  RIGHT_NUM       0x6f (111,`o')
        15c  RIGHT_NUM       0x74 (116,`t')
        15d  RIGHT_NUM       0x61 (97,`a')
        15e  RIGHT_NUM       0x74 (116,`t')
        15f  RIGHT_NUM       0x69 (105,`i')
        160  RIGHT_NUM       0x6f (111,`o')
        161  RIGHT_NUM       0x6e (110,`n')
        162  RIGHT_NUM       0x4d (77,`M')
        163  RIGHT_NUM       0x61 (97,`a')
        164  RIGHT_NUM       0x72 (114,`r')
        165  RIGHT_NUM       0x6b (107,`k')
        166  RIGHT_NUM       0x7b (123,`{')
        167  RIGHT_NUM       0x7d (125,`}')
        168  STOP            0x0 (0)
        169  LEFT_RETURN     0x0 (0)
        16a  GOTO_NE         0xab (171)
        16b                  0x194 (404)
        16c  RIGHT_NUM       0x5c (92,`\')
        16d  RIGHT_NUM       0x4c (76,`L')
        16e  RIGHT_NUM       0x65 (101,`e')
        16f  RIGHT_NUM       0x66 (102,`f')
        170  RIGHT_NUM       0x74 (116,`t')
        171  RIGHT_NUM       0x50 (80,`P')
        172  RIGHT_NUM       0x6f (111,`o')
        173  RIGHT_NUM       0x69 (105,`i')
        174  RIGHT_NUM       0x6e (110,`n')
        175  RIGHT_NUM       0x74 (116,`t')
        176  RIGHT_NUM       0x69 (105,`i')
        177  RIGHT_NUM       0x6e (110,`n')
        178  RIGHT_NUM       0x67 (103,`g')
        179  RIGHT_NUM       0x44 (68,`D')
        17a  RIGHT_NUM       0x6f (111,`o')
        17b  RIGHT_NUM       0x75 (117,`u')
        17c  RIGHT_NUM       0x62 (98,`b')
        17d  RIGHT_NUM       0x6c (108,`l')
        17e  RIGHT_NUM       0x65 (101,`e')
        17f  RIGHT_NUM       0x41 (65,`A')
        180  RIGHT_NUM       0x6e (110,`n')
        181  RIGHT_NUM       0x67 (103,`g')
        182  RIGHT_NUM       0x6c (108,`l')
        183  RIGHT_NUM       0x65 (101,`e')
        184  RIGHT_NUM       0x51 (81,`Q')
        185  RIGHT_NUM       0x75 (117,`u')
        186  RIGHT_NUM       0x6f (111,`o')
        187  RIGHT_NUM       0x74 (116,`t')
        188  RIGHT_NUM       0x61 (97,`a')
        189  RIGHT_NUM       0x74 (116,`t')
        18a  RIGHT_NUM       0x69 (105,`i')
        18b  RIGHT_NUM       0x6f (111,`o')
        18c  RIGHT_NUM       0x6e (110,`n')
        18d  RIGHT_NUM       0x4d (77,`M')
        18e  RIGHT_NUM       0x61 (97,`a')
        18f  RIGHT_NUM       0x72 (114,`r')
        190  RIGHT_NUM       0x6b (107,`k')
        191  RIGHT_NUM       0x7b (123,`{')
        192  RIGHT_NUM       0x7d (125,`}')
        193  STOP            0x0 (0)
        194  LEFT_RETURN     0x0 (0)
        195  GOTO_NE         0xbb (187)
        196                  0x1c0 (448)
        197  RIGHT_NUM       0x5c (92,`\')
        198  RIGHT_NUM       0x52 (82,`R')
        199  RIGHT_NUM       0x69 (105,`i')
        19a  RIGHT_NUM       0x67 (103,`g')
        19b  RIGHT_NUM       0x68 (104,`h')
        19c  RIGHT_NUM       0x74 (116,`t')
        19d  RIGHT_NUM       0x50 (80,`P')
        19e  RIGHT_NUM       0x6f (111,`o')
        19f  RIGHT_NUM       0x69 (105,`i')
        1a0  RIGHT_NUM       0x6e (110,`n')
        1a1  RIGHT_NUM       0x74 (116,`t')
        1a2  RIGHT_NUM       0x69 (105,`i')
        1a3  RIGHT_NUM       0x6e (110,`n')
        1a4  RIGHT_NUM       0x67 (103,`g')
        1a5  RIGHT_NUM       0x44 (68,`D')
        1a6  RIGHT_NUM       0x6f (111,`o')
        1a7  RIGHT_NUM       0x75 (117,`u')
        1a8  RIGHT_NUM       0x62 (98,`b')
        1a9  RIGHT_NUM       0x6c (108,`l')
        1aa  RIGHT_NUM       0x65 (101,`e')
        1ab  RIGHT_NUM       0x41 (65,`A')
        1ac  RIGHT_NUM       0x6e (110,`n')
        1ad  RIGHT_NUM       0x67 (103,`g')
        1ae  RIGHT_NUM       0x6c (108,`l')
        1af  RIGHT_NUM       0x65 (101,`e')
        1b0  RIGHT_NUM       0x51 (81,`Q')
        1b1  RIGHT_NUM       0x75 (117,`u')
        1b2  RIGHT_NUM       0x6f (111,`o')
        1b3  RIGHT_NUM       0x74 (116,`t')
        1b4  RIGHT_NUM       0x61 (97,`a')
        1b5  RIGHT_NUM       0x74 (116,`t')
        1b6  RIGHT_NUM       0x69 (105,`i')
        1b7  RIGHT_NUM       0x6f (111,`o')
        1b8  RIGHT_NUM       0x6e (110,`n')
        1b9  RIGHT_NUM       0x4d (77,`M')
        1ba  RIGHT_NUM       0x61 (97,`a')
        1bb  RIGHT_NUM       0x72 (114,`r')
        1bc  RIGHT_NUM       0x6b (107,`k')
        1bd  RIGHT_NUM       0x7b (123,`{')
        1be  RIGHT_NUM       0x7d (125,`}')
        1bf  STOP            0x0 (0)
        1c0  LEFT_RETURN     0x0 (0)
        1c1  RIGHT_CHAR      0x1 (1)
        1c2  STOP            0x0 (0)
        1c3  LEFT_RETURN     0x0 (0)
        1c4  RIGHT_CHAR      0x1 (1)
        1c5  STOP            0x0 (0)
