ctp_length     : 566
ctp_input      : 2
ctp_output     : 2
ctp_no_tables  : 0
ctp_room_tables: 0
ctp_no_states  : 1
ctp_room_states: 558

State 0: 558 entries

          0  LEFT_START      0x0 (0)
          1  GOTO_NE         0x66 (102,`f')
          2                  0xb (11)
          3  GOTO_NO_ADVANCE 0xb (11)
          4  GOTO_NE         0x66 (102,`f')
          5                  0xb (11)
          6  GOTO_NO_ADVANCE 0xb (11)
          7  GOTO_NE         0x69 (105,`i')
          8                  0xb (11)
          9  RIGHT_NUM       0x223 (547)
          a  STOP            0x0 (0)
          b  LEFT_RETURN     0x0 (0)
          c  GOTO_NE         0x66 (102,`f')
          d                  0x16 (22)
          e  GOTO_NO_ADVANCE 0x16 (22)
          f  GOTO_NE         0x66 (102,`f')
         10                  0x16 (22)
         11  GOTO_NO_ADVANCE 0x16 (22)
         12  GOTO_NE         0x6c (108,`l')
         13                  0x16 (22)
         14  RIGHT_NUM       0x224 (548)
         15  STOP            0x0 (0)
         16  LEFT_RETURN     0x0 (0)
         17  GOTO_NE         0x66 (102,`f')
         18                  0x21 (33,`!')
         19  GOTO_NO_ADVANCE 0x21 (33,`!')
         1a  GOTO_NE         0x66 (102,`f')
         1b                  0x21 (33,`!')
         1c  GOTO_NO_ADVANCE 0x21 (33,`!')
         1d  GOTO_NE         0x6a (106,`j')
         1e                  0x21 (33,`!')
         1f  RIGHT_NUM       0x22a (554)
         20  STOP            0x0 (0)
         21  LEFT_RETURN     0x0 (0)
         22  GOTO_NE         0x66 (102,`f')
         23                  0x2c (44,`,')
         24  GOTO_NO_ADVANCE 0x2c (44,`,')
         25  GOTO_NE         0x66 (102,`f')
         26                  0x2c (44,`,')
         27  GOTO_NO_ADVANCE 0x2c (44,`,')
         28  GOTO_NE         0x12f (303)
         29                  0x2c (44,`,')
         2a  RIGHT_NUM       0x226 (550)
         2b  STOP            0x0 (0)
         2c  LEFT_RETURN     0x0 (0)
         2d  GOTO_NE         0x66 (102,`f')
         2e                  0x37 (55,`7')
         2f  GOTO_NO_ADVANCE 0x37 (55,`7')
         30  GOTO_NE         0x66 (102,`f')
         31                  0x37 (55,`7')
         32  GOTO_NO_ADVANCE 0x37 (55,`7')
         33  GOTO_NE         0x142 (322)
         34                  0x37 (55,`7')
         35  RIGHT_NUM       0x228 (552)
         36  STOP            0x0 (0)
         37  LEFT_RETURN     0x0 (0)
         38  GOTO_NE         0x66 (102,`f')
         39                  0x42 (66,`B')
         3a  GOTO_NO_ADVANCE 0x42 (66,`B')
         3b  GOTO_NE         0x66 (102,`f')
         3c                  0x42 (66,`B')
         3d  GOTO_NO_ADVANCE 0x42 (66,`B')
         3e  GOTO_NE         0x13a (314)
         3f                  0x42 (66,`B')
         40  RIGHT_NUM       0x22e (558)
         41  STOP            0x0 (0)
         42  LEFT_RETURN     0x0 (0)
         43  GOTO_NE         0x66 (102,`f')
         44                  0x4d (77,`M')
         45  GOTO_NO_ADVANCE 0x4d (77,`M')
         46  GOTO_NE         0x66 (102,`f')
         47                  0x4d (77,`M')
         48  GOTO_NO_ADVANCE 0x4d (77,`M')
         49  GOTO_NE         0x13c (316)
         4a                  0x4d (77,`M')
         4b  RIGHT_NUM       0x230 (560)
         4c  STOP            0x0 (0)
         4d  LEFT_RETURN     0x0 (0)
         4e  GOTO_NE         0x66 (102,`f')
         4f                  0x58 (88,`X')
         50  GOTO_NO_ADVANCE 0x58 (88,`X')
         51  GOTO_NE         0x66 (102,`f')
         52                  0x58 (88,`X')
         53  GOTO_NO_ADVANCE 0x58 (88,`X')
         54  GOTO_NE         0x13e (318)
         55                  0x58 (88,`X')
         56  RIGHT_NUM       0x232 (562)
         57  STOP            0x0 (0)
         58  LEFT_RETURN     0x0 (0)
         59  GOTO_NE         0x66 (102,`f')
         5a                  0x63 (99,`c')
         5b  GOTO_NO_ADVANCE 0x63 (99,`c')
         5c  GOTO_NE         0x66 (102,`f')
         5d                  0x63 (99,`c')
         5e  GOTO_NO_ADVANCE 0x63 (99,`c')
         5f  GOTO_NE         0x140 (320)
         60                  0x63 (99,`c')
         61  RIGHT_NUM       0x234 (564)
         62  STOP            0x0 (0)
         63  LEFT_RETURN     0x0 (0)
         64  GOTO_NE         0x66 (102,`f')
         65                  0x6b (107,`k')
         66  GOTO_NO_ADVANCE 0x6b (107,`k')
         67  GOTO_NE         0x66 (102,`f')
         68                  0x6b (107,`k')
         69  RIGHT_NUM       0x220 (544)
         6a  STOP            0x0 (0)
         6b  LEFT_RETURN     0x0 (0)
         6c  GOTO_NE         0x66 (102,`f')
         6d                  0x73 (115,`s')
         6e  GOTO_NO_ADVANCE 0x73 (115,`s')
         6f  GOTO_NE         0x69 (105,`i')
         70                  0x73 (115,`s')
         71  RIGHT_NUM       0x221 (545)
         72  STOP            0x0 (0)
         73  LEFT_RETURN     0x0 (0)
         74  GOTO_NE         0x66 (102,`f')
         75                  0x7b (123,`{')
         76  GOTO_NO_ADVANCE 0x7b (123,`{')
         77  GOTO_NE         0x6c (108,`l')
         78                  0x7b (123,`{')
         79  RIGHT_NUM       0x222 (546)
         7a  STOP            0x0 (0)
         7b  LEFT_RETURN     0x0 (0)
         7c  GOTO_NE         0x66 (102,`f')
         7d                  0x83 (131)
         7e  GOTO_NO_ADVANCE 0x83 (131)
         7f  GOTO_NE         0x6a (106,`j')
         80                  0x83 (131)
         81  RIGHT_NUM       0x229 (553)
         82  STOP            0x0 (0)
         83  LEFT_RETURN     0x0 (0)
         84  GOTO_NE         0x66 (102,`f')
         85                  0x8b (139)
         86  GOTO_NO_ADVANCE 0x8b (139)
         87  GOTO_NE         0x12f (303)
         88                  0x8b (139)
         89  RIGHT_NUM       0x225 (549)
         8a  STOP            0x0 (0)
         8b  LEFT_RETURN     0x0 (0)
         8c  GOTO_NE         0x66 (102,`f')
         8d                  0x93 (147)
         8e  GOTO_NO_ADVANCE 0x93 (147)
         8f  GOTO_NE         0x142 (322)
         90                  0x93 (147)
         91  RIGHT_NUM       0x227 (551)
         92  STOP            0x0 (0)
         93  LEFT_RETURN     0x0 (0)
         94  GOTO_NE         0x66 (102,`f')
         95                  0x9b (155)
         96  GOTO_NO_ADVANCE 0x9b (155)
         97  GOTO_NE         0x13a (314)
         98                  0x9b (155)
         99  RIGHT_NUM       0x22d (557)
         9a  STOP            0x0 (0)
         9b  LEFT_RETURN     0x0 (0)
         9c  GOTO_NE         0x66 (102,`f')
         9d                  0xa3 (163)
         9e  GOTO_NO_ADVANCE 0xa3 (163)
         9f  GOTO_NE         0x13c (316)
         a0                  0xa3 (163)
         a1  RIGHT_NUM       0x22f (559)
         a2  STOP            0x0 (0)
         a3  LEFT_RETURN     0x0 (0)
         a4  GOTO_NE         0x66 (102,`f')
         a5                  0xab (171)
         a6  GOTO_NO_ADVANCE 0xab (171)
         a7  GOTO_NE         0x13e (318)
         a8                  0xab (171)
         a9  RIGHT_NUM       0x231 (561)
         aa  STOP            0x0 (0)
         ab  LEFT_RETURN     0x0 (0)
         ac  GOTO_NE         0x66 (102,`f')
         ad                  0xb3 (179)
         ae  GOTO_NO_ADVANCE 0xb3 (179)
         af  GOTO_NE         0x140 (320)
         b0                  0xb3 (179)
         b1  RIGHT_NUM       0x233 (563)
         b2  STOP            0x0 (0)
         b3  LEFT_RETURN     0x0 (0)
         b4  GOTO_NE         0x17f (383)
         b5                  0xbe (190)
         b6  GOTO_NO_ADVANCE 0xbe (190)
         b7  GOTO_NE         0x17f (383)
         b8                  0xbe (190)
         b9  GOTO_NO_ADVANCE 0xbe (190)
         ba  GOTO_NE         0x69 (105,`i')
         bb                  0xbe (190)
         bc  RIGHT_NUM       0x238 (568)
         bd  STOP            0x0 (0)
         be  LEFT_RETURN     0x0 (0)
         bf  GOTO_NE         0x17f (383)
         c0                  0xc9 (201)
         c1  GOTO_NO_ADVANCE 0xc9 (201)
         c2  GOTO_NE         0x17f (383)
         c3                  0xc9 (201)
         c4  GOTO_NO_ADVANCE 0xc9 (201)
         c5  GOTO_NE         0x6c (108,`l')
         c6                  0xc9 (201)
         c7  RIGHT_NUM       0x239 (569)
         c8  STOP            0x0 (0)
         c9  LEFT_RETURN     0x0 (0)
         ca  GOTO_NE         0x17f (383)
         cb                  0xd1 (209)
         cc  GOTO_NO_ADVANCE 0xd1 (209)
         cd  GOTO_NE         0x17f (383)
         ce                  0xd1 (209)
         cf  RIGHT_NUM       0x235 (565)
         d0  STOP            0x0 (0)
         d1  LEFT_RETURN     0x0 (0)
         d2  GOTO_NE         0x17f (383)
         d3                  0xd9 (217)
         d4  GOTO_NO_ADVANCE 0xd9 (217)
         d5  GOTO_NE         0x69 (105,`i')
         d6                  0xd9 (217)
         d7  RIGHT_NUM       0x236 (566)
         d8  STOP            0x0 (0)
         d9  LEFT_RETURN     0x0 (0)
         da  GOTO_NE         0x17f (383)
         db                  0xe1 (225)
         dc  GOTO_NO_ADVANCE 0xe1 (225)
         dd  GOTO_NE         0x6c (108,`l')
         de                  0xe1 (225)
         df  RIGHT_NUM       0x237 (567)
         e0  STOP            0x0 (0)
         e1  LEFT_RETURN     0x0 (0)
         e2  GOTO_NE         0xc4e (3150)
         e3                  0xe5 (229)
         e4  GOTO            0xe7 (231)
         e5  GOTO_NE         0xc4c (3148)
         e6                  0xf4 (244)
         e7  GOTO_NO_ADVANCE 0xf4 (244)
         e8  GOTO_NE         0xc45 (3141)
         e9                  0xeb (235)
         ea  GOTO            0xed (237)
         eb  GOTO_NE         0xc4f (3151)
         ec                  0xf4 (244)
         ed  GOTO_NO_ADVANCE 0xf4 (244)
         ee  GOTO_NE         0xc4e (3150)
         ef                  0xf4 (244)
         f0  PUSH_CHAR       0x1 (1)
         f1  RIGHT_OUTPUT    0x0 (0)
         f2  RIGHT_NUM       0xc82 (3202)
         f3  STOP            0x0 (0)
         f4  LEFT_RETURN     0x0 (0)
         f5  GOTO_NE         0xc4e (3150)
         f6                  0xf8 (248)
         f7  GOTO            0xfa (250)
         f8  GOTO_NE         0xc4c (3148)
         f9                  0x101 (257)
         fa  GOTO_NO_ADVANCE 0x101 (257)
         fb  GOTO_NE         0xc4e (3150)
         fc                  0x101 (257)
         fd  PUSH_CHAR       0x1 (1)
         fe  RIGHT_OUTPUT    0x0 (0)
         ff  RIGHT_NUM       0xc82 (3202)
        100  STOP            0x0 (0)
        101  LEFT_RETURN     0x0 (0)
        102  GOTO_NE         0xc4e (3150)
        103                  0x105 (261)
        104  GOTO            0x107 (263)
        105  GOTO_NE         0xc4c (3148)
        106                  0x114 (276)
        107  GOTO_NO_ADVANCE 0x114 (276)
        108  GOTO_NE         0xc45 (3141)
        109                  0x10b (267)
        10a  GOTO            0x10d (269)
        10b  GOTO_NE         0xc4f (3151)
        10c                  0x114 (276)
        10d  GOTO_NO_ADVANCE 0x114 (276)
        10e  GOTO_NE         0xc4c (3148)
        10f                  0x114 (276)
        110  PUSH_CHAR       0x1 (1)
        111  RIGHT_OUTPUT    0x0 (0)
        112  RIGHT_NUM       0xc81 (3201)
        113  STOP            0x0 (0)
        114  LEFT_RETURN     0x0 (0)
        115  GOTO_NE         0xc4e (3150)
        116                  0x118 (280)
        117  GOTO            0x11a (282)
        118  GOTO_NE         0xc4c (3148)
        119                  0x121 (289)
        11a  GOTO_NO_ADVANCE 0x121 (289)
        11b  GOTO_NE         0xc4c (3148)
        11c                  0x121 (289)
        11d  PUSH_CHAR       0x1 (1)
        11e  RIGHT_OUTPUT    0x0 (0)
        11f  RIGHT_NUM       0xc81 (3201)
        120  STOP            0x0 (0)
        121  LEFT_RETURN     0x0 (0)
        122  GOTO_NE         0xc4e (3150)
        123                  0x12f (303)
        124  GOTO_NO_ADVANCE 0x12f (303)
        125  GOTO_NE         0xc45 (3141)
        126                  0x128 (296)
        127  GOTO            0x12a (298)
        128  GOTO_NE         0xc4f (3151)
        129                  0x12f (303)
        12a  GOTO_NO_ADVANCE 0x12f (303)
        12b  GOTO_NE         0xc47 (3143)
        12c                  0x12f (303)
        12d  RIGHT_NUM       0xc80 (3200)
        12e  STOP            0x0 (0)
        12f  LEFT_RETURN     0x0 (0)
        130  GOTO_NE         0xc4e (3150)
        131                  0x137 (311)
        132  GOTO_NO_ADVANCE 0x137 (311)
        133  GOTO_NE         0xc47 (3143)
        134                  0x137 (311)
        135  RIGHT_NUM       0xc80 (3200)
        136  STOP            0x0 (0)
        137  LEFT_RETURN     0x0 (0)
        138  GOTO_NE         0xc42 (3138)
        139                  0x145 (325)
        13a  GOTO_NO_ADVANCE 0x145 (325)
        13b  GOTO_NE         0xc45 (3141)
        13c                  0x13e (318)
        13d  GOTO            0x140 (320)
        13e  GOTO_NE         0xc4f (3151)
        13f                  0x145 (325)
        140  GOTO_NO_ADVANCE 0x145 (325)
        141  GOTO_NE         0xc54 (3156)
        142                  0x145 (325)
        143  RIGHT_NUM       0xc83 (3203)
        144  STOP            0x0 (0)
        145  LEFT_RETURN     0x0 (0)
        146  GOTO_NE         0xc42 (3138)
        147                  0x14d (333)
        148  GOTO_NO_ADVANCE 0x14d (333)
        149  GOTO_NE         0xc54 (3156)
        14a                  0x14d (333)
        14b  RIGHT_NUM       0xc83 (3203)
        14c  STOP            0x0 (0)
        14d  LEFT_RETURN     0x0 (0)
        14e  GOTO_NE         0xc43 (3139)
        14f                  0x15b (347)
        150  GOTO_NO_ADVANCE 0x15b (347)
        151  GOTO_NE         0xc45 (3141)
        152                  0x154 (340)
        153  GOTO            0x156 (342)
        154  GOTO_NE         0xc4f (3151)
        155                  0x15b (347)
        156  GOTO_NO_ADVANCE 0x15b (347)
        157  GOTO_NE         0xc54 (3156)
        158                  0x15b (347)
        159  RIGHT_NUM       0xc84 (3204)
        15a  STOP            0x0 (0)
        15b  LEFT_RETURN     0x0 (0)
        15c  GOTO_NE         0xc43 (3139)
        15d                  0x163 (355)
        15e  GOTO_NO_ADVANCE 0x163 (355)
        15f  GOTO_NE         0xc54 (3156)
        160                  0x163 (355)
        161  RIGHT_NUM       0xc84 (3204)
        162  STOP            0x0 (0)
        163  LEFT_RETURN     0x0 (0)
        164  GOTO_NE         0xc47 (3143)
        165                  0x171 (369)
        166  GOTO_NO_ADVANCE 0x171 (369)
        167  GOTO_NE         0xc45 (3141)
        168                  0x16a (362)
        169  GOTO            0x16c (364)
        16a  GOTO_NE         0xc4f (3151)
        16b                  0x171 (369)
        16c  GOTO_NO_ADVANCE 0x171 (369)
        16d  GOTO_NE         0xc54 (3156)
        16e                  0x171 (369)
        16f  RIGHT_NUM       0xc86 (3206)
        170  STOP            0x0 (0)
        171  LEFT_RETURN     0x0 (0)
        172  GOTO_NE         0xc47 (3143)
        173                  0x179 (377)
        174  GOTO_NO_ADVANCE 0x179 (377)
        175  GOTO_NE         0xc54 (3156)
        176                  0x179 (377)
        177  RIGHT_NUM       0xc86 (3206)
        178  STOP            0x0 (0)
        179  LEFT_RETURN     0x0 (0)
        17a  GOTO_NE         0xc4d (3149)
        17b                  0x187 (391)
        17c  GOTO_NO_ADVANCE 0x187 (391)
        17d  GOTO_NE         0xc45 (3141)
        17e                  0x180 (384)
        17f  GOTO            0x182 (386)
        180  GOTO_NE         0xc4f (3151)
        181                  0x187 (391)
        182  GOTO_NO_ADVANCE 0x187 (391)
        183  GOTO_NE         0xc54 (3156)
        184                  0x187 (391)
        185  RIGHT_NUM       0xc87 (3207)
        186  STOP            0x0 (0)
        187  LEFT_RETURN     0x0 (0)
        188  GOTO_NE         0xc4d (3149)
        189                  0x18f (399)
        18a  GOTO_NO_ADVANCE 0x18f (399)
        18b  GOTO_NE         0xc54 (3156)
        18c                  0x18f (399)
        18d  RIGHT_NUM       0xc87 (3207)
        18e  STOP            0x0 (0)
        18f  LEFT_RETURN     0x0 (0)
        190  GOTO_NE         0xc52 (3154)
        191                  0x19d (413)
        192  GOTO_NO_ADVANCE 0x19d (413)
        193  GOTO_NE         0xc45 (3141)
        194                  0x196 (406)
        195  GOTO            0x198 (408)
        196  GOTO_NE         0xc4f (3151)
        197                  0x19d (413)
        198  GOTO_NO_ADVANCE 0x19d (413)
        199  GOTO_NE         0xc54 (3156)
        19a                  0x19d (413)
        19b  RIGHT_NUM       0xc88 (3208)
        19c  STOP            0x0 (0)
        19d  LEFT_RETURN     0x0 (0)
        19e  GOTO_NE         0xc52 (3154)
        19f                  0x1a5 (421)
        1a0  GOTO_NO_ADVANCE 0x1a5 (421)
        1a1  GOTO_NE         0xc54 (3156)
        1a2                  0x1a5 (421)
        1a3  RIGHT_NUM       0xc88 (3208)
        1a4  STOP            0x0 (0)
        1a5  LEFT_RETURN     0x0 (0)
        1a6  GOTO_NE         0xc53 (3155)
        1a7                  0x1b3 (435)
        1a8  GOTO_NO_ADVANCE 0x1b3 (435)
        1a9  GOTO_NE         0xc45 (3141)
        1aa                  0x1ac (428)
        1ab  GOTO            0x1ae (430)
        1ac  GOTO_NE         0xc4f (3151)
        1ad                  0x1b3 (435)
        1ae  GOTO_NO_ADVANCE 0x1b3 (435)
        1af  GOTO_NE         0xc54 (3156)
        1b0                  0x1b3 (435)
        1b1  RIGHT_NUM       0xc89 (3209)
        1b2  STOP            0x0 (0)
        1b3  LEFT_RETURN     0x0 (0)
        1b4  GOTO_NE         0xc53 (3155)
        1b5                  0x1bb (443)
        1b6  GOTO_NO_ADVANCE 0x1bb (443)
        1b7  GOTO_NE         0xc54 (3156)
        1b8                  0x1bb (443)
        1b9  RIGHT_NUM       0xc89 (3209)
        1ba  STOP            0x0 (0)
        1bb  LEFT_RETURN     0x0 (0)
        1bc  GOTO_NE         0xc7a (3194)
        1bd                  0x1c9 (457)
        1be  GOTO_NO_ADVANCE 0x1c9 (457)
        1bf  GOTO_NE         0xc45 (3141)
        1c0                  0x1c2 (450)
        1c1  GOTO            0x1c4 (452)
        1c2  GOTO_NE         0xc4f (3151)
        1c3                  0x1c9 (457)
        1c4  GOTO_NO_ADVANCE 0x1c9 (457)
        1c5  GOTO_NE         0xc54 (3156)
        1c6                  0x1c9 (457)
        1c7  RIGHT_NUM       0xc8a (3210)
        1c8  STOP            0x0 (0)
        1c9  LEFT_RETURN     0x0 (0)
        1ca  GOTO_NE         0xc7a (3194)
        1cb                  0x1d1 (465)
        1cc  GOTO_NO_ADVANCE 0x1d1 (465)
        1cd  GOTO_NE         0xc54 (3156)
        1ce                  0x1d1 (465)
        1cf  RIGHT_NUM       0xc8a (3210)
        1d0  STOP            0x0 (0)
        1d1  LEFT_RETURN     0x0 (0)
        1d2  GOTO_LT         0x2010 (8208)
        1d3                  0x1db (475)
        1d4  GOTO_GT         0x2046 (8262)
        1d5                  0x1db (475)
        1d6  PUSH_CHAR       0x1 (1)
        1d7  PUSH_NUM        0x1000 (4096)
        1d8  SUB             0x0 (0)
        1d9  RIGHT_OUTPUT    0x0 (0)
        1da  STOP            0x0 (0)
        1db  LEFT_RETURN     0x0 (0)
        1dc  GOTO_LT         0x1e00 (7680)
        1dd                  0x1e5 (485)
        1de  GOTO_GT         0x1eff (7935)
        1df                  0x1e5 (485)
        1e0  PUSH_CHAR       0x1 (1)
        1e1  PUSH_NUM        0x1800 (6144)
        1e2  SUB             0x0 (0)
        1e3  RIGHT_OUTPUT    0x0 (0)
        1e4  STOP            0x0 (0)
        1e5  LEFT_RETURN     0x0 (0)
        1e6  GOTO_NE         0xf023 (61475)
        1e7                  0x1ea (490)
        1e8  RIGHT_NUM       0x83 (131)
        1e9  STOP            0x0 (0)
        1ea  LEFT_RETURN     0x0 (0)
        1eb  GOTO_NE         0xf024 (61476)
        1ec                  0x1ef (495)
        1ed  RIGHT_NUM       0x84 (132)
        1ee  STOP            0x0 (0)
        1ef  LEFT_RETURN     0x0 (0)
        1f0  GOTO_NE         0xf025 (61477)
        1f1                  0x1f4 (500)
        1f2  RIGHT_NUM       0x85 (133)
        1f3  STOP            0x0 (0)
        1f4  LEFT_RETURN     0x0 (0)
        1f5  GOTO_NE         0xf026 (61478)
        1f6                  0x1f9 (505)
        1f7  RIGHT_NUM       0x86 (134)
        1f8  STOP            0x0 (0)
        1f9  LEFT_RETURN     0x0 (0)
        1fa  GOTO_NE         0xf07b (61563)
        1fb                  0x1fe (510)
        1fc  RIGHT_NUM       0x8b (139)
        1fd  STOP            0x0 (0)
        1fe  LEFT_RETURN     0x0 (0)
        1ff  GOTO_NE         0xf05c (61532)
        200                  0x203 (515)
        201  RIGHT_NUM       0x8c (140)
        202  STOP            0x0 (0)
        203  LEFT_RETURN     0x0 (0)
        204  GOTO_NE         0xf07d (61565)
        205                  0x208 (520)
        206  RIGHT_NUM       0x8d (141)
        207  STOP            0x0 (0)
        208  LEFT_RETURN     0x0 (0)
        209  GOTO_NE         0xf05e (61534)
        20a                  0x20d (525)
        20b  RIGHT_NUM       0x8e (142)
        20c  STOP            0x0 (0)
        20d  LEFT_RETURN     0x0 (0)
        20e  GOTO_NE         0xf05f (61535)
        20f                  0x212 (530)
        210  RIGHT_NUM       0x8f (143)
        211  STOP            0x0 (0)
        212  LEFT_RETURN     0x0 (0)
        213  GOTO_NE         0xf07e (61566)
        214                  0x217 (535)
        215  RIGHT_NUM       0x80 (128)
        216  STOP            0x0 (0)
        217  LEFT_RETURN     0x0 (0)
        218  GOTO_LT         0xf000 (61440)
        219                  0x228 (552)
        21a  GOTO_GT         0xf07f (61567)
        21b                  0x228 (552)
        21c  RIGHT_NUM       0x5c (92,`\')
        21d  RIGHT_NUM       0x73 (115,`s')
        21e  RIGHT_NUM       0x74 (116,`t')
        21f  RIGHT_NUM       0x72 (114,`r')
        220  RIGHT_NUM       0x69 (105,`i')
        221  RIGHT_NUM       0x6e (110,`n')
        222  RIGHT_NUM       0x67 (103,`g')
        223  PUSH_CHAR       0x1 (1)
        224  PUSH_NUM        0xf000 (61440)
        225  SUB             0x0 (0)
        226  RIGHT_OUTPUT    0x0 (0)
        227  STOP            0x0 (0)
        228  LEFT_RETURN     0x0 (0)
        229  RIGHT_CHAR      0x1 (1)
        22a  STOP            0x0 (0)
        22b  LEFT_RETURN     0x0 (0)
        22c  RIGHT_CHAR      0x1 (1)
        22d  STOP            0x0 (0)
