ctp_length     : 12f(303)
ctp_input      :   1(  1)
ctp_output     :   2(  2)
ctp_no_tables  :   0(  0)
ctp_room_tables:   0(  0)
ctp_no_states  :   1(  1)
ctp_room_states: 127(295)

State  0( 0): 127(295) entries

State  0( 0), entry   0(  0): OTP_LEFT_START       0(  0)
State  0( 0), entry   1(  1): OTP_GOTO_NE         2f( 47,`/')
State  0( 0), entry   2(  2):                      8(  8)
State  0( 0), entry   3(  3): OTP_GOTO_NO_ADVANCE  8(  8)
State  0( 0), entry   4(  4): OTP_GOTO_NE         27( 39,`'')
State  0( 0), entry   5(  5):                      8(  8)
State  0( 0), entry   6(  6): OTP_RIGHT_NUM       711(1809)
State  0( 0), entry   7(  7): OTP_STOP             0(  0)
State  0( 0), entry   8(  8): OTP_LEFT_RETURN      0(  0)
State  0( 0), entry   9(  9): OTP_GOTO_NE         2f( 47,`/')
State  0( 0), entry   a( 10):                     10( 16)
State  0( 0), entry   b( 11): OTP_GOTO_NO_ADVANCE 10( 16)
State  0( 0), entry   c( 12): OTP_GOTO_NE         61( 97,`a')
State  0( 0), entry   d( 13):                     10( 16)
State  0( 0), entry   e( 14): OTP_RIGHT_NUM       731(1841)
State  0( 0), entry   f( 15): OTP_STOP             0(  0)
State  0( 0), entry  10( 16): OTP_LEFT_RETURN      0(  0)
State  0( 0), entry  11( 17): OTP_GOTO_NE         2f( 47,`/')
State  0( 0), entry  12( 18):                     18( 24)
State  0( 0), entry  13( 19): OTP_GOTO_NO_ADVANCE 18( 24)
State  0( 0), entry  14( 20): OTP_GOTO_NE         41( 65,`A')
State  0( 0), entry  15( 21):                     18( 24)
State  0( 0), entry  16( 22): OTP_RIGHT_NUM       734(1844)
State  0( 0), entry  17( 23): OTP_STOP             0(  0)
State  0( 0), entry  18( 24): OTP_LEFT_RETURN      0(  0)
State  0( 0), entry  19( 25): OTP_GOTO_NE         2f( 47,`/')
State  0( 0), entry  1a( 26):                     20( 32,` ')
State  0( 0), entry  1b( 27): OTP_GOTO_NO_ADVANCE 20( 32,` ')
State  0( 0), entry  1c( 28): OTP_GOTO_NE         65(101,`e')
State  0( 0), entry  1d( 29):                     20( 32,` ')
State  0( 0), entry  1e( 30): OTP_RIGHT_NUM       737(1847)
State  0( 0), entry  1f( 31): OTP_STOP             0(  0)
State  0( 0), entry  20( 32): OTP_LEFT_RETURN      0(  0)
State  0( 0), entry  21( 33): OTP_GOTO_NE         2f( 47,`/')
State  0( 0), entry  22( 34):                     28( 40,`(')
State  0( 0), entry  23( 35): OTP_GOTO_NO_ADVANCE 28( 40,`(')
State  0( 0), entry  24( 36): OTP_GOTO_NE         69(105,`i')
State  0( 0), entry  25( 37):                     28( 40,`(')
State  0( 0), entry  26( 38): OTP_RIGHT_NUM       73b(1851)
State  0( 0), entry  27( 39): OTP_STOP             0(  0)
State  0( 0), entry  28( 40): OTP_LEFT_RETURN      0(  0)
State  0( 0), entry  29( 41): OTP_GOTO_NE         2f( 47,`/')
State  0( 0), entry  2a( 42):                     30( 48,`0')
State  0( 0), entry  2b( 43): OTP_GOTO_NO_ADVANCE 30( 48,`0')
State  0( 0), entry  2c( 44): OTP_GOTO_NE         75(117,`u')
State  0( 0), entry  2d( 45):                     30( 48,`0')
State  0( 0), entry  2e( 46): OTP_RIGHT_NUM       73e(1854)
State  0( 0), entry  2f( 47): OTP_STOP             0(  0)
State  0( 0), entry  30( 48): OTP_LEFT_RETURN      0(  0)
State  0( 0), entry  31( 49): OTP_GOTO_NE         2e( 46,`.')
State  0( 0), entry  32( 50):                     3b( 59,`;')
State  0( 0), entry  33( 51): OTP_GOTO_NO_ADVANCE 3b( 59,`;')
State  0( 0), entry  34( 52): OTP_GOTO_NE         79(121,`y')
State  0( 0), entry  35( 53):                     3b( 59,`;')
State  0( 0), entry  36( 54): OTP_GOTO_NO_ADVANCE 3b( 59,`;')
State  0( 0), entry  37( 55): OTP_GOTO_NE         68(104,`h')
State  0( 0), entry  38( 56):                     3b( 59,`;')
State  0( 0), entry  39( 57): OTP_RIGHT_NUM       71e(1822)
State  0( 0), entry  3a( 58): OTP_STOP             0(  0)
State  0( 0), entry  3b( 59): OTP_LEFT_RETURN      0(  0)
State  0( 0), entry  3c( 60): OTP_GOTO_NE         2e( 46,`.')
State  0( 0), entry  3d( 61):                     43( 67,`C')
State  0( 0), entry  3e( 62): OTP_GOTO_NO_ADVANCE 43( 67,`C')
State  0( 0), entry  3f( 63): OTP_GOTO_NE         70(112,`p')
State  0( 0), entry  40( 64):                     43( 67,`C')
State  0( 0), entry  41( 65): OTP_RIGHT_NUM       727(1831)
State  0( 0), entry  42( 66): OTP_STOP             0(  0)
State  0( 0), entry  43( 67): OTP_LEFT_RETURN      0(  0)
State  0( 0), entry  44( 68): OTP_GOTO_NE         2e( 46,`.')
State  0( 0), entry  45( 69):                     4b( 75,`K')
State  0( 0), entry  46( 70): OTP_GOTO_NO_ADVANCE 4b( 75,`K')
State  0( 0), entry  47( 71): OTP_GOTO_NE         67(103,`g')
State  0( 0), entry  48( 72):                     4b( 75,`K')
State  0( 0), entry  49( 73): OTP_RIGHT_NUM       714(1812)
State  0( 0), entry  4a( 74): OTP_STOP             0(  0)
State  0( 0), entry  4b( 75): OTP_LEFT_RETURN      0(  0)
State  0( 0), entry  4c( 76): OTP_GOTO_NE         2e( 46,`.')
State  0( 0), entry  4d( 77):                     53( 83,`S')
State  0( 0), entry  4e( 78): OTP_GOTO_NO_ADVANCE 53( 83,`S')
State  0( 0), entry  4f( 79): OTP_GOTO_NE         54( 84,`T')
State  0( 0), entry  50( 80):                     53( 83,`S')
State  0( 0), entry  51( 81): OTP_RIGHT_NUM       71c(1820)
State  0( 0), entry  52( 82): OTP_STOP             0(  0)
State  0( 0), entry  53( 83): OTP_LEFT_RETURN      0(  0)
State  0( 0), entry  54( 84): OTP_GOTO_NE         22( 34,`"')
State  0( 0), entry  55( 85):                     58( 88,`X')
State  0( 0), entry  56( 86): OTP_RIGHT_NUM       74f(1871)
State  0( 0), entry  57( 87): OTP_STOP             0(  0)
State  0( 0), entry  58( 88): OTP_LEFT_RETURN      0(  0)
State  0( 0), entry  59( 89): OTP_GOTO_NE         7a(122,`z')
State  0( 0), entry  5a( 90):                     5d( 93,`]')
State  0( 0), entry  5b( 91): OTP_RIGHT_NUM       719(1817)
State  0( 0), entry  5c( 92): OTP_STOP             0(  0)
State  0( 0), entry  5d( 93): OTP_LEFT_RETURN      0(  0)
State  0( 0), entry  5e( 94): OTP_GOTO_NE         79(121,`y')
State  0( 0), entry  5f( 95):                     62( 98,`b')
State  0( 0), entry  60( 96): OTP_RIGHT_NUM       71d(1821)
State  0( 0), entry  61( 97): OTP_STOP             0(  0)
State  0( 0), entry  62( 98): OTP_LEFT_RETURN      0(  0)
State  0( 0), entry  63( 99): OTP_GOTO_NE         78(120,`x')
State  0( 0), entry  64(100):                     67(103,`g')
State  0( 0), entry  65(101): OTP_RIGHT_NUM       71a(1818)
State  0( 0), entry  66(102): OTP_STOP             0(  0)
State  0( 0), entry  67(103): OTP_LEFT_RETURN      0(  0)
State  0( 0), entry  68(104): OTP_GOTO_NE         77(119,`w')
State  0( 0), entry  69(105):                     6c(108,`l')
State  0( 0), entry  6a(106): OTP_RIGHT_NUM       718(1816)
State  0( 0), entry  6b(107): OTP_STOP             0(  0)
State  0( 0), entry  6c(108): OTP_LEFT_RETURN      0(  0)
State  0( 0), entry  6d(109): OTP_GOTO_NE         76(118,`v')
State  0( 0), entry  6e(110):                     71(113,`q')
State  0( 0), entry  6f(111): OTP_RIGHT_NUM       728(1832)
State  0( 0), entry  70(112): OTP_STOP             0(  0)
State  0( 0), entry  71(113): OTP_LEFT_RETURN      0(  0)
State  0( 0), entry  72(114): OTP_GOTO_NE         75(117,`u')
State  0( 0), entry  73(115):                     79(121,`y')
State  0( 0), entry  74(116): OTP_GOTO_NO_ADVANCE 79(121,`y')
State  0( 0), entry  75(117): OTP_GOTO_NE         75(117,`u')
State  0( 0), entry  76(118):                     79(121,`y')
State  0( 0), entry  77(119): OTP_RIGHT_NUM       718(1816)
State  0( 0), entry  78(120): OTP_STOP             0(  0)
State  0( 0), entry  79(121): OTP_LEFT_RETURN      0(  0)
State  0( 0), entry  7a(122): OTP_GOTO_NE         75(117,`u')
State  0( 0), entry  7b(123):                     7e(126,`~')
State  0( 0), entry  7c(124): OTP_RIGHT_NUM       73d(1853)
State  0( 0), entry  7d(125): OTP_STOP             0(  0)
State  0( 0), entry  7e(126): OTP_LEFT_RETURN      0(  0)
State  0( 0), entry  7f(127): OTP_GOTO_NE         74(116,`t')
State  0( 0), entry  80(128):                     83(131)
State  0( 0), entry  81(129): OTP_RIGHT_NUM       72c(1836)
State  0( 0), entry  82(130): OTP_STOP             0(  0)
State  0( 0), entry  83(131): OTP_LEFT_RETURN      0(  0)
State  0( 0), entry  84(132): OTP_GOTO_NE         73(115,`s')
State  0( 0), entry  85(133):                     8b(139)
State  0( 0), entry  86(134): OTP_GOTO_NO_ADVANCE 8b(139)
State  0( 0), entry  87(135): OTP_GOTO_NE         2b( 43,`+')
State  0( 0), entry  88(136):                     8b(139)
State  0( 0), entry  89(137): OTP_RIGHT_NUM       724(1828)
State  0( 0), entry  8a(138): OTP_STOP             0(  0)
State  0( 0), entry  8b(139): OTP_LEFT_RETURN      0(  0)
State  0( 0), entry  8c(140): OTP_GOTO_NE         73(115,`s')
State  0( 0), entry  8d(141):                     90(144)
State  0( 0), entry  8e(142): OTP_RIGHT_NUM       723(1827)
State  0( 0), entry  8f(143): OTP_STOP             0(  0)
State  0( 0), entry  90(144): OTP_LEFT_RETURN      0(  0)
State  0( 0), entry  91(145): OTP_GOTO_NE         72(114,`r')
State  0( 0), entry  92(146):                     95(149)
State  0( 0), entry  93(147): OTP_RIGHT_NUM       72a(1834)
State  0( 0), entry  94(148): OTP_STOP             0(  0)
State  0( 0), entry  95(149): OTP_LEFT_RETURN      0(  0)
State  0( 0), entry  96(150): OTP_GOTO_NE         71(113,`q')
State  0( 0), entry  97(151):                     9a(154)
State  0( 0), entry  98(152): OTP_RIGHT_NUM       729(1833)
State  0( 0), entry  99(153): OTP_STOP             0(  0)
State  0( 0), entry  9a(154): OTP_LEFT_RETURN      0(  0)
State  0( 0), entry  9b(155): OTP_GOTO_NE         70(112,`p')
State  0( 0), entry  9c(156):                     9f(159)
State  0( 0), entry  9d(157): OTP_RIGHT_NUM       726(1830)
State  0( 0), entry  9e(158): OTP_STOP             0(  0)
State  0( 0), entry  9f(159): OTP_LEFT_RETURN      0(  0)
State  0( 0), entry  a0(160): OTP_GOTO_NE         6e(110,`n')
State  0( 0), entry  a1(161):                     a4(164)
State  0( 0), entry  a2(162): OTP_RIGHT_NUM       722(1826)
State  0( 0), entry  a3(163): OTP_STOP             0(  0)
State  0( 0), entry  a4(164): OTP_LEFT_RETURN      0(  0)
State  0( 0), entry  a5(165): OTP_GOTO_NE         6d(109,`m')
State  0( 0), entry  a6(166):                     a9(169)
State  0( 0), entry  a7(167): OTP_RIGHT_NUM       721(1825)
State  0( 0), entry  a8(168): OTP_STOP             0(  0)
State  0( 0), entry  a9(169): OTP_LEFT_RETURN      0(  0)
State  0( 0), entry  aa(170): OTP_GOTO_NE         6c(108,`l')
State  0( 0), entry  ab(171):                     ae(174)
State  0( 0), entry  ac(172): OTP_RIGHT_NUM       720(1824)
State  0( 0), entry  ad(173): OTP_STOP             0(  0)
State  0( 0), entry  ae(174): OTP_LEFT_RETURN      0(  0)
State  0( 0), entry  af(175): OTP_GOTO_NE         6b(107,`k')
State  0( 0), entry  b0(176):                     b3(179)
State  0( 0), entry  b1(177): OTP_RIGHT_NUM       71f(1823)
State  0( 0), entry  b2(178): OTP_STOP             0(  0)
State  0( 0), entry  b3(179): OTP_LEFT_RETURN      0(  0)
State  0( 0), entry  b4(180): OTP_GOTO_NE         69(105,`i')
State  0( 0), entry  b5(181):                     b8(184)
State  0( 0), entry  b6(182): OTP_RIGHT_NUM       73a(1850)
State  0( 0), entry  b7(183): OTP_STOP             0(  0)
State  0( 0), entry  b8(184): OTP_LEFT_RETURN      0(  0)
State  0( 0), entry  b9(185): OTP_GOTO_NE         68(104,`h')
State  0( 0), entry  ba(186):                     bd(189)
State  0( 0), entry  bb(187): OTP_RIGHT_NUM       717(1815)
State  0( 0), entry  bc(188): OTP_STOP             0(  0)
State  0( 0), entry  bd(189): OTP_LEFT_RETURN      0(  0)
State  0( 0), entry  be(190): OTP_GOTO_NE         67(103,`g')
State  0( 0), entry  bf(191):                     c2(194)
State  0( 0), entry  c0(192): OTP_RIGHT_NUM       713(1811)
State  0( 0), entry  c1(193): OTP_STOP             0(  0)
State  0( 0), entry  c2(194): OTP_LEFT_RETURN      0(  0)
State  0( 0), entry  c3(195): OTP_GOTO_NE         65(101,`e')
State  0( 0), entry  c4(196):                     ca(202)
State  0( 0), entry  c5(197): OTP_GOTO_NO_ADVANCE ca(202)
State  0( 0), entry  c6(198): OTP_GOTO_NE         65(101,`e')
State  0( 0), entry  c7(199):                     ca(202)
State  0( 0), entry  c8(200): OTP_RIGHT_NUM       717(1815)
State  0( 0), entry  c9(201): OTP_STOP             0(  0)
State  0( 0), entry  ca(202): OTP_LEFT_RETURN      0(  0)
State  0( 0), entry  cb(203): OTP_GOTO_NE         65(101,`e')
State  0( 0), entry  cc(204):                     cf(207)
State  0( 0), entry  cd(205): OTP_RIGHT_NUM       736(1846)
State  0( 0), entry  ce(206): OTP_STOP             0(  0)
State  0( 0), entry  cf(207): OTP_LEFT_RETURN      0(  0)
State  0( 0), entry  d0(208): OTP_GOTO_NE         64(100,`d')
State  0( 0), entry  d1(209):                     d4(212)
State  0( 0), entry  d2(210): OTP_RIGHT_NUM       715(1813)
State  0( 0), entry  d3(211): OTP_STOP             0(  0)
State  0( 0), entry  d4(212): OTP_LEFT_RETURN      0(  0)
State  0( 0), entry  d5(213): OTP_GOTO_NE         62( 98,`b')
State  0( 0), entry  d6(214):                     d9(217)
State  0( 0), entry  d7(215): OTP_RIGHT_NUM       712(1810)
State  0( 0), entry  d8(216): OTP_STOP             0(  0)
State  0( 0), entry  d9(217): OTP_LEFT_RETURN      0(  0)
State  0( 0), entry  da(218): OTP_GOTO_NE         61( 97,`a')
State  0( 0), entry  db(219):                     de(222)
State  0( 0), entry  dc(220): OTP_RIGHT_NUM       730(1840)
State  0( 0), entry  dd(221): OTP_STOP             0(  0)
State  0( 0), entry  de(222): OTP_LEFT_RETURN      0(  0)
State  0( 0), entry  df(223): OTP_GOTO_NE         60( 96,``')
State  0( 0), entry  e0(224):                     e3(227)
State  0( 0), entry  e1(225): OTP_RIGHT_NUM       725(1829)
State  0( 0), entry  e2(226): OTP_STOP             0(  0)
State  0( 0), entry  e3(227): OTP_LEFT_RETURN      0(  0)
State  0( 0), entry  e4(228): OTP_GOTO_NE         59( 89,`Y')
State  0( 0), entry  e5(229):                     e8(232)
State  0( 0), entry  e6(230): OTP_RIGHT_NUM       728(1832)
State  0( 0), entry  e7(231): OTP_STOP             0(  0)
State  0( 0), entry  e8(232): OTP_LEFT_RETURN      0(  0)
State  0( 0), entry  e9(233): OTP_GOTO_NE         54( 84,`T')
State  0( 0), entry  ea(234):                     ed(237)
State  0( 0), entry  eb(235): OTP_RIGHT_NUM       71b(1819)
State  0( 0), entry  ec(236): OTP_STOP             0(  0)
State  0( 0), entry  ed(237): OTP_LEFT_RETURN      0(  0)
State  0( 0), entry  ee(238): OTP_GOTO_NE         53( 83,`S')
State  0( 0), entry  ef(239):                     f2(242)
State  0( 0), entry  f0(240): OTP_RIGHT_NUM       72b(1835)
State  0( 0), entry  f1(241): OTP_STOP             0(  0)
State  0( 0), entry  f2(242): OTP_LEFT_RETURN      0(  0)
State  0( 0), entry  f3(243): OTP_GOTO_NE         52( 82,`R')
State  0( 0), entry  f4(244):                     f7(247)
State  0( 0), entry  f5(245): OTP_RIGHT_NUM       72f(1839)
State  0( 0), entry  f6(246): OTP_STOP             0(  0)
State  0( 0), entry  f7(247): OTP_LEFT_RETURN      0(  0)
State  0( 0), entry  f8(248): OTP_GOTO_NE         44( 68,`D')
State  0( 0), entry  f9(249):                     fc(252)
State  0( 0), entry  fa(250): OTP_RIGHT_NUM       716(1814)
State  0( 0), entry  fb(251): OTP_STOP             0(  0)
State  0( 0), entry  fc(252): OTP_LEFT_RETURN      0(  0)
State  0( 0), entry  fd(253): OTP_GOTO_NE         41( 65,`A')
State  0( 0), entry  fe(254):                     101(257)
State  0( 0), entry  ff(255): OTP_RIGHT_NUM       733(1843)
State  0( 0), entry 100(256): OTP_STOP             0(  0)
State  0( 0), entry 101(257): OTP_LEFT_RETURN      0(  0)
State  0( 0), entry 102(258): OTP_GOTO_NE         27( 39,`'')
State  0( 0), entry 103(259):                     106(262)
State  0( 0), entry 104(260): OTP_RIGHT_NUM       710(1808)
State  0( 0), entry 105(261): OTP_STOP             0(  0)
State  0( 0), entry 106(262): OTP_LEFT_RETURN      0(  0)
State  0( 0), entry 107(263): OTP_GOTO_NE         2d( 45,`-')
State  0( 0), entry 108(264):                     111(273)
State  0( 0), entry 109(265): OTP_GOTO_NO_ADVANCE 111(273)
State  0( 0), entry 10a(266): OTP_GOTO_NE         2d( 45,`-')
State  0( 0), entry 10b(267):                     111(273)
State  0( 0), entry 10c(268): OTP_GOTO_NO_ADVANCE 111(273)
State  0( 0), entry 10d(269): OTP_GOTO_NE         2d( 45,`-')
State  0( 0), entry 10e(270):                     111(273)
State  0( 0), entry 10f(271): OTP_RIGHT_NUM       2014(8212)
State  0( 0), entry 110(272): OTP_STOP             0(  0)
State  0( 0), entry 111(273): OTP_LEFT_RETURN      0(  0)
State  0( 0), entry 112(274): OTP_GOTO_NE         3c( 60,`<')
State  0( 0), entry 113(275):                     119(281)
State  0( 0), entry 114(276): OTP_GOTO_NO_ADVANCE 119(281)
State  0( 0), entry 115(277): OTP_GOTO_NE         3c( 60,`<')
State  0( 0), entry 116(278):                     119(281)
State  0( 0), entry 117(279): OTP_RIGHT_NUM       ab(171)
State  0( 0), entry 118(280): OTP_STOP             0(  0)
State  0( 0), entry 119(281): OTP_LEFT_RETURN      0(  0)
State  0( 0), entry 11a(282): OTP_GOTO_NE         3e( 62,`>')
State  0( 0), entry 11b(283):                     121(289)
State  0( 0), entry 11c(284): OTP_GOTO_NO_ADVANCE 121(289)
State  0( 0), entry 11d(285): OTP_GOTO_NE         3e( 62,`>')
State  0( 0), entry 11e(286):                     121(289)
State  0( 0), entry 11f(287): OTP_RIGHT_NUM       bb(187)
State  0( 0), entry 120(288): OTP_STOP             0(  0)
State  0( 0), entry 121(289): OTP_LEFT_RETURN      0(  0)
State  0( 0), entry 122(290): OTP_RIGHT_CHAR       1(  1)
State  0( 0), entry 123(291): OTP_STOP             0(  0)
State  0( 0), entry 124(292): OTP_LEFT_RETURN      0(  0)
State  0( 0), entry 125(293): OTP_RIGHT_CHAR       1(  1)
State  0( 0), entry 126(294): OTP_STOP             0(  0)
