ctp_length     : 2a1(673)
ctp_input      :   1(  1)
ctp_output     :   2(  2)
ctp_no_tables  :   0(  0)
ctp_room_tables:   0(  0)
ctp_no_states  :   1(  1)
ctp_room_states: 299(665)

State  0( 0): 299(665) entries

State  0( 0), entry   0(  0): OTP_LEFT_START       0(  0)
State  0( 0), entry   1(  1): OTP_GOTO_NE         80(128)
State  0( 0), entry   2(  2):                      5(  5)
State  0( 0), entry   3(  3): OTP_RIGHT_NUM       410(1040)
State  0( 0), entry   4(  4): OTP_STOP             0(  0)
State  0( 0), entry   5(  5): OTP_LEFT_RETURN      0(  0)
State  0( 0), entry   6(  6): OTP_GOTO_NE         81(129)
State  0( 0), entry   7(  7):                      a( 10)
State  0( 0), entry   8(  8): OTP_RIGHT_NUM       411(1041)
State  0( 0), entry   9(  9): OTP_STOP             0(  0)
State  0( 0), entry   a( 10): OTP_LEFT_RETURN      0(  0)
State  0( 0), entry   b( 11): OTP_GOTO_NE         82(130)
State  0( 0), entry   c( 12):                      f( 15)
State  0( 0), entry   d( 13): OTP_RIGHT_NUM       412(1042)
State  0( 0), entry   e( 14): OTP_STOP             0(  0)
State  0( 0), entry   f( 15): OTP_LEFT_RETURN      0(  0)
State  0( 0), entry  10( 16): OTP_GOTO_NE         83(131)
State  0( 0), entry  11( 17):                     14( 20)
State  0( 0), entry  12( 18): OTP_RIGHT_NUM       413(1043)
State  0( 0), entry  13( 19): OTP_STOP             0(  0)
State  0( 0), entry  14( 20): OTP_LEFT_RETURN      0(  0)
State  0( 0), entry  15( 21): OTP_GOTO_NE         84(132)
State  0( 0), entry  16( 22):                     19( 25)
State  0( 0), entry  17( 23): OTP_RIGHT_NUM       414(1044)
State  0( 0), entry  18( 24): OTP_STOP             0(  0)
State  0( 0), entry  19( 25): OTP_LEFT_RETURN      0(  0)
State  0( 0), entry  1a( 26): OTP_GOTO_NE         85(133)
State  0( 0), entry  1b( 27):                     1e( 30)
State  0( 0), entry  1c( 28): OTP_RIGHT_NUM       415(1045)
State  0( 0), entry  1d( 29): OTP_STOP             0(  0)
State  0( 0), entry  1e( 30): OTP_LEFT_RETURN      0(  0)
State  0( 0), entry  1f( 31): OTP_GOTO_NE         86(134)
State  0( 0), entry  20( 32):                     23( 35,`#')
State  0( 0), entry  21( 33): OTP_RIGHT_NUM       416(1046)
State  0( 0), entry  22( 34): OTP_STOP             0(  0)
State  0( 0), entry  23( 35): OTP_LEFT_RETURN      0(  0)
State  0( 0), entry  24( 36): OTP_GOTO_NE         87(135)
State  0( 0), entry  25( 37):                     28( 40,`(')
State  0( 0), entry  26( 38): OTP_RIGHT_NUM       417(1047)
State  0( 0), entry  27( 39): OTP_STOP             0(  0)
State  0( 0), entry  28( 40): OTP_LEFT_RETURN      0(  0)
State  0( 0), entry  29( 41): OTP_GOTO_NE         88(136)
State  0( 0), entry  2a( 42):                     2d( 45,`-')
State  0( 0), entry  2b( 43): OTP_RIGHT_NUM       418(1048)
State  0( 0), entry  2c( 44): OTP_STOP             0(  0)
State  0( 0), entry  2d( 45): OTP_LEFT_RETURN      0(  0)
State  0( 0), entry  2e( 46): OTP_GOTO_NE         89(137)
State  0( 0), entry  2f( 47):                     32( 50,`2')
State  0( 0), entry  30( 48): OTP_RIGHT_NUM       419(1049)
State  0( 0), entry  31( 49): OTP_STOP             0(  0)
State  0( 0), entry  32( 50): OTP_LEFT_RETURN      0(  0)
State  0( 0), entry  33( 51): OTP_GOTO_NE         8a(138)
State  0( 0), entry  34( 52):                     37( 55,`7')
State  0( 0), entry  35( 53): OTP_RIGHT_NUM       41a(1050)
State  0( 0), entry  36( 54): OTP_STOP             0(  0)
State  0( 0), entry  37( 55): OTP_LEFT_RETURN      0(  0)
State  0( 0), entry  38( 56): OTP_GOTO_NE         8b(139)
State  0( 0), entry  39( 57):                     3c( 60,`<')
State  0( 0), entry  3a( 58): OTP_RIGHT_NUM       41b(1051)
State  0( 0), entry  3b( 59): OTP_STOP             0(  0)
State  0( 0), entry  3c( 60): OTP_LEFT_RETURN      0(  0)
State  0( 0), entry  3d( 61): OTP_GOTO_NE         8c(140)
State  0( 0), entry  3e( 62):                     41( 65,`A')
State  0( 0), entry  3f( 63): OTP_RIGHT_NUM       41c(1052)
State  0( 0), entry  40( 64): OTP_STOP             0(  0)
State  0( 0), entry  41( 65): OTP_LEFT_RETURN      0(  0)
State  0( 0), entry  42( 66): OTP_GOTO_NE         8d(141)
State  0( 0), entry  43( 67):                     46( 70,`F')
State  0( 0), entry  44( 68): OTP_RIGHT_NUM       41d(1053)
State  0( 0), entry  45( 69): OTP_STOP             0(  0)
State  0( 0), entry  46( 70): OTP_LEFT_RETURN      0(  0)
State  0( 0), entry  47( 71): OTP_GOTO_NE         8e(142)
State  0( 0), entry  48( 72):                     4b( 75,`K')
State  0( 0), entry  49( 73): OTP_RIGHT_NUM       41e(1054)
State  0( 0), entry  4a( 74): OTP_STOP             0(  0)
State  0( 0), entry  4b( 75): OTP_LEFT_RETURN      0(  0)
State  0( 0), entry  4c( 76): OTP_GOTO_NE         8f(143)
State  0( 0), entry  4d( 77):                     50( 80,`P')
State  0( 0), entry  4e( 78): OTP_RIGHT_NUM       41f(1055)
State  0( 0), entry  4f( 79): OTP_STOP             0(  0)
State  0( 0), entry  50( 80): OTP_LEFT_RETURN      0(  0)
State  0( 0), entry  51( 81): OTP_GOTO_NE         90(144)
State  0( 0), entry  52( 82):                     55( 85,`U')
State  0( 0), entry  53( 83): OTP_RIGHT_NUM       420(1056)
State  0( 0), entry  54( 84): OTP_STOP             0(  0)
State  0( 0), entry  55( 85): OTP_LEFT_RETURN      0(  0)
State  0( 0), entry  56( 86): OTP_GOTO_NE         91(145)
State  0( 0), entry  57( 87):                     5a( 90,`Z')
State  0( 0), entry  58( 88): OTP_RIGHT_NUM       421(1057)
State  0( 0), entry  59( 89): OTP_STOP             0(  0)
State  0( 0), entry  5a( 90): OTP_LEFT_RETURN      0(  0)
State  0( 0), entry  5b( 91): OTP_GOTO_NE         92(146)
State  0( 0), entry  5c( 92):                     5f( 95,`_')
State  0( 0), entry  5d( 93): OTP_RIGHT_NUM       422(1058)
State  0( 0), entry  5e( 94): OTP_STOP             0(  0)
State  0( 0), entry  5f( 95): OTP_LEFT_RETURN      0(  0)
State  0( 0), entry  60( 96): OTP_GOTO_NE         93(147)
State  0( 0), entry  61( 97):                     64(100,`d')
State  0( 0), entry  62( 98): OTP_RIGHT_NUM       423(1059)
State  0( 0), entry  63( 99): OTP_STOP             0(  0)
State  0( 0), entry  64(100): OTP_LEFT_RETURN      0(  0)
State  0( 0), entry  65(101): OTP_GOTO_NE         94(148)
State  0( 0), entry  66(102):                     69(105,`i')
State  0( 0), entry  67(103): OTP_RIGHT_NUM       424(1060)
State  0( 0), entry  68(104): OTP_STOP             0(  0)
State  0( 0), entry  69(105): OTP_LEFT_RETURN      0(  0)
State  0( 0), entry  6a(106): OTP_GOTO_NE         95(149)
State  0( 0), entry  6b(107):                     6e(110,`n')
State  0( 0), entry  6c(108): OTP_RIGHT_NUM       425(1061)
State  0( 0), entry  6d(109): OTP_STOP             0(  0)
State  0( 0), entry  6e(110): OTP_LEFT_RETURN      0(  0)
State  0( 0), entry  6f(111): OTP_GOTO_NE         96(150)
State  0( 0), entry  70(112):                     73(115,`s')
State  0( 0), entry  71(113): OTP_RIGHT_NUM       426(1062)
State  0( 0), entry  72(114): OTP_STOP             0(  0)
State  0( 0), entry  73(115): OTP_LEFT_RETURN      0(  0)
State  0( 0), entry  74(116): OTP_GOTO_NE         97(151)
State  0( 0), entry  75(117):                     78(120,`x')
State  0( 0), entry  76(118): OTP_RIGHT_NUM       427(1063)
State  0( 0), entry  77(119): OTP_STOP             0(  0)
State  0( 0), entry  78(120): OTP_LEFT_RETURN      0(  0)
State  0( 0), entry  79(121): OTP_GOTO_NE         98(152)
State  0( 0), entry  7a(122):                     7d(125,`}')
State  0( 0), entry  7b(123): OTP_RIGHT_NUM       428(1064)
State  0( 0), entry  7c(124): OTP_STOP             0(  0)
State  0( 0), entry  7d(125): OTP_LEFT_RETURN      0(  0)
State  0( 0), entry  7e(126): OTP_GOTO_NE         99(153)
State  0( 0), entry  7f(127):                     82(130)
State  0( 0), entry  80(128): OTP_RIGHT_NUM       429(1065)
State  0( 0), entry  81(129): OTP_STOP             0(  0)
State  0( 0), entry  82(130): OTP_LEFT_RETURN      0(  0)
State  0( 0), entry  83(131): OTP_GOTO_NE         9a(154)
State  0( 0), entry  84(132):                     87(135)
State  0( 0), entry  85(133): OTP_RIGHT_NUM       42a(1066)
State  0( 0), entry  86(134): OTP_STOP             0(  0)
State  0( 0), entry  87(135): OTP_LEFT_RETURN      0(  0)
State  0( 0), entry  88(136): OTP_GOTO_NE         9b(155)
State  0( 0), entry  89(137):                     8c(140)
State  0( 0), entry  8a(138): OTP_RIGHT_NUM       42b(1067)
State  0( 0), entry  8b(139): OTP_STOP             0(  0)
State  0( 0), entry  8c(140): OTP_LEFT_RETURN      0(  0)
State  0( 0), entry  8d(141): OTP_GOTO_NE         9c(156)
State  0( 0), entry  8e(142):                     91(145)
State  0( 0), entry  8f(143): OTP_RIGHT_NUM       42c(1068)
State  0( 0), entry  90(144): OTP_STOP             0(  0)
State  0( 0), entry  91(145): OTP_LEFT_RETURN      0(  0)
State  0( 0), entry  92(146): OTP_GOTO_NE         9d(157)
State  0( 0), entry  93(147):                     96(150)
State  0( 0), entry  94(148): OTP_RIGHT_NUM       42d(1069)
State  0( 0), entry  95(149): OTP_STOP             0(  0)
State  0( 0), entry  96(150): OTP_LEFT_RETURN      0(  0)
State  0( 0), entry  97(151): OTP_GOTO_NE         9e(158)
State  0( 0), entry  98(152):                     9b(155)
State  0( 0), entry  99(153): OTP_RIGHT_NUM       42e(1070)
State  0( 0), entry  9a(154): OTP_STOP             0(  0)
State  0( 0), entry  9b(155): OTP_LEFT_RETURN      0(  0)
State  0( 0), entry  9c(156): OTP_GOTO_NE         9f(159)
State  0( 0), entry  9d(157):                     a0(160)
State  0( 0), entry  9e(158): OTP_RIGHT_NUM       42f(1071)
State  0( 0), entry  9f(159): OTP_STOP             0(  0)
State  0( 0), entry  a0(160): OTP_LEFT_RETURN      0(  0)
State  0( 0), entry  a1(161): OTP_GOTO_NE         a0(160)
State  0( 0), entry  a2(162):                     a5(165)
State  0( 0), entry  a3(163): OTP_RIGHT_NUM       2020(8224)
State  0( 0), entry  a4(164): OTP_STOP             0(  0)
State  0( 0), entry  a5(165): OTP_LEFT_RETURN      0(  0)
State  0( 0), entry  a6(166): OTP_GOTO_NE         a1(161)
State  0( 0), entry  a7(167):                     aa(170)
State  0( 0), entry  a8(168): OTP_RIGHT_NUM       b0(176)
State  0( 0), entry  a9(169): OTP_STOP             0(  0)
State  0( 0), entry  aa(170): OTP_LEFT_RETURN      0(  0)
State  0( 0), entry  ab(171): OTP_GOTO_NE         a2(162)
State  0( 0), entry  ac(172):                     af(175)
State  0( 0), entry  ad(173): OTP_RIGHT_NUM       a2(162)
State  0( 0), entry  ae(174): OTP_STOP             0(  0)
State  0( 0), entry  af(175): OTP_LEFT_RETURN      0(  0)
State  0( 0), entry  b0(176): OTP_GOTO_NE         a3(163)
State  0( 0), entry  b1(177):                     b4(180)
State  0( 0), entry  b2(178): OTP_RIGHT_NUM       a3(163)
State  0( 0), entry  b3(179): OTP_STOP             0(  0)
State  0( 0), entry  b4(180): OTP_LEFT_RETURN      0(  0)
State  0( 0), entry  b5(181): OTP_GOTO_NE         a4(164)
State  0( 0), entry  b6(182):                     b9(185)
State  0( 0), entry  b7(183): OTP_RIGHT_NUM       a7(167)
State  0( 0), entry  b8(184): OTP_STOP             0(  0)
State  0( 0), entry  b9(185): OTP_LEFT_RETURN      0(  0)
State  0( 0), entry  ba(186): OTP_GOTO_NE         a5(165)
State  0( 0), entry  bb(187):                     be(190)
State  0( 0), entry  bc(188): OTP_RIGHT_NUM       2022(8226)
State  0( 0), entry  bd(189): OTP_STOP             0(  0)
State  0( 0), entry  be(190): OTP_LEFT_RETURN      0(  0)
State  0( 0), entry  bf(191): OTP_GOTO_NE         a6(166)
State  0( 0), entry  c0(192):                     c3(195)
State  0( 0), entry  c1(193): OTP_RIGHT_NUM       b6(182)
State  0( 0), entry  c2(194): OTP_STOP             0(  0)
State  0( 0), entry  c3(195): OTP_LEFT_RETURN      0(  0)
State  0( 0), entry  c4(196): OTP_GOTO_NE         a7(167)
State  0( 0), entry  c5(197):                     c8(200)
State  0( 0), entry  c6(198): OTP_RIGHT_NUM       406(1030)
State  0( 0), entry  c7(199): OTP_STOP             0(  0)
State  0( 0), entry  c8(200): OTP_LEFT_RETURN      0(  0)
State  0( 0), entry  c9(201): OTP_GOTO_NE         a8(168)
State  0( 0), entry  ca(202):                     cd(205)
State  0( 0), entry  cb(203): OTP_RIGHT_NUM       ae(174)
State  0( 0), entry  cc(204): OTP_STOP             0(  0)
State  0( 0), entry  cd(205): OTP_LEFT_RETURN      0(  0)
State  0( 0), entry  ce(206): OTP_GOTO_NE         a9(169)
State  0( 0), entry  cf(207):                     d2(210)
State  0( 0), entry  d0(208): OTP_RIGHT_NUM       a9(169)
State  0( 0), entry  d1(209): OTP_STOP             0(  0)
State  0( 0), entry  d2(210): OTP_LEFT_RETURN      0(  0)
State  0( 0), entry  d3(211): OTP_GOTO_NE         aa(170)
State  0( 0), entry  d4(212):                     d7(215)
State  0( 0), entry  d5(213): OTP_RIGHT_NUM       2122(8482)
State  0( 0), entry  d6(214): OTP_STOP             0(  0)
State  0( 0), entry  d7(215): OTP_LEFT_RETURN      0(  0)
State  0( 0), entry  d8(216): OTP_GOTO_NE         ab(171)
State  0( 0), entry  d9(217):                     dc(220)
State  0( 0), entry  da(218): OTP_RIGHT_NUM       402(1026)
State  0( 0), entry  db(219): OTP_STOP             0(  0)
State  0( 0), entry  dc(220): OTP_LEFT_RETURN      0(  0)
State  0( 0), entry  dd(221): OTP_GOTO_NE         ac(172)
State  0( 0), entry  de(222):                     e1(225)
State  0( 0), entry  df(223): OTP_RIGHT_NUM       452(1106)
State  0( 0), entry  e0(224): OTP_STOP             0(  0)
State  0( 0), entry  e1(225): OTP_LEFT_RETURN      0(  0)
State  0( 0), entry  e2(226): OTP_GOTO_NE         ad(173)
State  0( 0), entry  e3(227):                     e6(230)
State  0( 0), entry  e4(228): OTP_RIGHT_NUM       2260(8800)
State  0( 0), entry  e5(229): OTP_STOP             0(  0)
State  0( 0), entry  e6(230): OTP_LEFT_RETURN      0(  0)
State  0( 0), entry  e7(231): OTP_GOTO_NE         ae(174)
State  0( 0), entry  e8(232):                     eb(235)
State  0( 0), entry  e9(233): OTP_RIGHT_NUM       403(1027)
State  0( 0), entry  ea(234): OTP_STOP             0(  0)
State  0( 0), entry  eb(235): OTP_LEFT_RETURN      0(  0)
State  0( 0), entry  ec(236): OTP_GOTO_NE         af(175)
State  0( 0), entry  ed(237):                     f0(240)
State  0( 0), entry  ee(238): OTP_RIGHT_NUM       453(1107)
State  0( 0), entry  ef(239): OTP_STOP             0(  0)
State  0( 0), entry  f0(240): OTP_LEFT_RETURN      0(  0)
State  0( 0), entry  f1(241): OTP_GOTO_NE         b0(176)
State  0( 0), entry  f2(242):                     f5(245)
State  0( 0), entry  f3(243): OTP_RIGHT_NUM       221e(8734)
State  0( 0), entry  f4(244): OTP_STOP             0(  0)
State  0( 0), entry  f5(245): OTP_LEFT_RETURN      0(  0)
State  0( 0), entry  f6(246): OTP_GOTO_NE         b1(177)
State  0( 0), entry  f7(247):                     fa(250)
State  0( 0), entry  f8(248): OTP_RIGHT_NUM       b1(177)
State  0( 0), entry  f9(249): OTP_STOP             0(  0)
State  0( 0), entry  fa(250): OTP_LEFT_RETURN      0(  0)
State  0( 0), entry  fb(251): OTP_GOTO_NE         b2(178)
State  0( 0), entry  fc(252):                     ff(255)
State  0( 0), entry  fd(253): OTP_RIGHT_NUM       2264(8804)
State  0( 0), entry  fe(254): OTP_STOP             0(  0)
State  0( 0), entry  ff(255): OTP_LEFT_RETURN      0(  0)
State  0( 0), entry 100(256): OTP_GOTO_NE         b3(179)
State  0( 0), entry 101(257):                     104(260)
State  0( 0), entry 102(258): OTP_RIGHT_NUM       2265(8805)
State  0( 0), entry 103(259): OTP_STOP             0(  0)
State  0( 0), entry 104(260): OTP_LEFT_RETURN      0(  0)
State  0( 0), entry 105(261): OTP_GOTO_NE         b4(180)
State  0( 0), entry 106(262):                     109(265)
State  0( 0), entry 107(263): OTP_RIGHT_NUM       a5(165)
State  0( 0), entry 108(264): OTP_STOP             0(  0)
State  0( 0), entry 109(265): OTP_LEFT_RETURN      0(  0)
State  0( 0), entry 10a(266): OTP_GOTO_NE         b5(181)
State  0( 0), entry 10b(267):                     10e(270)
State  0( 0), entry 10c(268): OTP_RIGHT_NUM       b5(181)
State  0( 0), entry 10d(269): OTP_STOP             0(  0)
State  0( 0), entry 10e(270): OTP_LEFT_RETURN      0(  0)
State  0( 0), entry 10f(271): OTP_GOTO_NE         b6(182)
State  0( 0), entry 110(272):                     113(275)
State  0( 0), entry 111(273): OTP_RIGHT_NUM       2202(8706)
State  0( 0), entry 112(274): OTP_STOP             0(  0)
State  0( 0), entry 113(275): OTP_LEFT_RETURN      0(  0)
State  0( 0), entry 114(276): OTP_GOTO_NE         b7(183)
State  0( 0), entry 115(277):                     118(280)
State  0( 0), entry 116(278): OTP_RIGHT_NUM       408(1032)
State  0( 0), entry 117(279): OTP_STOP             0(  0)
State  0( 0), entry 118(280): OTP_LEFT_RETURN      0(  0)
State  0( 0), entry 119(281): OTP_GOTO_NE         b8(184)
State  0( 0), entry 11a(282):                     11d(285)
State  0( 0), entry 11b(283): OTP_RIGHT_NUM       404(1028)
State  0( 0), entry 11c(284): OTP_STOP             0(  0)
State  0( 0), entry 11d(285): OTP_LEFT_RETURN      0(  0)
State  0( 0), entry 11e(286): OTP_GOTO_NE         b9(185)
State  0( 0), entry 11f(287):                     122(290)
State  0( 0), entry 120(288): OTP_RIGHT_NUM       454(1108)
State  0( 0), entry 121(289): OTP_STOP             0(  0)
State  0( 0), entry 122(290): OTP_LEFT_RETURN      0(  0)
State  0( 0), entry 123(291): OTP_GOTO_NE         ba(186)
State  0( 0), entry 124(292):                     127(295)
State  0( 0), entry 125(293): OTP_RIGHT_NUM       407(1031)
State  0( 0), entry 126(294): OTP_STOP             0(  0)
State  0( 0), entry 127(295): OTP_LEFT_RETURN      0(  0)
State  0( 0), entry 128(296): OTP_GOTO_NE         bb(187)
State  0( 0), entry 129(297):                     12c(300)
State  0( 0), entry 12a(298): OTP_RIGHT_NUM       457(1111)
State  0( 0), entry 12b(299): OTP_STOP             0(  0)
State  0( 0), entry 12c(300): OTP_LEFT_RETURN      0(  0)
State  0( 0), entry 12d(301): OTP_GOTO_NE         bc(188)
State  0( 0), entry 12e(302):                     131(305)
State  0( 0), entry 12f(303): OTP_RIGHT_NUM       409(1033)
State  0( 0), entry 130(304): OTP_STOP             0(  0)
State  0( 0), entry 131(305): OTP_LEFT_RETURN      0(  0)
State  0( 0), entry 132(306): OTP_GOTO_NE         bd(189)
State  0( 0), entry 133(307):                     136(310)
State  0( 0), entry 134(308): OTP_RIGHT_NUM       459(1113)
State  0( 0), entry 135(309): OTP_STOP             0(  0)
State  0( 0), entry 136(310): OTP_LEFT_RETURN      0(  0)
State  0( 0), entry 137(311): OTP_GOTO_NE         be(190)
State  0( 0), entry 138(312):                     13b(315)
State  0( 0), entry 139(313): OTP_RIGHT_NUM       40a(1034)
State  0( 0), entry 13a(314): OTP_STOP             0(  0)
State  0( 0), entry 13b(315): OTP_LEFT_RETURN      0(  0)
State  0( 0), entry 13c(316): OTP_GOTO_NE         bf(191)
State  0( 0), entry 13d(317):                     140(320)
State  0( 0), entry 13e(318): OTP_RIGHT_NUM       45a(1114)
State  0( 0), entry 13f(319): OTP_STOP             0(  0)
State  0( 0), entry 140(320): OTP_LEFT_RETURN      0(  0)
State  0( 0), entry 141(321): OTP_GOTO_NE         c0(192)
State  0( 0), entry 142(322):                     145(325)
State  0( 0), entry 143(323): OTP_RIGHT_NUM       458(1112)
State  0( 0), entry 144(324): OTP_STOP             0(  0)
State  0( 0), entry 145(325): OTP_LEFT_RETURN      0(  0)
State  0( 0), entry 146(326): OTP_GOTO_NE         c1(193)
State  0( 0), entry 147(327):                     14a(330)
State  0( 0), entry 148(328): OTP_RIGHT_NUM       405(1029)
State  0( 0), entry 149(329): OTP_STOP             0(  0)
State  0( 0), entry 14a(330): OTP_LEFT_RETURN      0(  0)
State  0( 0), entry 14b(331): OTP_GOTO_NE         c2(194)
State  0( 0), entry 14c(332):                     14f(335)
State  0( 0), entry 14d(333): OTP_RIGHT_NUM       ac(172)
State  0( 0), entry 14e(334): OTP_STOP             0(  0)
State  0( 0), entry 14f(335): OTP_LEFT_RETURN      0(  0)
State  0( 0), entry 150(336): OTP_GOTO_NE         c3(195)
State  0( 0), entry 151(337):                     154(340)
State  0( 0), entry 152(338): OTP_RIGHT_NUM       221a(8730)
State  0( 0), entry 153(339): OTP_STOP             0(  0)
State  0( 0), entry 154(340): OTP_LEFT_RETURN      0(  0)
State  0( 0), entry 155(341): OTP_GOTO_NE         c4(196)
State  0( 0), entry 156(342):                     159(345)
State  0( 0), entry 157(343): OTP_RIGHT_NUM       192(402)
State  0( 0), entry 158(344): OTP_STOP             0(  0)
State  0( 0), entry 159(345): OTP_LEFT_RETURN      0(  0)
State  0( 0), entry 15a(346): OTP_GOTO_NE         c5(197)
State  0( 0), entry 15b(347):                     15e(350)
State  0( 0), entry 15c(348): OTP_RIGHT_NUM       2248(8776)
State  0( 0), entry 15d(349): OTP_STOP             0(  0)
State  0( 0), entry 15e(350): OTP_LEFT_RETURN      0(  0)
State  0( 0), entry 15f(351): OTP_GOTO_NE         c6(198)
State  0( 0), entry 160(352):                     163(355)
State  0( 0), entry 161(353): OTP_RIGHT_NUM       2206(8710)
State  0( 0), entry 162(354): OTP_STOP             0(  0)
State  0( 0), entry 163(355): OTP_LEFT_RETURN      0(  0)
State  0( 0), entry 164(356): OTP_GOTO_NE         c7(199)
State  0( 0), entry 165(357):                     168(360)
State  0( 0), entry 166(358): OTP_RIGHT_NUM       ab(171)
State  0( 0), entry 167(359): OTP_STOP             0(  0)
State  0( 0), entry 168(360): OTP_LEFT_RETURN      0(  0)
State  0( 0), entry 169(361): OTP_GOTO_NE         c8(200)
State  0( 0), entry 16a(362):                     16d(365)
State  0( 0), entry 16b(363): OTP_RIGHT_NUM       bb(187)
State  0( 0), entry 16c(364): OTP_STOP             0(  0)
State  0( 0), entry 16d(365): OTP_LEFT_RETURN      0(  0)
State  0( 0), entry 16e(366): OTP_GOTO_NE         c9(201)
State  0( 0), entry 16f(367):                     172(370)
State  0( 0), entry 170(368): OTP_RIGHT_NUM       2026(8230)
State  0( 0), entry 171(369): OTP_STOP             0(  0)
State  0( 0), entry 172(370): OTP_LEFT_RETURN      0(  0)
State  0( 0), entry 173(371): OTP_GOTO_NE         ca(202)
State  0( 0), entry 174(372):                     177(375)
State  0( 0), entry 175(373): OTP_RIGHT_NUM       a0(160)
State  0( 0), entry 176(374): OTP_STOP             0(  0)
State  0( 0), entry 177(375): OTP_LEFT_RETURN      0(  0)
State  0( 0), entry 178(376): OTP_GOTO_NE         cb(203)
State  0( 0), entry 179(377):                     17c(380)
State  0( 0), entry 17a(378): OTP_RIGHT_NUM       40b(1035)
State  0( 0), entry 17b(379): OTP_STOP             0(  0)
State  0( 0), entry 17c(380): OTP_LEFT_RETURN      0(  0)
State  0( 0), entry 17d(381): OTP_GOTO_NE         cc(204)
State  0( 0), entry 17e(382):                     181(385)
State  0( 0), entry 17f(383): OTP_RIGHT_NUM       45b(1115)
State  0( 0), entry 180(384): OTP_STOP             0(  0)
State  0( 0), entry 181(385): OTP_LEFT_RETURN      0(  0)
State  0( 0), entry 182(386): OTP_GOTO_NE         cd(205)
State  0( 0), entry 183(387):                     186(390)
State  0( 0), entry 184(388): OTP_RIGHT_NUM       40c(1036)
State  0( 0), entry 185(389): OTP_STOP             0(  0)
State  0( 0), entry 186(390): OTP_LEFT_RETURN      0(  0)
State  0( 0), entry 187(391): OTP_GOTO_NE         ce(206)
State  0( 0), entry 188(392):                     18b(395)
State  0( 0), entry 189(393): OTP_RIGHT_NUM       45c(1116)
State  0( 0), entry 18a(394): OTP_STOP             0(  0)
State  0( 0), entry 18b(395): OTP_LEFT_RETURN      0(  0)
State  0( 0), entry 18c(396): OTP_GOTO_NE         cf(207)
State  0( 0), entry 18d(397):                     190(400)
State  0( 0), entry 18e(398): OTP_RIGHT_NUM       455(1109)
State  0( 0), entry 18f(399): OTP_STOP             0(  0)
State  0( 0), entry 190(400): OTP_LEFT_RETURN      0(  0)
State  0( 0), entry 191(401): OTP_GOTO_NE         d0(208)
State  0( 0), entry 192(402):                     195(405)
State  0( 0), entry 193(403): OTP_RIGHT_NUM       2013(8211)
State  0( 0), entry 194(404): OTP_STOP             0(  0)
State  0( 0), entry 195(405): OTP_LEFT_RETURN      0(  0)
State  0( 0), entry 196(406): OTP_GOTO_NE         d1(209)
State  0( 0), entry 197(407):                     19a(410)
State  0( 0), entry 198(408): OTP_RIGHT_NUM       2014(8212)
State  0( 0), entry 199(409): OTP_STOP             0(  0)
State  0( 0), entry 19a(410): OTP_LEFT_RETURN      0(  0)
State  0( 0), entry 19b(411): OTP_GOTO_NE         d2(210)
State  0( 0), entry 19c(412):                     19f(415)
State  0( 0), entry 19d(413): OTP_RIGHT_NUM       201c(8220)
State  0( 0), entry 19e(414): OTP_STOP             0(  0)
State  0( 0), entry 19f(415): OTP_LEFT_RETURN      0(  0)
State  0( 0), entry 1a0(416): OTP_GOTO_NE         d3(211)
State  0( 0), entry 1a1(417):                     1a4(420)
State  0( 0), entry 1a2(418): OTP_RIGHT_NUM       201d(8221)
State  0( 0), entry 1a3(419): OTP_STOP             0(  0)
State  0( 0), entry 1a4(420): OTP_LEFT_RETURN      0(  0)
State  0( 0), entry 1a5(421): OTP_GOTO_NE         d4(212)
State  0( 0), entry 1a6(422):                     1a9(425)
State  0( 0), entry 1a7(423): OTP_RIGHT_NUM       2018(8216)
State  0( 0), entry 1a8(424): OTP_STOP             0(  0)
State  0( 0), entry 1a9(425): OTP_LEFT_RETURN      0(  0)
State  0( 0), entry 1aa(426): OTP_GOTO_NE         d5(213)
State  0( 0), entry 1ab(427):                     1ae(430)
State  0( 0), entry 1ac(428): OTP_RIGHT_NUM       2019(8217)
State  0( 0), entry 1ad(429): OTP_STOP             0(  0)
State  0( 0), entry 1ae(430): OTP_LEFT_RETURN      0(  0)
State  0( 0), entry 1af(431): OTP_GOTO_NE         d6(214)
State  0( 0), entry 1b0(432):                     1b3(435)
State  0( 0), entry 1b1(433): OTP_RIGHT_NUM       f7(247)
State  0( 0), entry 1b2(434): OTP_STOP             0(  0)
State  0( 0), entry 1b3(435): OTP_LEFT_RETURN      0(  0)
State  0( 0), entry 1b4(436): OTP_GOTO_NE         d7(215)
State  0( 0), entry 1b5(437):                     1b8(440)
State  0( 0), entry 1b6(438): OTP_RIGHT_NUM       201e(8222)
State  0( 0), entry 1b7(439): OTP_STOP             0(  0)
State  0( 0), entry 1b8(440): OTP_LEFT_RETURN      0(  0)
State  0( 0), entry 1b9(441): OTP_GOTO_NE         d8(216)
State  0( 0), entry 1ba(442):                     1bd(445)
State  0( 0), entry 1bb(443): OTP_RIGHT_NUM       40e(1038)
State  0( 0), entry 1bc(444): OTP_STOP             0(  0)
State  0( 0), entry 1bd(445): OTP_LEFT_RETURN      0(  0)
State  0( 0), entry 1be(446): OTP_GOTO_NE         d9(217)
State  0( 0), entry 1bf(447):                     1c2(450)
State  0( 0), entry 1c0(448): OTP_RIGHT_NUM       45e(1118)
State  0( 0), entry 1c1(449): OTP_STOP             0(  0)
State  0( 0), entry 1c2(450): OTP_LEFT_RETURN      0(  0)
State  0( 0), entry 1c3(451): OTP_GOTO_NE         da(218)
State  0( 0), entry 1c4(452):                     1c7(455)
State  0( 0), entry 1c5(453): OTP_RIGHT_NUM       40f(1039)
State  0( 0), entry 1c6(454): OTP_STOP             0(  0)
State  0( 0), entry 1c7(455): OTP_LEFT_RETURN      0(  0)
State  0( 0), entry 1c8(456): OTP_GOTO_NE         db(219)
State  0( 0), entry 1c9(457):                     1cc(460)
State  0( 0), entry 1ca(458): OTP_RIGHT_NUM       45f(1119)
State  0( 0), entry 1cb(459): OTP_STOP             0(  0)
State  0( 0), entry 1cc(460): OTP_LEFT_RETURN      0(  0)
State  0( 0), entry 1cd(461): OTP_GOTO_NE         dc(220)
State  0( 0), entry 1ce(462):                     1d1(465)
State  0( 0), entry 1cf(463): OTP_RIGHT_NUM       2116(8470)
State  0( 0), entry 1d0(464): OTP_STOP             0(  0)
State  0( 0), entry 1d1(465): OTP_LEFT_RETURN      0(  0)
State  0( 0), entry 1d2(466): OTP_GOTO_NE         dd(221)
State  0( 0), entry 1d3(467):                     1d6(470)
State  0( 0), entry 1d4(468): OTP_RIGHT_NUM       401(1025)
State  0( 0), entry 1d5(469): OTP_STOP             0(  0)
State  0( 0), entry 1d6(470): OTP_LEFT_RETURN      0(  0)
State  0( 0), entry 1d7(471): OTP_GOTO_NE         de(222)
State  0( 0), entry 1d8(472):                     1db(475)
State  0( 0), entry 1d9(473): OTP_RIGHT_NUM       451(1105)
State  0( 0), entry 1da(474): OTP_STOP             0(  0)
State  0( 0), entry 1db(475): OTP_LEFT_RETURN      0(  0)
State  0( 0), entry 1dc(476): OTP_GOTO_NE         df(223)
State  0( 0), entry 1dd(477):                     1e0(480)
State  0( 0), entry 1de(478): OTP_RIGHT_NUM       44f(1103)
State  0( 0), entry 1df(479): OTP_STOP             0(  0)
State  0( 0), entry 1e0(480): OTP_LEFT_RETURN      0(  0)
State  0( 0), entry 1e1(481): OTP_GOTO_NE         e0(224)
State  0( 0), entry 1e2(482):                     1e5(485)
State  0( 0), entry 1e3(483): OTP_RIGHT_NUM       430(1072)
State  0( 0), entry 1e4(484): OTP_STOP             0(  0)
State  0( 0), entry 1e5(485): OTP_LEFT_RETURN      0(  0)
State  0( 0), entry 1e6(486): OTP_GOTO_NE         e1(225)
State  0( 0), entry 1e7(487):                     1ea(490)
State  0( 0), entry 1e8(488): OTP_RIGHT_NUM       431(1073)
State  0( 0), entry 1e9(489): OTP_STOP             0(  0)
State  0( 0), entry 1ea(490): OTP_LEFT_RETURN      0(  0)
State  0( 0), entry 1eb(491): OTP_GOTO_NE         e2(226)
State  0( 0), entry 1ec(492):                     1ef(495)
State  0( 0), entry 1ed(493): OTP_RIGHT_NUM       432(1074)
State  0( 0), entry 1ee(494): OTP_STOP             0(  0)
State  0( 0), entry 1ef(495): OTP_LEFT_RETURN      0(  0)
State  0( 0), entry 1f0(496): OTP_GOTO_NE         e3(227)
State  0( 0), entry 1f1(497):                     1f4(500)
State  0( 0), entry 1f2(498): OTP_RIGHT_NUM       433(1075)
State  0( 0), entry 1f3(499): OTP_STOP             0(  0)
State  0( 0), entry 1f4(500): OTP_LEFT_RETURN      0(  0)
State  0( 0), entry 1f5(501): OTP_GOTO_NE         e4(228)
State  0( 0), entry 1f6(502):                     1f9(505)
State  0( 0), entry 1f7(503): OTP_RIGHT_NUM       434(1076)
State  0( 0), entry 1f8(504): OTP_STOP             0(  0)
State  0( 0), entry 1f9(505): OTP_LEFT_RETURN      0(  0)
State  0( 0), entry 1fa(506): OTP_GOTO_NE         e5(229)
State  0( 0), entry 1fb(507):                     1fe(510)
State  0( 0), entry 1fc(508): OTP_RIGHT_NUM       435(1077)
State  0( 0), entry 1fd(509): OTP_STOP             0(  0)
State  0( 0), entry 1fe(510): OTP_LEFT_RETURN      0(  0)
State  0( 0), entry 1ff(511): OTP_GOTO_NE         e6(230)
State  0( 0), entry 200(512):                     203(515)
State  0( 0), entry 201(513): OTP_RIGHT_NUM       436(1078)
State  0( 0), entry 202(514): OTP_STOP             0(  0)
State  0( 0), entry 203(515): OTP_LEFT_RETURN      0(  0)
State  0( 0), entry 204(516): OTP_GOTO_NE         e7(231)
State  0( 0), entry 205(517):                     208(520)
State  0( 0), entry 206(518): OTP_RIGHT_NUM       437(1079)
State  0( 0), entry 207(519): OTP_STOP             0(  0)
State  0( 0), entry 208(520): OTP_LEFT_RETURN      0(  0)
State  0( 0), entry 209(521): OTP_GOTO_NE         e8(232)
State  0( 0), entry 20a(522):                     20d(525)
State  0( 0), entry 20b(523): OTP_RIGHT_NUM       438(1080)
State  0( 0), entry 20c(524): OTP_STOP             0(  0)
State  0( 0), entry 20d(525): OTP_LEFT_RETURN      0(  0)
State  0( 0), entry 20e(526): OTP_GOTO_NE         e9(233)
State  0( 0), entry 20f(527):                     212(530)
State  0( 0), entry 210(528): OTP_RIGHT_NUM       439(1081)
State  0( 0), entry 211(529): OTP_STOP             0(  0)
State  0( 0), entry 212(530): OTP_LEFT_RETURN      0(  0)
State  0( 0), entry 213(531): OTP_GOTO_NE         ea(234)
State  0( 0), entry 214(532):                     217(535)
State  0( 0), entry 215(533): OTP_RIGHT_NUM       43a(1082)
State  0( 0), entry 216(534): OTP_STOP             0(  0)
State  0( 0), entry 217(535): OTP_LEFT_RETURN      0(  0)
State  0( 0), entry 218(536): OTP_GOTO_NE         eb(235)
State  0( 0), entry 219(537):                     21c(540)
State  0( 0), entry 21a(538): OTP_RIGHT_NUM       43b(1083)
State  0( 0), entry 21b(539): OTP_STOP             0(  0)
State  0( 0), entry 21c(540): OTP_LEFT_RETURN      0(  0)
State  0( 0), entry 21d(541): OTP_GOTO_NE         ec(236)
State  0( 0), entry 21e(542):                     221(545)
State  0( 0), entry 21f(543): OTP_RIGHT_NUM       43c(1084)
State  0( 0), entry 220(544): OTP_STOP             0(  0)
State  0( 0), entry 221(545): OTP_LEFT_RETURN      0(  0)
State  0( 0), entry 222(546): OTP_GOTO_NE         ed(237)
State  0( 0), entry 223(547):                     226(550)
State  0( 0), entry 224(548): OTP_RIGHT_NUM       43d(1085)
State  0( 0), entry 225(549): OTP_STOP             0(  0)
State  0( 0), entry 226(550): OTP_LEFT_RETURN      0(  0)
State  0( 0), entry 227(551): OTP_GOTO_NE         ee(238)
State  0( 0), entry 228(552):                     22b(555)
State  0( 0), entry 229(553): OTP_RIGHT_NUM       43e(1086)
State  0( 0), entry 22a(554): OTP_STOP             0(  0)
State  0( 0), entry 22b(555): OTP_LEFT_RETURN      0(  0)
State  0( 0), entry 22c(556): OTP_GOTO_NE         ef(239)
State  0( 0), entry 22d(557):                     230(560)
State  0( 0), entry 22e(558): OTP_RIGHT_NUM       43f(1087)
State  0( 0), entry 22f(559): OTP_STOP             0(  0)
State  0( 0), entry 230(560): OTP_LEFT_RETURN      0(  0)
State  0( 0), entry 231(561): OTP_GOTO_NE         f0(240)
State  0( 0), entry 232(562):                     235(565)
State  0( 0), entry 233(563): OTP_RIGHT_NUM       440(1088)
State  0( 0), entry 234(564): OTP_STOP             0(  0)
State  0( 0), entry 235(565): OTP_LEFT_RETURN      0(  0)
State  0( 0), entry 236(566): OTP_GOTO_NE         f1(241)
State  0( 0), entry 237(567):                     23a(570)
State  0( 0), entry 238(568): OTP_RIGHT_NUM       441(1089)
State  0( 0), entry 239(569): OTP_STOP             0(  0)
State  0( 0), entry 23a(570): OTP_LEFT_RETURN      0(  0)
State  0( 0), entry 23b(571): OTP_GOTO_NE         f2(242)
State  0( 0), entry 23c(572):                     23f(575)
State  0( 0), entry 23d(573): OTP_RIGHT_NUM       442(1090)
State  0( 0), entry 23e(574): OTP_STOP             0(  0)
State  0( 0), entry 23f(575): OTP_LEFT_RETURN      0(  0)
State  0( 0), entry 240(576): OTP_GOTO_NE         f3(243)
State  0( 0), entry 241(577):                     244(580)
State  0( 0), entry 242(578): OTP_RIGHT_NUM       443(1091)
State  0( 0), entry 243(579): OTP_STOP             0(  0)
State  0( 0), entry 244(580): OTP_LEFT_RETURN      0(  0)
State  0( 0), entry 245(581): OTP_GOTO_NE         f4(244)
State  0( 0), entry 246(582):                     249(585)
State  0( 0), entry 247(583): OTP_RIGHT_NUM       444(1092)
State  0( 0), entry 248(584): OTP_STOP             0(  0)
State  0( 0), entry 249(585): OTP_LEFT_RETURN      0(  0)
State  0( 0), entry 24a(586): OTP_GOTO_NE         f5(245)
State  0( 0), entry 24b(587):                     24e(590)
State  0( 0), entry 24c(588): OTP_RIGHT_NUM       445(1093)
State  0( 0), entry 24d(589): OTP_STOP             0(  0)
State  0( 0), entry 24e(590): OTP_LEFT_RETURN      0(  0)
State  0( 0), entry 24f(591): OTP_GOTO_NE         f6(246)
State  0( 0), entry 250(592):                     253(595)
State  0( 0), entry 251(593): OTP_RIGHT_NUM       446(1094)
State  0( 0), entry 252(594): OTP_STOP             0(  0)
State  0( 0), entry 253(595): OTP_LEFT_RETURN      0(  0)
State  0( 0), entry 254(596): OTP_GOTO_NE         f7(247)
State  0( 0), entry 255(597):                     258(600)
State  0( 0), entry 256(598): OTP_RIGHT_NUM       447(1095)
State  0( 0), entry 257(599): OTP_STOP             0(  0)
State  0( 0), entry 258(600): OTP_LEFT_RETURN      0(  0)
State  0( 0), entry 259(601): OTP_GOTO_NE         f8(248)
State  0( 0), entry 25a(602):                     25d(605)
State  0( 0), entry 25b(603): OTP_RIGHT_NUM       448(1096)
State  0( 0), entry 25c(604): OTP_STOP             0(  0)
State  0( 0), entry 25d(605): OTP_LEFT_RETURN      0(  0)
State  0( 0), entry 25e(606): OTP_GOTO_NE         f9(249)
State  0( 0), entry 25f(607):                     262(610)
State  0( 0), entry 260(608): OTP_RIGHT_NUM       449(1097)
State  0( 0), entry 261(609): OTP_STOP             0(  0)
State  0( 0), entry 262(610): OTP_LEFT_RETURN      0(  0)
State  0( 0), entry 263(611): OTP_GOTO_NE         fa(250)
State  0( 0), entry 264(612):                     267(615)
State  0( 0), entry 265(613): OTP_RIGHT_NUM       44a(1098)
State  0( 0), entry 266(614): OTP_STOP             0(  0)
State  0( 0), entry 267(615): OTP_LEFT_RETURN      0(  0)
State  0( 0), entry 268(616): OTP_GOTO_NE         fb(251)
State  0( 0), entry 269(617):                     26c(620)
State  0( 0), entry 26a(618): OTP_RIGHT_NUM       44b(1099)
State  0( 0), entry 26b(619): OTP_STOP             0(  0)
State  0( 0), entry 26c(620): OTP_LEFT_RETURN      0(  0)
State  0( 0), entry 26d(621): OTP_GOTO_NE         fc(252)
State  0( 0), entry 26e(622):                     271(625)
State  0( 0), entry 26f(623): OTP_RIGHT_NUM       44c(1100)
State  0( 0), entry 270(624): OTP_STOP             0(  0)
State  0( 0), entry 271(625): OTP_LEFT_RETURN      0(  0)
State  0( 0), entry 272(626): OTP_GOTO_NE         fd(253)
State  0( 0), entry 273(627):                     276(630)
State  0( 0), entry 274(628): OTP_RIGHT_NUM       44d(1101)
State  0( 0), entry 275(629): OTP_STOP             0(  0)
State  0( 0), entry 276(630): OTP_LEFT_RETURN      0(  0)
State  0( 0), entry 277(631): OTP_GOTO_NE         fe(254)
State  0( 0), entry 278(632):                     27b(635)
State  0( 0), entry 279(633): OTP_RIGHT_NUM       44e(1102)
State  0( 0), entry 27a(634): OTP_STOP             0(  0)
State  0( 0), entry 27b(635): OTP_LEFT_RETURN      0(  0)
State  0( 0), entry 27c(636): OTP_GOTO_NE         ff(255)
State  0( 0), entry 27d(637):                     280(640)
State  0( 0), entry 27e(638): OTP_RIGHT_NUM       a4(164)
State  0( 0), entry 27f(639): OTP_STOP             0(  0)
State  0( 0), entry 280(640): OTP_LEFT_RETURN      0(  0)
State  0( 0), entry 281(641): OTP_GOTO_NE         2d( 45,`-')
State  0( 0), entry 282(642):                     28b(651)
State  0( 0), entry 283(643): OTP_GOTO_NO_ADVANCE 28b(651)
State  0( 0), entry 284(644): OTP_GOTO_NE         2d( 45,`-')
State  0( 0), entry 285(645):                     28b(651)
State  0( 0), entry 286(646): OTP_GOTO_NO_ADVANCE 28b(651)
State  0( 0), entry 287(647): OTP_GOTO_NE         2d( 45,`-')
State  0( 0), entry 288(648):                     28b(651)
State  0( 0), entry 289(649): OTP_RIGHT_NUM       2014(8212)
State  0( 0), entry 28a(650): OTP_STOP             0(  0)
State  0( 0), entry 28b(651): OTP_LEFT_RETURN      0(  0)
State  0( 0), entry 28c(652): OTP_GOTO_NE         2d( 45,`-')
State  0( 0), entry 28d(653):                     293(659)
State  0( 0), entry 28e(654): OTP_GOTO_NO_ADVANCE 293(659)
State  0( 0), entry 28f(655): OTP_GOTO_NE         2d( 45,`-')
State  0( 0), entry 290(656):                     293(659)
State  0( 0), entry 291(657): OTP_RIGHT_NUM       2013(8211)
State  0( 0), entry 292(658): OTP_STOP             0(  0)
State  0( 0), entry 293(659): OTP_LEFT_RETURN      0(  0)
State  0( 0), entry 294(660): OTP_RIGHT_CHAR       1(  1)
State  0( 0), entry 295(661): OTP_STOP             0(  0)
State  0( 0), entry 296(662): OTP_LEFT_RETURN      0(  0)
State  0( 0), entry 297(663): OTP_RIGHT_CHAR       1(  1)
State  0( 0), entry 298(664): OTP_STOP             0(  0)
