ctp_length     : 1c2(450)
ctp_input      :   1(  1)
ctp_output     :   2(  2)
ctp_no_tables  :   0(  0)
ctp_room_tables:   0(  0)
ctp_no_states  :   1(  1)
ctp_room_states: 1ba(442)

State  0( 0): 1ba(442) entries

State  0( 0), entry   0(  0): OTP_LEFT_START       0(  0)
State  0( 0), entry   1(  1): OTP_GOTO_NE         c0(192)
State  0( 0), entry   2(  2):                      6(  6)
State  0( 0), entry   3(  3): OTP_PUSH_NUM        390(912)
State  0( 0), entry   4(  4): OTP_RIGHT_OUTPUT     0(  0)
State  0( 0), entry   5(  5): OTP_STOP             0(  0)
State  0( 0), entry   6(  6): OTP_LEFT_RETURN      0(  0)
State  0( 0), entry   7(  7): OTP_GOTO_NE         e0(224)
State  0( 0), entry   8(  8):                      c( 12)
State  0( 0), entry   9(  9): OTP_PUSH_NUM        3b0(944)
State  0( 0), entry   a( 10): OTP_RIGHT_OUTPUT     0(  0)
State  0( 0), entry   b( 11): OTP_STOP             0(  0)
State  0( 0), entry   c( 12): OTP_LEFT_RETURN      0(  0)
State  0( 0), entry   d( 13): OTP_GOTO_NE         da(218)
State  0( 0), entry   e( 14):                     12( 18)
State  0( 0), entry   f( 15): OTP_PUSH_NUM        3aa(938)
State  0( 0), entry  10( 16): OTP_RIGHT_OUTPUT     0(  0)
State  0( 0), entry  11( 17): OTP_STOP             0(  0)
State  0( 0), entry  12( 18): OTP_LEFT_RETURN      0(  0)
State  0( 0), entry  13( 19): OTP_GOTO_NE         db(219)
State  0( 0), entry  14( 20):                     18( 24)
State  0( 0), entry  15( 21): OTP_PUSH_NUM        3ab(939)
State  0( 0), entry  16( 22): OTP_RIGHT_OUTPUT     0(  0)
State  0( 0), entry  17( 23): OTP_STOP             0(  0)
State  0( 0), entry  18( 24): OTP_LEFT_RETURN      0(  0)
State  0( 0), entry  19( 25): OTP_GOTO_NE         fa(250)
State  0( 0), entry  1a( 26):                     1e( 30)
State  0( 0), entry  1b( 27): OTP_PUSH_NUM        3ca(970)
State  0( 0), entry  1c( 28): OTP_RIGHT_OUTPUT     0(  0)
State  0( 0), entry  1d( 29): OTP_STOP             0(  0)
State  0( 0), entry  1e( 30): OTP_LEFT_RETURN      0(  0)
State  0( 0), entry  1f( 31): OTP_GOTO_NE         fb(251)
State  0( 0), entry  20( 32):                     24( 36,`$')
State  0( 0), entry  21( 33): OTP_PUSH_NUM        3cb(971)
State  0( 0), entry  22( 34): OTP_RIGHT_OUTPUT     0(  0)
State  0( 0), entry  23( 35): OTP_STOP             0(  0)
State  0( 0), entry  24( 36): OTP_LEFT_RETURN      0(  0)
State  0( 0), entry  25( 37): OTP_GOTO_NE         dc(220)
State  0( 0), entry  26( 38):                     2a( 42,`*')
State  0( 0), entry  27( 39): OTP_PUSH_NUM        3ac(940)
State  0( 0), entry  28( 40): OTP_RIGHT_OUTPUT     0(  0)
State  0( 0), entry  29( 41): OTP_STOP             0(  0)
State  0( 0), entry  2a( 42): OTP_LEFT_RETURN      0(  0)
State  0( 0), entry  2b( 43): OTP_GOTO_NE         dd(221)
State  0( 0), entry  2c( 44):                     30( 48,`0')
State  0( 0), entry  2d( 45): OTP_PUSH_NUM        3ad(941)
State  0( 0), entry  2e( 46): OTP_RIGHT_OUTPUT     0(  0)
State  0( 0), entry  2f( 47): OTP_STOP             0(  0)
State  0( 0), entry  30( 48): OTP_LEFT_RETURN      0(  0)
State  0( 0), entry  31( 49): OTP_GOTO_NE         de(222)
State  0( 0), entry  32( 50):                     36( 54,`6')
State  0( 0), entry  33( 51): OTP_PUSH_NUM        3ae(942)
State  0( 0), entry  34( 52): OTP_RIGHT_OUTPUT     0(  0)
State  0( 0), entry  35( 53): OTP_STOP             0(  0)
State  0( 0), entry  36( 54): OTP_LEFT_RETURN      0(  0)
State  0( 0), entry  37( 55): OTP_GOTO_NE         df(223)
State  0( 0), entry  38( 56):                     3c( 60,`<')
State  0( 0), entry  39( 57): OTP_PUSH_NUM        3af(943)
State  0( 0), entry  3a( 58): OTP_RIGHT_OUTPUT     0(  0)
State  0( 0), entry  3b( 59): OTP_STOP             0(  0)
State  0( 0), entry  3c( 60): OTP_LEFT_RETURN      0(  0)
State  0( 0), entry  3d( 61): OTP_GOTO_NE         fc(252)
State  0( 0), entry  3e( 62):                     42( 66,`B')
State  0( 0), entry  3f( 63): OTP_PUSH_NUM        3cc(972)
State  0( 0), entry  40( 64): OTP_RIGHT_OUTPUT     0(  0)
State  0( 0), entry  41( 65): OTP_STOP             0(  0)
State  0( 0), entry  42( 66): OTP_LEFT_RETURN      0(  0)
State  0( 0), entry  43( 67): OTP_GOTO_NE         fd(253)
State  0( 0), entry  44( 68):                     48( 72,`H')
State  0( 0), entry  45( 69): OTP_PUSH_NUM        3cd(973)
State  0( 0), entry  46( 70): OTP_RIGHT_OUTPUT     0(  0)
State  0( 0), entry  47( 71): OTP_STOP             0(  0)
State  0( 0), entry  48( 72): OTP_LEFT_RETURN      0(  0)
State  0( 0), entry  49( 73): OTP_GOTO_NE         fe(254)
State  0( 0), entry  4a( 74):                     4e( 78,`N')
State  0( 0), entry  4b( 75): OTP_PUSH_NUM        3ce(974)
State  0( 0), entry  4c( 76): OTP_RIGHT_OUTPUT     0(  0)
State  0( 0), entry  4d( 77): OTP_STOP             0(  0)
State  0( 0), entry  4e( 78): OTP_LEFT_RETURN      0(  0)
State  0( 0), entry  4f( 79): OTP_GOTO_NE         a2(162)
State  0( 0), entry  50( 80):                     54( 84,`T')
State  0( 0), entry  51( 81): OTP_PUSH_NUM        386(902)
State  0( 0), entry  52( 82): OTP_RIGHT_OUTPUT     0(  0)
State  0( 0), entry  53( 83): OTP_STOP             0(  0)
State  0( 0), entry  54( 84): OTP_LEFT_RETURN      0(  0)
State  0( 0), entry  55( 85): OTP_GOTO_NE         b8(184)
State  0( 0), entry  56( 86):                     5a( 90,`Z')
State  0( 0), entry  57( 87): OTP_PUSH_NUM        388(904)
State  0( 0), entry  58( 88): OTP_RIGHT_OUTPUT     0(  0)
State  0( 0), entry  59( 89): OTP_STOP             0(  0)
State  0( 0), entry  5a( 90): OTP_LEFT_RETURN      0(  0)
State  0( 0), entry  5b( 91): OTP_GOTO_NE         b9(185)
State  0( 0), entry  5c( 92):                     60( 96,``')
State  0( 0), entry  5d( 93): OTP_PUSH_NUM        389(905)
State  0( 0), entry  5e( 94): OTP_RIGHT_OUTPUT     0(  0)
State  0( 0), entry  5f( 95): OTP_STOP             0(  0)
State  0( 0), entry  60( 96): OTP_LEFT_RETURN      0(  0)
State  0( 0), entry  61( 97): OTP_GOTO_NE         ba(186)
State  0( 0), entry  62( 98):                     66(102,`f')
State  0( 0), entry  63( 99): OTP_PUSH_NUM        38a(906)
State  0( 0), entry  64(100): OTP_RIGHT_OUTPUT     0(  0)
State  0( 0), entry  65(101): OTP_STOP             0(  0)
State  0( 0), entry  66(102): OTP_LEFT_RETURN      0(  0)
State  0( 0), entry  67(103): OTP_GOTO_NE         bc(188)
State  0( 0), entry  68(104):                     6c(108,`l')
State  0( 0), entry  69(105): OTP_PUSH_NUM        38c(908)
State  0( 0), entry  6a(106): OTP_RIGHT_OUTPUT     0(  0)
State  0( 0), entry  6b(107): OTP_STOP             0(  0)
State  0( 0), entry  6c(108): OTP_LEFT_RETURN      0(  0)
State  0( 0), entry  6d(109): OTP_GOTO_NE         be(190)
State  0( 0), entry  6e(110):                     72(114,`r')
State  0( 0), entry  6f(111): OTP_PUSH_NUM        38e(910)
State  0( 0), entry  70(112): OTP_RIGHT_OUTPUT     0(  0)
State  0( 0), entry  71(113): OTP_STOP             0(  0)
State  0( 0), entry  72(114): OTP_LEFT_RETURN      0(  0)
State  0( 0), entry  73(115): OTP_GOTO_NE         bf(191)
State  0( 0), entry  74(116):                     78(120,`x')
State  0( 0), entry  75(117): OTP_PUSH_NUM        38f(911)
State  0( 0), entry  76(118): OTP_RIGHT_OUTPUT     0(  0)
State  0( 0), entry  77(119): OTP_STOP             0(  0)
State  0( 0), entry  78(120): OTP_LEFT_RETURN      0(  0)
State  0( 0), entry  79(121): OTP_GOTO_NE         b7(183)
State  0( 0), entry  7a(122):                     7e(126,`~')
State  0( 0), entry  7b(123): OTP_PUSH_NUM        387(903)
State  0( 0), entry  7c(124): OTP_RIGHT_OUTPUT     0(  0)
State  0( 0), entry  7d(125): OTP_STOP             0(  0)
State  0( 0), entry  7e(126): OTP_LEFT_RETURN      0(  0)
State  0( 0), entry  7f(127): OTP_GOTO_NE         3b( 59,`;')
State  0( 0), entry  80(128):                     84(132)
State  0( 0), entry  81(129): OTP_PUSH_NUM        37e(894)
State  0( 0), entry  82(130): OTP_RIGHT_OUTPUT     0(  0)
State  0( 0), entry  83(131): OTP_STOP             0(  0)
State  0( 0), entry  84(132): OTP_LEFT_RETURN      0(  0)
State  0( 0), entry  85(133): OTP_GOTO_NE         c1(193)
State  0( 0), entry  86(134):                     8a(138)
State  0( 0), entry  87(135): OTP_PUSH_NUM        391(913)
State  0( 0), entry  88(136): OTP_RIGHT_OUTPUT     0(  0)
State  0( 0), entry  89(137): OTP_STOP             0(  0)
State  0( 0), entry  8a(138): OTP_LEFT_RETURN      0(  0)
State  0( 0), entry  8b(139): OTP_GOTO_NE         c2(194)
State  0( 0), entry  8c(140):                     90(144)
State  0( 0), entry  8d(141): OTP_PUSH_NUM        392(914)
State  0( 0), entry  8e(142): OTP_RIGHT_OUTPUT     0(  0)
State  0( 0), entry  8f(143): OTP_STOP             0(  0)
State  0( 0), entry  90(144): OTP_LEFT_RETURN      0(  0)
State  0( 0), entry  91(145): OTP_GOTO_NE         c4(196)
State  0( 0), entry  92(146):                     96(150)
State  0( 0), entry  93(147): OTP_PUSH_NUM        394(916)
State  0( 0), entry  94(148): OTP_RIGHT_OUTPUT     0(  0)
State  0( 0), entry  95(149): OTP_STOP             0(  0)
State  0( 0), entry  96(150): OTP_LEFT_RETURN      0(  0)
State  0( 0), entry  97(151): OTP_GOTO_NE         c5(197)
State  0( 0), entry  98(152):                     9c(156)
State  0( 0), entry  99(153): OTP_PUSH_NUM        395(917)
State  0( 0), entry  9a(154): OTP_RIGHT_OUTPUT     0(  0)
State  0( 0), entry  9b(155): OTP_STOP             0(  0)
State  0( 0), entry  9c(156): OTP_LEFT_RETURN      0(  0)
State  0( 0), entry  9d(157): OTP_GOTO_NE         d6(214)
State  0( 0), entry  9e(158):                     a2(162)
State  0( 0), entry  9f(159): OTP_PUSH_NUM        3a6(934)
State  0( 0), entry  a0(160): OTP_RIGHT_OUTPUT     0(  0)
State  0( 0), entry  a1(161): OTP_STOP             0(  0)
State  0( 0), entry  a2(162): OTP_LEFT_RETURN      0(  0)
State  0( 0), entry  a3(163): OTP_GOTO_NE         c3(195)
State  0( 0), entry  a4(164):                     a8(168)
State  0( 0), entry  a5(165): OTP_PUSH_NUM        393(915)
State  0( 0), entry  a6(166): OTP_RIGHT_OUTPUT     0(  0)
State  0( 0), entry  a7(167): OTP_STOP             0(  0)
State  0( 0), entry  a8(168): OTP_LEFT_RETURN      0(  0)
State  0( 0), entry  a9(169): OTP_GOTO_NE         c7(199)
State  0( 0), entry  aa(170):                     ae(174)
State  0( 0), entry  ab(171): OTP_PUSH_NUM        397(919)
State  0( 0), entry  ac(172): OTP_RIGHT_OUTPUT     0(  0)
State  0( 0), entry  ad(173): OTP_STOP             0(  0)
State  0( 0), entry  ae(174): OTP_LEFT_RETURN      0(  0)
State  0( 0), entry  af(175): OTP_GOTO_NE         c9(201)
State  0( 0), entry  b0(176):                     b4(180)
State  0( 0), entry  b1(177): OTP_PUSH_NUM        399(921)
State  0( 0), entry  b2(178): OTP_RIGHT_OUTPUT     0(  0)
State  0( 0), entry  b3(179): OTP_STOP             0(  0)
State  0( 0), entry  b4(180): OTP_LEFT_RETURN      0(  0)
State  0( 0), entry  b5(181): OTP_GOTO_NE         c8(200)
State  0( 0), entry  b6(182):                     ba(186)
State  0( 0), entry  b7(183): OTP_PUSH_NUM        398(920)
State  0( 0), entry  b8(184): OTP_RIGHT_OUTPUT     0(  0)
State  0( 0), entry  b9(185): OTP_STOP             0(  0)
State  0( 0), entry  ba(186): OTP_LEFT_RETURN      0(  0)
State  0( 0), entry  bb(187): OTP_GOTO_NE         ca(202)
State  0( 0), entry  bc(188):                     c0(192)
State  0( 0), entry  bd(189): OTP_PUSH_NUM        39a(922)
State  0( 0), entry  be(190): OTP_RIGHT_OUTPUT     0(  0)
State  0( 0), entry  bf(191): OTP_STOP             0(  0)
State  0( 0), entry  c0(192): OTP_LEFT_RETURN      0(  0)
State  0( 0), entry  c1(193): OTP_GOTO_NE         cb(203)
State  0( 0), entry  c2(194):                     c6(198)
State  0( 0), entry  c3(195): OTP_PUSH_NUM        39b(923)
State  0( 0), entry  c4(196): OTP_RIGHT_OUTPUT     0(  0)
State  0( 0), entry  c5(197): OTP_STOP             0(  0)
State  0( 0), entry  c6(198): OTP_LEFT_RETURN      0(  0)
State  0( 0), entry  c7(199): OTP_GOTO_NE         cc(204)
State  0( 0), entry  c8(200):                     cc(204)
State  0( 0), entry  c9(201): OTP_PUSH_NUM        39c(924)
State  0( 0), entry  ca(202): OTP_RIGHT_OUTPUT     0(  0)
State  0( 0), entry  cb(203): OTP_STOP             0(  0)
State  0( 0), entry  cc(204): OTP_LEFT_RETURN      0(  0)
State  0( 0), entry  cd(205): OTP_GOTO_NE         cd(205)
State  0( 0), entry  ce(206):                     d2(210)
State  0( 0), entry  cf(207): OTP_PUSH_NUM        39d(925)
State  0( 0), entry  d0(208): OTP_RIGHT_OUTPUT     0(  0)
State  0( 0), entry  d1(209): OTP_STOP             0(  0)
State  0( 0), entry  d2(210): OTP_LEFT_RETURN      0(  0)
State  0( 0), entry  d3(211): OTP_GOTO_NE         cf(207)
State  0( 0), entry  d4(212):                     d8(216)
State  0( 0), entry  d5(213): OTP_PUSH_NUM        39f(927)
State  0( 0), entry  d6(214): OTP_RIGHT_OUTPUT     0(  0)
State  0( 0), entry  d7(215): OTP_STOP             0(  0)
State  0( 0), entry  d8(216): OTP_LEFT_RETURN      0(  0)
State  0( 0), entry  d9(217): OTP_GOTO_NE         d0(208)
State  0( 0), entry  da(218):                     de(222)
State  0( 0), entry  db(219): OTP_PUSH_NUM        3a0(928)
State  0( 0), entry  dc(220): OTP_RIGHT_OUTPUT     0(  0)
State  0( 0), entry  dd(221): OTP_STOP             0(  0)
State  0( 0), entry  de(222): OTP_LEFT_RETURN      0(  0)
State  0( 0), entry  df(223): OTP_GOTO_NE         d7(215)
State  0( 0), entry  e0(224):                     e4(228)
State  0( 0), entry  e1(225): OTP_PUSH_NUM        3a7(935)
State  0( 0), entry  e2(226): OTP_RIGHT_OUTPUT     0(  0)
State  0( 0), entry  e3(227): OTP_STOP             0(  0)
State  0( 0), entry  e4(228): OTP_LEFT_RETURN      0(  0)
State  0( 0), entry  e5(229): OTP_GOTO_NE         d1(209)
State  0( 0), entry  e6(230):                     ea(234)
State  0( 0), entry  e7(231): OTP_PUSH_NUM        3a1(929)
State  0( 0), entry  e8(232): OTP_RIGHT_OUTPUT     0(  0)
State  0( 0), entry  e9(233): OTP_STOP             0(  0)
State  0( 0), entry  ea(234): OTP_LEFT_RETURN      0(  0)
State  0( 0), entry  eb(235): OTP_GOTO_NE         d3(211)
State  0( 0), entry  ec(236):                     f0(240)
State  0( 0), entry  ed(237): OTP_PUSH_NUM        3a3(931)
State  0( 0), entry  ee(238): OTP_RIGHT_OUTPUT     0(  0)
State  0( 0), entry  ef(239): OTP_STOP             0(  0)
State  0( 0), entry  f0(240): OTP_LEFT_RETURN      0(  0)
State  0( 0), entry  f1(241): OTP_GOTO_NE         d4(212)
State  0( 0), entry  f2(242):                     f6(246)
State  0( 0), entry  f3(243): OTP_PUSH_NUM        3a4(932)
State  0( 0), entry  f4(244): OTP_RIGHT_OUTPUT     0(  0)
State  0( 0), entry  f5(245): OTP_STOP             0(  0)
State  0( 0), entry  f6(246): OTP_LEFT_RETURN      0(  0)
State  0( 0), entry  f7(247): OTP_GOTO_NE         d5(213)
State  0( 0), entry  f8(248):                     fc(252)
State  0( 0), entry  f9(249): OTP_PUSH_NUM        3a5(933)
State  0( 0), entry  fa(250): OTP_RIGHT_OUTPUT     0(  0)
State  0( 0), entry  fb(251): OTP_STOP             0(  0)
State  0( 0), entry  fc(252): OTP_LEFT_RETURN      0(  0)
State  0( 0), entry  fd(253): OTP_GOTO_NE         d9(217)
State  0( 0), entry  fe(254):                     102(258)
State  0( 0), entry  ff(255): OTP_PUSH_NUM        3a9(937)
State  0( 0), entry 100(256): OTP_RIGHT_OUTPUT     0(  0)
State  0( 0), entry 101(257): OTP_STOP             0(  0)
State  0( 0), entry 102(258): OTP_LEFT_RETURN      0(  0)
State  0( 0), entry 103(259): OTP_GOTO_NE         ce(206)
State  0( 0), entry 104(260):                     108(264)
State  0( 0), entry 105(261): OTP_PUSH_NUM        39e(926)
State  0( 0), entry 106(262): OTP_RIGHT_OUTPUT     0(  0)
State  0( 0), entry 107(263): OTP_STOP             0(  0)
State  0( 0), entry 108(264): OTP_LEFT_RETURN      0(  0)
State  0( 0), entry 109(265): OTP_GOTO_NE         d8(216)
State  0( 0), entry 10a(266):                     10e(270)
State  0( 0), entry 10b(267): OTP_PUSH_NUM        3a8(936)
State  0( 0), entry 10c(268): OTP_RIGHT_OUTPUT     0(  0)
State  0( 0), entry 10d(269): OTP_STOP             0(  0)
State  0( 0), entry 10e(270): OTP_LEFT_RETURN      0(  0)
State  0( 0), entry 10f(271): OTP_GOTO_NE         c6(198)
State  0( 0), entry 110(272):                     114(276)
State  0( 0), entry 111(273): OTP_PUSH_NUM        396(918)
State  0( 0), entry 112(274): OTP_RIGHT_OUTPUT     0(  0)
State  0( 0), entry 113(275): OTP_STOP             0(  0)
State  0( 0), entry 114(276): OTP_LEFT_RETURN      0(  0)
State  0( 0), entry 115(277): OTP_GOTO_NE         e1(225)
State  0( 0), entry 116(278):                     11a(282)
State  0( 0), entry 117(279): OTP_PUSH_NUM        3b1(945)
State  0( 0), entry 118(280): OTP_RIGHT_OUTPUT     0(  0)
State  0( 0), entry 119(281): OTP_STOP             0(  0)
State  0( 0), entry 11a(282): OTP_LEFT_RETURN      0(  0)
State  0( 0), entry 11b(283): OTP_GOTO_NE         e2(226)
State  0( 0), entry 11c(284):                     120(288)
State  0( 0), entry 11d(285): OTP_PUSH_NUM        3b2(946)
State  0( 0), entry 11e(286): OTP_RIGHT_OUTPUT     0(  0)
State  0( 0), entry 11f(287): OTP_STOP             0(  0)
State  0( 0), entry 120(288): OTP_LEFT_RETURN      0(  0)
State  0( 0), entry 121(289): OTP_GOTO_NE         f2(242)
State  0( 0), entry 122(290):                     126(294)
State  0( 0), entry 123(291): OTP_PUSH_NUM        3c2(962)
State  0( 0), entry 124(292): OTP_RIGHT_OUTPUT     0(  0)
State  0( 0), entry 125(293): OTP_STOP             0(  0)
State  0( 0), entry 126(294): OTP_LEFT_RETURN      0(  0)
State  0( 0), entry 127(295): OTP_GOTO_NE         e4(228)
State  0( 0), entry 128(296):                     12c(300)
State  0( 0), entry 129(297): OTP_PUSH_NUM        3b4(948)
State  0( 0), entry 12a(298): OTP_RIGHT_OUTPUT     0(  0)
State  0( 0), entry 12b(299): OTP_STOP             0(  0)
State  0( 0), entry 12c(300): OTP_LEFT_RETURN      0(  0)
State  0( 0), entry 12d(301): OTP_GOTO_NE         e5(229)
State  0( 0), entry 12e(302):                     132(306)
State  0( 0), entry 12f(303): OTP_PUSH_NUM        3b5(949)
State  0( 0), entry 130(304): OTP_RIGHT_OUTPUT     0(  0)
State  0( 0), entry 131(305): OTP_STOP             0(  0)
State  0( 0), entry 132(306): OTP_LEFT_RETURN      0(  0)
State  0( 0), entry 133(307): OTP_GOTO_NE         f6(246)
State  0( 0), entry 134(308):                     138(312)
State  0( 0), entry 135(309): OTP_PUSH_NUM        3c6(966)
State  0( 0), entry 136(310): OTP_RIGHT_OUTPUT     0(  0)
State  0( 0), entry 137(311): OTP_STOP             0(  0)
State  0( 0), entry 138(312): OTP_LEFT_RETURN      0(  0)
State  0( 0), entry 139(313): OTP_GOTO_NE         e3(227)
State  0( 0), entry 13a(314):                     13e(318)
State  0( 0), entry 13b(315): OTP_PUSH_NUM        3b3(947)
State  0( 0), entry 13c(316): OTP_RIGHT_OUTPUT     0(  0)
State  0( 0), entry 13d(317): OTP_STOP             0(  0)
State  0( 0), entry 13e(318): OTP_LEFT_RETURN      0(  0)
State  0( 0), entry 13f(319): OTP_GOTO_NE         e7(231)
State  0( 0), entry 140(320):                     144(324)
State  0( 0), entry 141(321): OTP_PUSH_NUM        3b7(951)
State  0( 0), entry 142(322): OTP_RIGHT_OUTPUT     0(  0)
State  0( 0), entry 143(323): OTP_STOP             0(  0)
State  0( 0), entry 144(324): OTP_LEFT_RETURN      0(  0)
State  0( 0), entry 145(325): OTP_GOTO_NE         e9(233)
State  0( 0), entry 146(326):                     14a(330)
State  0( 0), entry 147(327): OTP_PUSH_NUM        3b9(953)
State  0( 0), entry 148(328): OTP_RIGHT_OUTPUT     0(  0)
State  0( 0), entry 149(329): OTP_STOP             0(  0)
State  0( 0), entry 14a(330): OTP_LEFT_RETURN      0(  0)
State  0( 0), entry 14b(331): OTP_GOTO_NE         e8(232)
State  0( 0), entry 14c(332):                     150(336)
State  0( 0), entry 14d(333): OTP_PUSH_NUM        3b8(952)
State  0( 0), entry 14e(334): OTP_RIGHT_OUTPUT     0(  0)
State  0( 0), entry 14f(335): OTP_STOP             0(  0)
State  0( 0), entry 150(336): OTP_LEFT_RETURN      0(  0)
State  0( 0), entry 151(337): OTP_GOTO_NE         ea(234)
State  0( 0), entry 152(338):                     156(342)
State  0( 0), entry 153(339): OTP_PUSH_NUM        3ba(954)
State  0( 0), entry 154(340): OTP_RIGHT_OUTPUT     0(  0)
State  0( 0), entry 155(341): OTP_STOP             0(  0)
State  0( 0), entry 156(342): OTP_LEFT_RETURN      0(  0)
State  0( 0), entry 157(343): OTP_GOTO_NE         eb(235)
State  0( 0), entry 158(344):                     15c(348)
State  0( 0), entry 159(345): OTP_PUSH_NUM        3bb(955)
State  0( 0), entry 15a(346): OTP_RIGHT_OUTPUT     0(  0)
State  0( 0), entry 15b(347): OTP_STOP             0(  0)
State  0( 0), entry 15c(348): OTP_LEFT_RETURN      0(  0)
State  0( 0), entry 15d(349): OTP_GOTO_NE         ec(236)
State  0( 0), entry 15e(350):                     162(354)
State  0( 0), entry 15f(351): OTP_PUSH_NUM        3bc(956)
State  0( 0), entry 160(352): OTP_RIGHT_OUTPUT     0(  0)
State  0( 0), entry 161(353): OTP_STOP             0(  0)
State  0( 0), entry 162(354): OTP_LEFT_RETURN      0(  0)
State  0( 0), entry 163(355): OTP_GOTO_NE         ed(237)
State  0( 0), entry 164(356):                     168(360)
State  0( 0), entry 165(357): OTP_PUSH_NUM        3bd(957)
State  0( 0), entry 166(358): OTP_RIGHT_OUTPUT     0(  0)
State  0( 0), entry 167(359): OTP_STOP             0(  0)
State  0( 0), entry 168(360): OTP_LEFT_RETURN      0(  0)
State  0( 0), entry 169(361): OTP_GOTO_NE         ef(239)
State  0( 0), entry 16a(362):                     16e(366)
State  0( 0), entry 16b(363): OTP_PUSH_NUM        3bf(959)
State  0( 0), entry 16c(364): OTP_RIGHT_OUTPUT     0(  0)
State  0( 0), entry 16d(365): OTP_STOP             0(  0)
State  0( 0), entry 16e(366): OTP_LEFT_RETURN      0(  0)
State  0( 0), entry 16f(367): OTP_GOTO_NE         f0(240)
State  0( 0), entry 170(368):                     174(372)
State  0( 0), entry 171(369): OTP_PUSH_NUM        3c0(960)
State  0( 0), entry 172(370): OTP_RIGHT_OUTPUT     0(  0)
State  0( 0), entry 173(371): OTP_STOP             0(  0)
State  0( 0), entry 174(372): OTP_LEFT_RETURN      0(  0)
State  0( 0), entry 175(373): OTP_GOTO_NE         f7(247)
State  0( 0), entry 176(374):                     17a(378)
State  0( 0), entry 177(375): OTP_PUSH_NUM        3c7(967)
State  0( 0), entry 178(376): OTP_RIGHT_OUTPUT     0(  0)
State  0( 0), entry 179(377): OTP_STOP             0(  0)
State  0( 0), entry 17a(378): OTP_LEFT_RETURN      0(  0)
State  0( 0), entry 17b(379): OTP_GOTO_NE         f1(241)
State  0( 0), entry 17c(380):                     180(384)
State  0( 0), entry 17d(381): OTP_PUSH_NUM        3c1(961)
State  0( 0), entry 17e(382): OTP_RIGHT_OUTPUT     0(  0)
State  0( 0), entry 17f(383): OTP_STOP             0(  0)
State  0( 0), entry 180(384): OTP_LEFT_RETURN      0(  0)
State  0( 0), entry 181(385): OTP_GOTO_NE         f3(243)
State  0( 0), entry 182(386):                     186(390)
State  0( 0), entry 183(387): OTP_PUSH_NUM        3c3(963)
State  0( 0), entry 184(388): OTP_RIGHT_OUTPUT     0(  0)
State  0( 0), entry 185(389): OTP_STOP             0(  0)
State  0( 0), entry 186(390): OTP_LEFT_RETURN      0(  0)
State  0( 0), entry 187(391): OTP_GOTO_NE         f4(244)
State  0( 0), entry 188(392):                     18c(396)
State  0( 0), entry 189(393): OTP_PUSH_NUM        3c4(964)
State  0( 0), entry 18a(394): OTP_RIGHT_OUTPUT     0(  0)
State  0( 0), entry 18b(395): OTP_STOP             0(  0)
State  0( 0), entry 18c(396): OTP_LEFT_RETURN      0(  0)
State  0( 0), entry 18d(397): OTP_GOTO_NE         f5(245)
State  0( 0), entry 18e(398):                     192(402)
State  0( 0), entry 18f(399): OTP_PUSH_NUM        3c5(965)
State  0( 0), entry 190(400): OTP_RIGHT_OUTPUT     0(  0)
State  0( 0), entry 191(401): OTP_STOP             0(  0)
State  0( 0), entry 192(402): OTP_LEFT_RETURN      0(  0)
State  0( 0), entry 193(403): OTP_GOTO_NE         f9(249)
State  0( 0), entry 194(404):                     198(408)
State  0( 0), entry 195(405): OTP_PUSH_NUM        3c9(969)
State  0( 0), entry 196(406): OTP_RIGHT_OUTPUT     0(  0)
State  0( 0), entry 197(407): OTP_STOP             0(  0)
State  0( 0), entry 198(408): OTP_LEFT_RETURN      0(  0)
State  0( 0), entry 199(409): OTP_GOTO_NE         ee(238)
State  0( 0), entry 19a(410):                     19e(414)
State  0( 0), entry 19b(411): OTP_PUSH_NUM        3be(958)
State  0( 0), entry 19c(412): OTP_RIGHT_OUTPUT     0(  0)
State  0( 0), entry 19d(413): OTP_STOP             0(  0)
State  0( 0), entry 19e(414): OTP_LEFT_RETURN      0(  0)
State  0( 0), entry 19f(415): OTP_GOTO_NE         f8(248)
State  0( 0), entry 1a0(416):                     1a4(420)
State  0( 0), entry 1a1(417): OTP_PUSH_NUM        3c8(968)
State  0( 0), entry 1a2(418): OTP_RIGHT_OUTPUT     0(  0)
State  0( 0), entry 1a3(419): OTP_STOP             0(  0)
State  0( 0), entry 1a4(420): OTP_LEFT_RETURN      0(  0)
State  0( 0), entry 1a5(421): OTP_GOTO_NE         e6(230)
State  0( 0), entry 1a6(422):                     1aa(426)
State  0( 0), entry 1a7(423): OTP_PUSH_NUM        3b6(950)
State  0( 0), entry 1a8(424): OTP_RIGHT_OUTPUT     0(  0)
State  0( 0), entry 1a9(425): OTP_STOP             0(  0)
State  0( 0), entry 1aa(426): OTP_LEFT_RETURN      0(  0)
State  0( 0), entry 1ab(427): OTP_GOTO_NE         3b( 59,`;')
State  0( 0), entry 1ac(428):                     1af(431)
State  0( 0), entry 1ad(429): OTP_RIGHT_NUM       37e(894)
State  0( 0), entry 1ae(430): OTP_STOP             0(  0)
State  0( 0), entry 1af(431): OTP_LEFT_RETURN      0(  0)
State  0( 0), entry 1b0(432): OTP_GOTO_NE         b7(183)
State  0( 0), entry 1b1(433):                     1b4(436)
State  0( 0), entry 1b2(434): OTP_RIGHT_NUM       387(903)
State  0( 0), entry 1b3(435): OTP_STOP             0(  0)
State  0( 0), entry 1b4(436): OTP_LEFT_RETURN      0(  0)
State  0( 0), entry 1b5(437): OTP_RIGHT_CHAR       1(  1)
State  0( 0), entry 1b6(438): OTP_STOP             0(  0)
State  0( 0), entry 1b7(439): OTP_LEFT_RETURN      0(  0)
State  0( 0), entry 1b8(440): OTP_RIGHT_CHAR       1(  1)
State  0( 0), entry 1b9(441): OTP_STOP             0(  0)
