ctp_length     :  48( 72)
ctp_input      :   2(  2)
ctp_output     :   2(  2)
ctp_no_tables  :   0(  0)
ctp_room_tables:   0(  0)
ctp_no_states  :   1(  1)
ctp_room_states:  40( 64)

State  0( 0):  40( 64) entries

State  0( 0), entry   0(  0): OTP_LEFT_START       0(  0)
State  0( 0), entry   1(  1): OTP_GOTO_LT         3ac(940)
State  0( 0), entry   2(  2):                      6(  6)
State  0( 0), entry   3(  3): OTP_GOTO_GT         3d1(977)
State  0( 0), entry   4(  4):                      6(  6)
State  0( 0), entry   5(  5): OTP_GOTO            15( 21)
State  0( 0), entry   6(  6): OTP_GOTO_NE         3d5(981)
State  0( 0), entry   7(  7):                      9(  9)
State  0( 0), entry   8(  8): OTP_GOTO            15( 21)
State  0( 0), entry   9(  9): OTP_GOTO_NE         3d6(982)
State  0( 0), entry   a( 10):                      c( 12)
State  0( 0), entry   b( 11): OTP_GOTO            15( 21)
State  0( 0), entry   c( 12): OTP_GOTO_LT         3f0(1008)
State  0( 0), entry   d( 13):                     11( 17)
State  0( 0), entry   e( 14): OTP_GOTO_GT         3f3(1011)
State  0( 0), entry   f( 15):                     11( 17)
State  0( 0), entry  10( 16): OTP_GOTO            15( 21)
State  0( 0), entry  11( 17): OTP_GOTO_LT         1f00(7936)
State  0( 0), entry  12( 18):                     1f( 31)
State  0( 0), entry  13( 19): OTP_GOTO_GT         1fff(8191)
State  0( 0), entry  14( 20):                     1f( 31)
State  0( 0), entry  15( 21): OTP_GOTO_NO_ADVANCE 1f( 31)
State  0( 0), entry  16( 22): OTP_GOTO_NE         3b2(946)
State  0( 0), entry  17( 23):                     1f( 31)
State  0( 0), entry  18( 24): OTP_GOTO_NO_ADVANCE 1f( 31)
State  0( 0), entry  19( 25): OTP_GOTO_NE         3b2(946)
State  0( 0), entry  1a( 26):                     1f( 31)
State  0( 0), entry  1b( 27): OTP_RIGHT_CHAR       1(  1)
State  0( 0), entry  1c( 28): OTP_RIGHT_NUM       3d0(976)
State  0( 0), entry  1d( 29): OTP_RIGHT_NUM       3d0(976)
State  0( 0), entry  1e( 30): OTP_STOP             0(  0)
State  0( 0), entry  1f( 31): OTP_LEFT_RETURN      0(  0)
State  0( 0), entry  20( 32): OTP_GOTO_LT         3ac(940)
State  0( 0), entry  21( 33):                     25( 37,`%')
State  0( 0), entry  22( 34): OTP_GOTO_GT         3d1(977)
State  0( 0), entry  23( 35):                     25( 37,`%')
State  0( 0), entry  24( 36): OTP_GOTO            34( 52,`4')
State  0( 0), entry  25( 37): OTP_GOTO_NE         3d5(981)
State  0( 0), entry  26( 38):                     28( 40,`(')
State  0( 0), entry  27( 39): OTP_GOTO            34( 52,`4')
State  0( 0), entry  28( 40): OTP_GOTO_NE         3d6(982)
State  0( 0), entry  29( 41):                     2b( 43,`+')
State  0( 0), entry  2a( 42): OTP_GOTO            34( 52,`4')
State  0( 0), entry  2b( 43): OTP_GOTO_LT         3f0(1008)
State  0( 0), entry  2c( 44):                     30( 48,`0')
State  0( 0), entry  2d( 45): OTP_GOTO_GT         3f3(1011)
State  0( 0), entry  2e( 46):                     30( 48,`0')
State  0( 0), entry  2f( 47): OTP_GOTO            34( 52,`4')
State  0( 0), entry  30( 48): OTP_GOTO_LT         1f00(7936)
State  0( 0), entry  31( 49):                     3a( 58,`:')
State  0( 0), entry  32( 50): OTP_GOTO_GT         1fff(8191)
State  0( 0), entry  33( 51):                     3a( 58,`:')
State  0( 0), entry  34( 52): OTP_GOTO_NO_ADVANCE 3a( 58,`:')
State  0( 0), entry  35( 53): OTP_GOTO_NE         3b2(946)
State  0( 0), entry  36( 54):                     3a( 58,`:')
State  0( 0), entry  37( 55): OTP_RIGHT_CHAR       1(  1)
State  0( 0), entry  38( 56): OTP_RIGHT_NUM       3d0(976)
State  0( 0), entry  39( 57): OTP_STOP             0(  0)
State  0( 0), entry  3a( 58): OTP_LEFT_RETURN      0(  0)
State  0( 0), entry  3b( 59): OTP_RIGHT_CHAR       1(  1)
State  0( 0), entry  3c( 60): OTP_STOP             0(  0)
State  0( 0), entry  3d( 61): OTP_LEFT_RETURN      0(  0)
State  0( 0), entry  3e( 62): OTP_RIGHT_CHAR       1(  1)
State  0( 0), entry  3f( 63): OTP_STOP             0(  0)
