ctp_length     : 16c(364)
ctp_input      :   2(  2)
ctp_output     :   2(  2)
ctp_no_tables  :   0(  0)
ctp_room_tables:   0(  0)
ctp_no_states  :   1(  1)
ctp_room_states: 164(356)

State  0( 0): 164(356) entries

State  0( 0), entry   0(  0): OTP_LEFT_START       0(  0)
State  0( 0), entry   1(  1): OTP_GOTO_NE         66(102,`f')
State  0( 0), entry   2(  2):                      8(  8)
State  0( 0), entry   3(  3): OTP_GOTO_NO_ADVANCE  8(  8)
State  0( 0), entry   4(  4): OTP_GOTO_NE         69(105,`i')
State  0( 0), entry   5(  5):                      8(  8)
State  0( 0), entry   6(  6): OTP_RIGHT_NUM       221(545)
State  0( 0), entry   7(  7): OTP_STOP             0(  0)
State  0( 0), entry   8(  8): OTP_LEFT_RETURN      0(  0)
State  0( 0), entry   9(  9): OTP_GOTO_NE         66(102,`f')
State  0( 0), entry   a( 10):                     10( 16)
State  0( 0), entry   b( 11): OTP_GOTO_NO_ADVANCE 10( 16)
State  0( 0), entry   c( 12): OTP_GOTO_NE         6c(108,`l')
State  0( 0), entry   d( 13):                     10( 16)
State  0( 0), entry   e( 14): OTP_RIGHT_NUM       222(546)
State  0( 0), entry   f( 15): OTP_STOP             0(  0)
State  0( 0), entry  10( 16): OTP_LEFT_RETURN      0(  0)
State  0( 0), entry  11( 17): OTP_GOTO_NE         c4e(3150)
State  0( 0), entry  12( 18):                     14( 20)
State  0( 0), entry  13( 19): OTP_GOTO            16( 22)
State  0( 0), entry  14( 20): OTP_GOTO_NE         c4c(3148)
State  0( 0), entry  15( 21):                     23( 35,`#')
State  0( 0), entry  16( 22): OTP_GOTO_NO_ADVANCE 23( 35,`#')
State  0( 0), entry  17( 23): OTP_GOTO_NE         c45(3141)
State  0( 0), entry  18( 24):                     1a( 26)
State  0( 0), entry  19( 25): OTP_GOTO            1c( 28)
State  0( 0), entry  1a( 26): OTP_GOTO_NE         c4f(3151)
State  0( 0), entry  1b( 27):                     23( 35,`#')
State  0( 0), entry  1c( 28): OTP_GOTO_NO_ADVANCE 23( 35,`#')
State  0( 0), entry  1d( 29): OTP_GOTO_NE         c4e(3150)
State  0( 0), entry  1e( 30):                     23( 35,`#')
State  0( 0), entry  1f( 31): OTP_PUSH_CHAR        1(  1)
State  0( 0), entry  20( 32): OTP_RIGHT_OUTPUT     0(  0)
State  0( 0), entry  21( 33): OTP_RIGHT_NUM       c82(3202)
State  0( 0), entry  22( 34): OTP_STOP             0(  0)
State  0( 0), entry  23( 35): OTP_LEFT_RETURN      0(  0)
State  0( 0), entry  24( 36): OTP_GOTO_NE         c4e(3150)
State  0( 0), entry  25( 37):                     27( 39,`'')
State  0( 0), entry  26( 38): OTP_GOTO            29( 41,`)')
State  0( 0), entry  27( 39): OTP_GOTO_NE         c4c(3148)
State  0( 0), entry  28( 40):                     30( 48,`0')
State  0( 0), entry  29( 41): OTP_GOTO_NO_ADVANCE 30( 48,`0')
State  0( 0), entry  2a( 42): OTP_GOTO_NE         c4e(3150)
State  0( 0), entry  2b( 43):                     30( 48,`0')
State  0( 0), entry  2c( 44): OTP_PUSH_CHAR        1(  1)
State  0( 0), entry  2d( 45): OTP_RIGHT_OUTPUT     0(  0)
State  0( 0), entry  2e( 46): OTP_RIGHT_NUM       c82(3202)
State  0( 0), entry  2f( 47): OTP_STOP             0(  0)
State  0( 0), entry  30( 48): OTP_LEFT_RETURN      0(  0)
State  0( 0), entry  31( 49): OTP_GOTO_NE         c4e(3150)
State  0( 0), entry  32( 50):                     34( 52,`4')
State  0( 0), entry  33( 51): OTP_GOTO            36( 54,`6')
State  0( 0), entry  34( 52): OTP_GOTO_NE         c4c(3148)
State  0( 0), entry  35( 53):                     43( 67,`C')
State  0( 0), entry  36( 54): OTP_GOTO_NO_ADVANCE 43( 67,`C')
State  0( 0), entry  37( 55): OTP_GOTO_NE         c45(3141)
State  0( 0), entry  38( 56):                     3a( 58,`:')
State  0( 0), entry  39( 57): OTP_GOTO            3c( 60,`<')
State  0( 0), entry  3a( 58): OTP_GOTO_NE         c4f(3151)
State  0( 0), entry  3b( 59):                     43( 67,`C')
State  0( 0), entry  3c( 60): OTP_GOTO_NO_ADVANCE 43( 67,`C')
State  0( 0), entry  3d( 61): OTP_GOTO_NE         c4c(3148)
State  0( 0), entry  3e( 62):                     43( 67,`C')
State  0( 0), entry  3f( 63): OTP_PUSH_CHAR        1(  1)
State  0( 0), entry  40( 64): OTP_RIGHT_OUTPUT     0(  0)
State  0( 0), entry  41( 65): OTP_RIGHT_NUM       c81(3201)
State  0( 0), entry  42( 66): OTP_STOP             0(  0)
State  0( 0), entry  43( 67): OTP_LEFT_RETURN      0(  0)
State  0( 0), entry  44( 68): OTP_GOTO_NE         c4e(3150)
State  0( 0), entry  45( 69):                     47( 71,`G')
State  0( 0), entry  46( 70): OTP_GOTO            49( 73,`I')
State  0( 0), entry  47( 71): OTP_GOTO_NE         c4c(3148)
State  0( 0), entry  48( 72):                     50( 80,`P')
State  0( 0), entry  49( 73): OTP_GOTO_NO_ADVANCE 50( 80,`P')
State  0( 0), entry  4a( 74): OTP_GOTO_NE         c4c(3148)
State  0( 0), entry  4b( 75):                     50( 80,`P')
State  0( 0), entry  4c( 76): OTP_PUSH_CHAR        1(  1)
State  0( 0), entry  4d( 77): OTP_RIGHT_OUTPUT     0(  0)
State  0( 0), entry  4e( 78): OTP_RIGHT_NUM       c81(3201)
State  0( 0), entry  4f( 79): OTP_STOP             0(  0)
State  0( 0), entry  50( 80): OTP_LEFT_RETURN      0(  0)
State  0( 0), entry  51( 81): OTP_GOTO_NE         c4e(3150)
State  0( 0), entry  52( 82):                     5e( 94,`^')
State  0( 0), entry  53( 83): OTP_GOTO_NO_ADVANCE 5e( 94,`^')
State  0( 0), entry  54( 84): OTP_GOTO_NE         c45(3141)
State  0( 0), entry  55( 85):                     57( 87,`W')
State  0( 0), entry  56( 86): OTP_GOTO            59( 89,`Y')
State  0( 0), entry  57( 87): OTP_GOTO_NE         c4f(3151)
State  0( 0), entry  58( 88):                     5e( 94,`^')
State  0( 0), entry  59( 89): OTP_GOTO_NO_ADVANCE 5e( 94,`^')
State  0( 0), entry  5a( 90): OTP_GOTO_NE         c47(3143)
State  0( 0), entry  5b( 91):                     5e( 94,`^')
State  0( 0), entry  5c( 92): OTP_RIGHT_NUM       c80(3200)
State  0( 0), entry  5d( 93): OTP_STOP             0(  0)
State  0( 0), entry  5e( 94): OTP_LEFT_RETURN      0(  0)
State  0( 0), entry  5f( 95): OTP_GOTO_NE         c4e(3150)
State  0( 0), entry  60( 96):                     66(102,`f')
State  0( 0), entry  61( 97): OTP_GOTO_NO_ADVANCE 66(102,`f')
State  0( 0), entry  62( 98): OTP_GOTO_NE         c47(3143)
State  0( 0), entry  63( 99):                     66(102,`f')
State  0( 0), entry  64(100): OTP_RIGHT_NUM       c80(3200)
State  0( 0), entry  65(101): OTP_STOP             0(  0)
State  0( 0), entry  66(102): OTP_LEFT_RETURN      0(  0)
State  0( 0), entry  67(103): OTP_GOTO_NE         c42(3138)
State  0( 0), entry  68(104):                     74(116,`t')
State  0( 0), entry  69(105): OTP_GOTO_NO_ADVANCE 74(116,`t')
State  0( 0), entry  6a(106): OTP_GOTO_NE         c45(3141)
State  0( 0), entry  6b(107):                     6d(109,`m')
State  0( 0), entry  6c(108): OTP_GOTO            6f(111,`o')
State  0( 0), entry  6d(109): OTP_GOTO_NE         c4f(3151)
State  0( 0), entry  6e(110):                     74(116,`t')
State  0( 0), entry  6f(111): OTP_GOTO_NO_ADVANCE 74(116,`t')
State  0( 0), entry  70(112): OTP_GOTO_NE         c54(3156)
State  0( 0), entry  71(113):                     74(116,`t')
State  0( 0), entry  72(114): OTP_RIGHT_NUM       c83(3203)
State  0( 0), entry  73(115): OTP_STOP             0(  0)
State  0( 0), entry  74(116): OTP_LEFT_RETURN      0(  0)
State  0( 0), entry  75(117): OTP_GOTO_NE         c42(3138)
State  0( 0), entry  76(118):                     7c(124,`|')
State  0( 0), entry  77(119): OTP_GOTO_NO_ADVANCE 7c(124,`|')
State  0( 0), entry  78(120): OTP_GOTO_NE         c54(3156)
State  0( 0), entry  79(121):                     7c(124,`|')
State  0( 0), entry  7a(122): OTP_RIGHT_NUM       c83(3203)
State  0( 0), entry  7b(123): OTP_STOP             0(  0)
State  0( 0), entry  7c(124): OTP_LEFT_RETURN      0(  0)
State  0( 0), entry  7d(125): OTP_GOTO_NE         c43(3139)
State  0( 0), entry  7e(126):                     8a(138)
State  0( 0), entry  7f(127): OTP_GOTO_NO_ADVANCE 8a(138)
State  0( 0), entry  80(128): OTP_GOTO_NE         c45(3141)
State  0( 0), entry  81(129):                     83(131)
State  0( 0), entry  82(130): OTP_GOTO            85(133)
State  0( 0), entry  83(131): OTP_GOTO_NE         c4f(3151)
State  0( 0), entry  84(132):                     8a(138)
State  0( 0), entry  85(133): OTP_GOTO_NO_ADVANCE 8a(138)
State  0( 0), entry  86(134): OTP_GOTO_NE         c54(3156)
State  0( 0), entry  87(135):                     8a(138)
State  0( 0), entry  88(136): OTP_RIGHT_NUM       c84(3204)
State  0( 0), entry  89(137): OTP_STOP             0(  0)
State  0( 0), entry  8a(138): OTP_LEFT_RETURN      0(  0)
State  0( 0), entry  8b(139): OTP_GOTO_NE         c43(3139)
State  0( 0), entry  8c(140):                     92(146)
State  0( 0), entry  8d(141): OTP_GOTO_NO_ADVANCE 92(146)
State  0( 0), entry  8e(142): OTP_GOTO_NE         c54(3156)
State  0( 0), entry  8f(143):                     92(146)
State  0( 0), entry  90(144): OTP_RIGHT_NUM       c84(3204)
State  0( 0), entry  91(145): OTP_STOP             0(  0)
State  0( 0), entry  92(146): OTP_LEFT_RETURN      0(  0)
State  0( 0), entry  93(147): OTP_GOTO_NE         c47(3143)
State  0( 0), entry  94(148):                     a0(160)
State  0( 0), entry  95(149): OTP_GOTO_NO_ADVANCE a0(160)
State  0( 0), entry  96(150): OTP_GOTO_NE         c45(3141)
State  0( 0), entry  97(151):                     99(153)
State  0( 0), entry  98(152): OTP_GOTO            9b(155)
State  0( 0), entry  99(153): OTP_GOTO_NE         c4f(3151)
State  0( 0), entry  9a(154):                     a0(160)
State  0( 0), entry  9b(155): OTP_GOTO_NO_ADVANCE a0(160)
State  0( 0), entry  9c(156): OTP_GOTO_NE         c54(3156)
State  0( 0), entry  9d(157):                     a0(160)
State  0( 0), entry  9e(158): OTP_RIGHT_NUM       c86(3206)
State  0( 0), entry  9f(159): OTP_STOP             0(  0)
State  0( 0), entry  a0(160): OTP_LEFT_RETURN      0(  0)
State  0( 0), entry  a1(161): OTP_GOTO_NE         c47(3143)
State  0( 0), entry  a2(162):                     a8(168)
State  0( 0), entry  a3(163): OTP_GOTO_NO_ADVANCE a8(168)
State  0( 0), entry  a4(164): OTP_GOTO_NE         c54(3156)
State  0( 0), entry  a5(165):                     a8(168)
State  0( 0), entry  a6(166): OTP_RIGHT_NUM       c86(3206)
State  0( 0), entry  a7(167): OTP_STOP             0(  0)
State  0( 0), entry  a8(168): OTP_LEFT_RETURN      0(  0)
State  0( 0), entry  a9(169): OTP_GOTO_NE         c4d(3149)
State  0( 0), entry  aa(170):                     b6(182)
State  0( 0), entry  ab(171): OTP_GOTO_NO_ADVANCE b6(182)
State  0( 0), entry  ac(172): OTP_GOTO_NE         c45(3141)
State  0( 0), entry  ad(173):                     af(175)
State  0( 0), entry  ae(174): OTP_GOTO            b1(177)
State  0( 0), entry  af(175): OTP_GOTO_NE         c4f(3151)
State  0( 0), entry  b0(176):                     b6(182)
State  0( 0), entry  b1(177): OTP_GOTO_NO_ADVANCE b6(182)
State  0( 0), entry  b2(178): OTP_GOTO_NE         c54(3156)
State  0( 0), entry  b3(179):                     b6(182)
State  0( 0), entry  b4(180): OTP_RIGHT_NUM       c87(3207)
State  0( 0), entry  b5(181): OTP_STOP             0(  0)
State  0( 0), entry  b6(182): OTP_LEFT_RETURN      0(  0)
State  0( 0), entry  b7(183): OTP_GOTO_NE         c4d(3149)
State  0( 0), entry  b8(184):                     be(190)
State  0( 0), entry  b9(185): OTP_GOTO_NO_ADVANCE be(190)
State  0( 0), entry  ba(186): OTP_GOTO_NE         c54(3156)
State  0( 0), entry  bb(187):                     be(190)
State  0( 0), entry  bc(188): OTP_RIGHT_NUM       c87(3207)
State  0( 0), entry  bd(189): OTP_STOP             0(  0)
State  0( 0), entry  be(190): OTP_LEFT_RETURN      0(  0)
State  0( 0), entry  bf(191): OTP_GOTO_NE         c52(3154)
State  0( 0), entry  c0(192):                     cc(204)
State  0( 0), entry  c1(193): OTP_GOTO_NO_ADVANCE cc(204)
State  0( 0), entry  c2(194): OTP_GOTO_NE         c45(3141)
State  0( 0), entry  c3(195):                     c5(197)
State  0( 0), entry  c4(196): OTP_GOTO            c7(199)
State  0( 0), entry  c5(197): OTP_GOTO_NE         c4f(3151)
State  0( 0), entry  c6(198):                     cc(204)
State  0( 0), entry  c7(199): OTP_GOTO_NO_ADVANCE cc(204)
State  0( 0), entry  c8(200): OTP_GOTO_NE         c54(3156)
State  0( 0), entry  c9(201):                     cc(204)
State  0( 0), entry  ca(202): OTP_RIGHT_NUM       c88(3208)
State  0( 0), entry  cb(203): OTP_STOP             0(  0)
State  0( 0), entry  cc(204): OTP_LEFT_RETURN      0(  0)
State  0( 0), entry  cd(205): OTP_GOTO_NE         c52(3154)
State  0( 0), entry  ce(206):                     d4(212)
State  0( 0), entry  cf(207): OTP_GOTO_NO_ADVANCE d4(212)
State  0( 0), entry  d0(208): OTP_GOTO_NE         c54(3156)
State  0( 0), entry  d1(209):                     d4(212)
State  0( 0), entry  d2(210): OTP_RIGHT_NUM       c88(3208)
State  0( 0), entry  d3(211): OTP_STOP             0(  0)
State  0( 0), entry  d4(212): OTP_LEFT_RETURN      0(  0)
State  0( 0), entry  d5(213): OTP_GOTO_NE         c53(3155)
State  0( 0), entry  d6(214):                     e2(226)
State  0( 0), entry  d7(215): OTP_GOTO_NO_ADVANCE e2(226)
State  0( 0), entry  d8(216): OTP_GOTO_NE         c45(3141)
State  0( 0), entry  d9(217):                     db(219)
State  0( 0), entry  da(218): OTP_GOTO            dd(221)
State  0( 0), entry  db(219): OTP_GOTO_NE         c4f(3151)
State  0( 0), entry  dc(220):                     e2(226)
State  0( 0), entry  dd(221): OTP_GOTO_NO_ADVANCE e2(226)
State  0( 0), entry  de(222): OTP_GOTO_NE         c54(3156)
State  0( 0), entry  df(223):                     e2(226)
State  0( 0), entry  e0(224): OTP_RIGHT_NUM       c89(3209)
State  0( 0), entry  e1(225): OTP_STOP             0(  0)
State  0( 0), entry  e2(226): OTP_LEFT_RETURN      0(  0)
State  0( 0), entry  e3(227): OTP_GOTO_NE         c53(3155)
State  0( 0), entry  e4(228):                     ea(234)
State  0( 0), entry  e5(229): OTP_GOTO_NO_ADVANCE ea(234)
State  0( 0), entry  e6(230): OTP_GOTO_NE         c54(3156)
State  0( 0), entry  e7(231):                     ea(234)
State  0( 0), entry  e8(232): OTP_RIGHT_NUM       c89(3209)
State  0( 0), entry  e9(233): OTP_STOP             0(  0)
State  0( 0), entry  ea(234): OTP_LEFT_RETURN      0(  0)
State  0( 0), entry  eb(235): OTP_GOTO_NE         c7a(3194)
State  0( 0), entry  ec(236):                     f8(248)
State  0( 0), entry  ed(237): OTP_GOTO_NO_ADVANCE f8(248)
State  0( 0), entry  ee(238): OTP_GOTO_NE         c45(3141)
State  0( 0), entry  ef(239):                     f1(241)
State  0( 0), entry  f0(240): OTP_GOTO            f3(243)
State  0( 0), entry  f1(241): OTP_GOTO_NE         c4f(3151)
State  0( 0), entry  f2(242):                     f8(248)
State  0( 0), entry  f3(243): OTP_GOTO_NO_ADVANCE f8(248)
State  0( 0), entry  f4(244): OTP_GOTO_NE         c54(3156)
State  0( 0), entry  f5(245):                     f8(248)
State  0( 0), entry  f6(246): OTP_RIGHT_NUM       c8a(3210)
State  0( 0), entry  f7(247): OTP_STOP             0(  0)
State  0( 0), entry  f8(248): OTP_LEFT_RETURN      0(  0)
State  0( 0), entry  f9(249): OTP_GOTO_NE         c7a(3194)
State  0( 0), entry  fa(250):                     100(256)
State  0( 0), entry  fb(251): OTP_GOTO_NO_ADVANCE 100(256)
State  0( 0), entry  fc(252): OTP_GOTO_NE         c54(3156)
State  0( 0), entry  fd(253):                     100(256)
State  0( 0), entry  fe(254): OTP_RIGHT_NUM       c8a(3210)
State  0( 0), entry  ff(255): OTP_STOP             0(  0)
State  0( 0), entry 100(256): OTP_LEFT_RETURN      0(  0)
State  0( 0), entry 101(257): OTP_GOTO_LT         2010(8208)
State  0( 0), entry 102(258):                     10a(266)
State  0( 0), entry 103(259): OTP_GOTO_GT         2046(8262)
State  0( 0), entry 104(260):                     10a(266)
State  0( 0), entry 105(261): OTP_PUSH_CHAR        1(  1)
State  0( 0), entry 106(262): OTP_PUSH_NUM        1000(4096)
State  0( 0), entry 107(263): OTP_SUB              0(  0)
State  0( 0), entry 108(264): OTP_RIGHT_OUTPUT     0(  0)
State  0( 0), entry 109(265): OTP_STOP             0(  0)
State  0( 0), entry 10a(266): OTP_LEFT_RETURN      0(  0)
State  0( 0), entry 10b(267): OTP_GOTO_LT         1e00(7680)
State  0( 0), entry 10c(268):                     114(276)
State  0( 0), entry 10d(269): OTP_GOTO_GT         1eff(7935)
State  0( 0), entry 10e(270):                     114(276)
State  0( 0), entry 10f(271): OTP_PUSH_CHAR        1(  1)
State  0( 0), entry 110(272): OTP_PUSH_NUM        1800(6144)
State  0( 0), entry 111(273): OTP_SUB              0(  0)
State  0( 0), entry 112(274): OTP_RIGHT_OUTPUT     0(  0)
State  0( 0), entry 113(275): OTP_STOP             0(  0)
State  0( 0), entry 114(276): OTP_LEFT_RETURN      0(  0)
State  0( 0), entry 115(277): OTP_GOTO_LT         400(1024)
State  0( 0), entry 116(278):                     11b(283)
State  0( 0), entry 117(279): OTP_GOTO_GT         4ff(1279)
State  0( 0), entry 118(280):                     11b(283)
State  0( 0), entry 119(281): OTP_RIGHT_CHAR       1(  1)
State  0( 0), entry 11a(282): OTP_STOP             0(  0)
State  0( 0), entry 11b(283): OTP_LEFT_RETURN      0(  0)
State  0( 0), entry 11c(284): OTP_GOTO_NE         f023(61475)
State  0( 0), entry 11d(285):                     120(288)
State  0( 0), entry 11e(286): OTP_RIGHT_NUM       83(131)
State  0( 0), entry 11f(287): OTP_STOP             0(  0)
State  0( 0), entry 120(288): OTP_LEFT_RETURN      0(  0)
State  0( 0), entry 121(289): OTP_GOTO_NE         f024(61476)
State  0( 0), entry 122(290):                     125(293)
State  0( 0), entry 123(291): OTP_RIGHT_NUM       84(132)
State  0( 0), entry 124(292): OTP_STOP             0(  0)
State  0( 0), entry 125(293): OTP_LEFT_RETURN      0(  0)
State  0( 0), entry 126(294): OTP_GOTO_NE         f025(61477)
State  0( 0), entry 127(295):                     12a(298)
State  0( 0), entry 128(296): OTP_RIGHT_NUM       85(133)
State  0( 0), entry 129(297): OTP_STOP             0(  0)
State  0( 0), entry 12a(298): OTP_LEFT_RETURN      0(  0)
State  0( 0), entry 12b(299): OTP_GOTO_NE         f026(61478)
State  0( 0), entry 12c(300):                     12f(303)
State  0( 0), entry 12d(301): OTP_RIGHT_NUM       86(134)
State  0( 0), entry 12e(302): OTP_STOP             0(  0)
State  0( 0), entry 12f(303): OTP_LEFT_RETURN      0(  0)
State  0( 0), entry 130(304): OTP_GOTO_NE         f07b(61563)
State  0( 0), entry 131(305):                     134(308)
State  0( 0), entry 132(306): OTP_RIGHT_NUM       8b(139)
State  0( 0), entry 133(307): OTP_STOP             0(  0)
State  0( 0), entry 134(308): OTP_LEFT_RETURN      0(  0)
State  0( 0), entry 135(309): OTP_GOTO_NE         f05c(61532)
State  0( 0), entry 136(310):                     139(313)
State  0( 0), entry 137(311): OTP_RIGHT_NUM       8c(140)
State  0( 0), entry 138(312): OTP_STOP             0(  0)
State  0( 0), entry 139(313): OTP_LEFT_RETURN      0(  0)
State  0( 0), entry 13a(314): OTP_GOTO_NE         f07d(61565)
State  0( 0), entry 13b(315):                     13e(318)
State  0( 0), entry 13c(316): OTP_RIGHT_NUM       8d(141)
State  0( 0), entry 13d(317): OTP_STOP             0(  0)
State  0( 0), entry 13e(318): OTP_LEFT_RETURN      0(  0)
State  0( 0), entry 13f(319): OTP_GOTO_NE         f05e(61534)
State  0( 0), entry 140(320):                     143(323)
State  0( 0), entry 141(321): OTP_RIGHT_NUM       8e(142)
State  0( 0), entry 142(322): OTP_STOP             0(  0)
State  0( 0), entry 143(323): OTP_LEFT_RETURN      0(  0)
State  0( 0), entry 144(324): OTP_GOTO_NE         f05f(61535)
State  0( 0), entry 145(325):                     148(328)
State  0( 0), entry 146(326): OTP_RIGHT_NUM       8f(143)
State  0( 0), entry 147(327): OTP_STOP             0(  0)
State  0( 0), entry 148(328): OTP_LEFT_RETURN      0(  0)
State  0( 0), entry 149(329): OTP_GOTO_NE         f07e(61566)
State  0( 0), entry 14a(330):                     14d(333)
State  0( 0), entry 14b(331): OTP_RIGHT_NUM       80(128)
State  0( 0), entry 14c(332): OTP_STOP             0(  0)
State  0( 0), entry 14d(333): OTP_LEFT_RETURN      0(  0)
State  0( 0), entry 14e(334): OTP_GOTO_LT         f000(61440)
State  0( 0), entry 14f(335):                     15e(350)
State  0( 0), entry 150(336): OTP_GOTO_GT         f07f(61567)
State  0( 0), entry 151(337):                     15e(350)
State  0( 0), entry 152(338): OTP_RIGHT_NUM       5c( 92,`\')
State  0( 0), entry 153(339): OTP_RIGHT_NUM       73(115,`s')
State  0( 0), entry 154(340): OTP_RIGHT_NUM       74(116,`t')
State  0( 0), entry 155(341): OTP_RIGHT_NUM       72(114,`r')
State  0( 0), entry 156(342): OTP_RIGHT_NUM       69(105,`i')
State  0( 0), entry 157(343): OTP_RIGHT_NUM       6e(110,`n')
State  0( 0), entry 158(344): OTP_RIGHT_NUM       67(103,`g')
State  0( 0), entry 159(345): OTP_PUSH_CHAR        1(  1)
State  0( 0), entry 15a(346): OTP_PUSH_NUM        f000(61440)
State  0( 0), entry 15b(347): OTP_SUB              0(  0)
State  0( 0), entry 15c(348): OTP_RIGHT_OUTPUT     0(  0)
State  0( 0), entry 15d(349): OTP_STOP             0(  0)
State  0( 0), entry 15e(350): OTP_LEFT_RETURN      0(  0)
State  0( 0), entry 15f(351): OTP_RIGHT_CHAR       1(  1)
State  0( 0), entry 160(352): OTP_STOP             0(  0)
State  0( 0), entry 161(353): OTP_LEFT_RETURN      0(  0)
State  0( 0), entry 162(354): OTP_RIGHT_CHAR       1(  1)
State  0( 0), entry 163(355): OTP_STOP             0(  0)
