ctp_length     : 912
ctp_input      : 1
ctp_output     : 2
ctp_no_tables  : 0
ctp_room_tables: 0
ctp_no_states  : 1
ctp_room_states: 904

State 0: 904 entries

          0  LEFT_START      0x0 (0)
          1  GOTO_NE         0x4c (76,`L')
          2                  0xe (14)
          3  GOTO_NO_ADVANCE 0xe (14)
          4  GOTO_NE         0x4c (76,`L')
          5                  0xe (14)
          6  GOTO_NO_ADVANCE 0xe (14)
          7  GOTO_NE         0x61 (97,`a')
          8                  0xe (14)
          9  GOTO_NO_ADVANCE 0xe (14)
          a  GOTO_NE         0x68 (104,`h')
          b                  0xe (14)
          c  RIGHT_NUM       0xfdf2 (65010)
          d  STOP            0x0 (0)
          e  LEFT_RETURN     0x0 (0)
          f  GOTO_NE         0x53 (83,`S')
         10                  0x19 (25)
         11  GOTO_NO_ADVANCE 0x19 (25)
         12  GOTO_NE         0x4c (76,`L')
         13                  0x19 (25)
         14  GOTO_NO_ADVANCE 0x19 (25)
         15  GOTO_NE         0x68 (104,`h')
         16                  0x19 (25)
         17  RIGHT_NUM       0xfdfa (65018)
         18  STOP            0x0 (0)
         19  LEFT_RETURN     0x0 (0)
         1a  GOTO_NE         0x7c (124,`|')
         1b                  0x28 (40,`(')
         1c  GOTO_NO_ADVANCE 0x28 (40,`(')
         1d  GOTO_NE         0x7c (124,`|')
         1e                  0x28 (40,`(')
         1f  GOTO_NO_ADVANCE 0x28 (40,`(')
         20  GOTO_NE         0x7c (124,`|')
         21                  0x28 (40,`(')
         22  GOTO_NO_ADVANCE 0x28 (40,`(')
         23  GOTO_NE         0x7c (124,`|')
         24                  0x28 (40,`(')
         25  RIGHT_NUM       0x621 (1569)
         26  RIGHT_NUM       0x651 (1617)
         27  STOP            0x0 (0)
         28  LEFT_RETURN     0x0 (0)
         29  GOTO_NE         0x7c (124,`|')
         2a                  0x30 (48,`0')
         2b  GOTO_NO_ADVANCE 0x30 (48,`0')
         2c  GOTO_NE         0x7c (124,`|')
         2d                  0x30 (48,`0')
         2e  RIGHT_NUM       0x621 (1569)
         2f  STOP            0x0 (0)
         30  LEFT_RETURN     0x0 (0)
         31  GOTO_NE         0x7a (122,`z')
         32                  0x3f (63,`?')
         33  GOTO_NO_ADVANCE 0x3f (63,`?')
         34  GOTO_NE         0x68 (104,`h')
         35                  0x3f (63,`?')
         36  GOTO_NO_ADVANCE 0x3f (63,`?')
         37  GOTO_NE         0x7a (122,`z')
         38                  0x3f (63,`?')
         39  GOTO_NO_ADVANCE 0x3f (63,`?')
         3a  GOTO_NE         0x68 (104,`h')
         3b                  0x3f (63,`?')
         3c  RIGHT_NUM       0x698 (1688)
         3d  RIGHT_NUM       0x651 (1617)
         3e  STOP            0x0 (0)
         3f  LEFT_RETURN     0x0 (0)
         40  GOTO_NE         0x7a (122,`z')
         41                  0x47 (71,`G')
         42  GOTO_NO_ADVANCE 0x47 (71,`G')
         43  GOTO_NE         0x68 (104,`h')
         44                  0x47 (71,`G')
         45  RIGHT_NUM       0x698 (1688)
         46  STOP            0x0 (0)
         47  LEFT_RETURN     0x0 (0)
         48  GOTO_NE         0x7a (122,`z')
         49                  0x50 (80,`P')
         4a  GOTO_NO_ADVANCE 0x50 (80,`P')
         4b  GOTO_NE         0x7a (122,`z')
         4c                  0x50 (80,`P')
         4d  RIGHT_NUM       0x632 (1586)
         4e  RIGHT_NUM       0x651 (1617)
         4f  STOP            0x0 (0)
         50  LEFT_RETURN     0x0 (0)
         51  GOTO_NE         0x7a (122,`z')
         52                  0x55 (85,`U')
         53  RIGHT_NUM       0x632 (1586)
         54  STOP            0x0 (0)
         55  LEFT_RETURN     0x0 (0)
         56  GOTO_NE         0x79 (121,`y')
         57                  0x5e (94,`^')
         58  GOTO_NO_ADVANCE 0x5e (94,`^')
         59  GOTO_NE         0x79 (121,`y')
         5a                  0x5e (94,`^')
         5b  RIGHT_NUM       0x64a (1610)
         5c  RIGHT_NUM       0x651 (1617)
         5d  STOP            0x0 (0)
         5e  LEFT_RETURN     0x0 (0)
         5f  GOTO_NE         0x79 (121,`y')
         60                  0x63 (99,`c')
         61  RIGHT_NUM       0x64a (1610)
         62  STOP            0x0 (0)
         63  LEFT_RETURN     0x0 (0)
         64  GOTO_NE         0x76 (118,`v')
         65                  0x6c (108,`l')
         66  GOTO_NO_ADVANCE 0x6c (108,`l')
         67  GOTO_NE         0x76 (118,`v')
         68                  0x6c (108,`l')
         69  RIGHT_NUM       0x6a4 (1700)
         6a  RIGHT_NUM       0x651 (1617)
         6b  STOP            0x0 (0)
         6c  LEFT_RETURN     0x0 (0)
         6d  GOTO_NE         0x76 (118,`v')
         6e                  0x71 (113,`q')
         6f  RIGHT_NUM       0x6a4 (1700)
         70  STOP            0x0 (0)
         71  LEFT_RETURN     0x0 (0)
         72  GOTO_NE         0x75 (117,`u')
         73                  0x79 (121,`y')
         74  GOTO_NO_ADVANCE 0x79 (121,`y')
         75  GOTO_NE         0x4e (78,`N')
         76                  0x79 (121,`y')
         77  RIGHT_NUM       0x64c (1612)
         78  STOP            0x0 (0)
         79  LEFT_RETURN     0x0 (0)
         7a  GOTO_NE         0x75 (117,`u')
         7b                  0x7e (126,`~')
         7c  RIGHT_NUM       0x64f (1615)
         7d  STOP            0x0 (0)
         7e  LEFT_RETURN     0x0 (0)
         7f  GOTO_NE         0x74 (116,`t')
         80                  0x8d (141)
         81  GOTO_NO_ADVANCE 0x8d (141)
         82  GOTO_NE         0x68 (104,`h')
         83                  0x8d (141)
         84  GOTO_NO_ADVANCE 0x8d (141)
         85  GOTO_NE         0x74 (116,`t')
         86                  0x8d (141)
         87  GOTO_NO_ADVANCE 0x8d (141)
         88  GOTO_NE         0x68 (104,`h')
         89                  0x8d (141)
         8a  RIGHT_NUM       0x62b (1579)
         8b  RIGHT_NUM       0x651 (1617)
         8c  STOP            0x0 (0)
         8d  LEFT_RETURN     0x0 (0)
         8e  GOTO_NE         0x74 (116,`t')
         8f                  0x95 (149)
         90  GOTO_NO_ADVANCE 0x95 (149)
         91  GOTO_NE         0x68 (104,`h')
         92                  0x95 (149)
         93  RIGHT_NUM       0x62b (1579)
         94  STOP            0x0 (0)
         95  LEFT_RETURN     0x0 (0)
         96  GOTO_NE         0x74 (116,`t')
         97                  0x9e (158)
         98  GOTO_NO_ADVANCE 0x9e (158)
         99  GOTO_NE         0x74 (116,`t')
         9a                  0x9e (158)
         9b  RIGHT_NUM       0x62a (1578)
         9c  RIGHT_NUM       0x651 (1617)
         9d  STOP            0x0 (0)
         9e  LEFT_RETURN     0x0 (0)
         9f  GOTO_NE         0x74 (116,`t')
         a0                  0xa3 (163)
         a1  RIGHT_NUM       0x62a (1578)
         a2  STOP            0x0 (0)
         a3  LEFT_RETURN     0x0 (0)
         a4  GOTO_NE         0x73 (115,`s')
         a5                  0xb2 (178)
         a6  GOTO_NO_ADVANCE 0xb2 (178)
         a7  GOTO_NE         0x68 (104,`h')
         a8                  0xb2 (178)
         a9  GOTO_NO_ADVANCE 0xb2 (178)
         aa  GOTO_NE         0x73 (115,`s')
         ab                  0xb2 (178)
         ac  GOTO_NO_ADVANCE 0xb2 (178)
         ad  GOTO_NE         0x68 (104,`h')
         ae                  0xb2 (178)
         af  RIGHT_NUM       0x634 (1588)
         b0  RIGHT_NUM       0x651 (1617)
         b1  STOP            0x0 (0)
         b2  LEFT_RETURN     0x0 (0)
         b3  GOTO_NE         0x73 (115,`s')
         b4                  0xba (186)
         b5  GOTO_NO_ADVANCE 0xba (186)
         b6  GOTO_NE         0x68 (104,`h')
         b7                  0xba (186)
         b8  RIGHT_NUM       0x634 (1588)
         b9  STOP            0x0 (0)
         ba  LEFT_RETURN     0x0 (0)
         bb  GOTO_NE         0x73 (115,`s')
         bc                  0xc3 (195)
         bd  GOTO_NO_ADVANCE 0xc3 (195)
         be  GOTO_NE         0x73 (115,`s')
         bf                  0xc3 (195)
         c0  RIGHT_NUM       0x633 (1587)
         c1  RIGHT_NUM       0x651 (1617)
         c2  STOP            0x0 (0)
         c3  LEFT_RETURN     0x0 (0)
         c4  GOTO_NE         0x73 (115,`s')
         c5                  0xc8 (200)
         c6  RIGHT_NUM       0x633 (1587)
         c7  STOP            0x0 (0)
         c8  LEFT_RETURN     0x0 (0)
         c9  GOTO_NE         0x72 (114,`r')
         ca                  0xd1 (209)
         cb  GOTO_NO_ADVANCE 0xd1 (209)
         cc  GOTO_NE         0x72 (114,`r')
         cd                  0xd1 (209)
         ce  RIGHT_NUM       0x631 (1585)
         cf  RIGHT_NUM       0x651 (1617)
         d0  STOP            0x0 (0)
         d1  LEFT_RETURN     0x0 (0)
         d2  GOTO_NE         0x72 (114,`r')
         d3                  0xd6 (214)
         d4  RIGHT_NUM       0x631 (1585)
         d5  STOP            0x0 (0)
         d6  LEFT_RETURN     0x0 (0)
         d7  GOTO_NE         0x71 (113,`q')
         d8                  0xdf (223)
         d9  GOTO_NO_ADVANCE 0xdf (223)
         da  GOTO_NE         0x71 (113,`q')
         db                  0xdf (223)
         dc  RIGHT_NUM       0x642 (1602)
         dd  RIGHT_NUM       0x651 (1617)
         de  STOP            0x0 (0)
         df  LEFT_RETURN     0x0 (0)
         e0  GOTO_NE         0x71 (113,`q')
         e1                  0xe4 (228)
         e2  RIGHT_NUM       0x642 (1602)
         e3  STOP            0x0 (0)
         e4  LEFT_RETURN     0x0 (0)
         e5  GOTO_NE         0x70 (112,`p')
         e6                  0xed (237)
         e7  GOTO_NO_ADVANCE 0xed (237)
         e8  GOTO_NE         0x70 (112,`p')
         e9                  0xed (237)
         ea  RIGHT_NUM       0x67e (1662)
         eb  RIGHT_NUM       0x651 (1617)
         ec  STOP            0x0 (0)
         ed  LEFT_RETURN     0x0 (0)
         ee  GOTO_NE         0x70 (112,`p')
         ef                  0xf2 (242)
         f0  RIGHT_NUM       0x67e (1662)
         f1  STOP            0x0 (0)
         f2  LEFT_RETURN     0x0 (0)
         f3  GOTO_NE         0x6e (110,`n')
         f4                  0xfb (251)
         f5  GOTO_NO_ADVANCE 0xfb (251)
         f6  GOTO_NE         0x6e (110,`n')
         f7                  0xfb (251)
         f8  RIGHT_NUM       0x646 (1606)
         f9  RIGHT_NUM       0x651 (1617)
         fa  STOP            0x0 (0)
         fb  LEFT_RETURN     0x0 (0)
         fc  GOTO_NE         0x6e (110,`n')
         fd                  0x100 (256)
         fe  RIGHT_NUM       0x646 (1606)
         ff  STOP            0x0 (0)
        100  LEFT_RETURN     0x0 (0)
        101  GOTO_NE         0x6d (109,`m')
        102                  0x109 (265)
        103  GOTO_NO_ADVANCE 0x109 (265)
        104  GOTO_NE         0x6d (109,`m')
        105                  0x109 (265)
        106  RIGHT_NUM       0x645 (1605)
        107  RIGHT_NUM       0x651 (1617)
        108  STOP            0x0 (0)
        109  LEFT_RETURN     0x0 (0)
        10a  GOTO_NE         0x6d (109,`m')
        10b                  0x10e (270)
        10c  RIGHT_NUM       0x645 (1605)
        10d  STOP            0x0 (0)
        10e  LEFT_RETURN     0x0 (0)
        10f  GOTO_NE         0x6c (108,`l')
        110                  0x117 (279)
        111  GOTO_NO_ADVANCE 0x117 (279)
        112  GOTO_NE         0x6c (108,`l')
        113                  0x117 (279)
        114  RIGHT_NUM       0x644 (1604)
        115  RIGHT_NUM       0x651 (1617)
        116  STOP            0x0 (0)
        117  LEFT_RETURN     0x0 (0)
        118  GOTO_NE         0x6c (108,`l')
        119                  0x11c (284)
        11a  RIGHT_NUM       0x644 (1604)
        11b  STOP            0x0 (0)
        11c  LEFT_RETURN     0x0 (0)
        11d  GOTO_NE         0x6b (107,`k')
        11e                  0x12b (299)
        11f  GOTO_NO_ADVANCE 0x12b (299)
        120  GOTO_NE         0x68 (104,`h')
        121                  0x12b (299)
        122  GOTO_NO_ADVANCE 0x12b (299)
        123  GOTO_NE         0x6b (107,`k')
        124                  0x12b (299)
        125  GOTO_NO_ADVANCE 0x12b (299)
        126  GOTO_NE         0x68 (104,`h')
        127                  0x12b (299)
        128  RIGHT_NUM       0x62e (1582)
        129  RIGHT_NUM       0x651 (1617)
        12a  STOP            0x0 (0)
        12b  LEFT_RETURN     0x0 (0)
        12c  GOTO_NE         0x6b (107,`k')
        12d                  0x133 (307)
        12e  GOTO_NO_ADVANCE 0x133 (307)
        12f  GOTO_NE         0x68 (104,`h')
        130                  0x133 (307)
        131  RIGHT_NUM       0x62e (1582)
        132  STOP            0x0 (0)
        133  LEFT_RETURN     0x0 (0)
        134  GOTO_NE         0x6b (107,`k')
        135                  0x13c (316)
        136  GOTO_NO_ADVANCE 0x13c (316)
        137  GOTO_NE         0x6b (107,`k')
        138                  0x13c (316)
        139  RIGHT_NUM       0x643 (1603)
        13a  RIGHT_NUM       0x651 (1617)
        13b  STOP            0x0 (0)
        13c  LEFT_RETURN     0x0 (0)
        13d  GOTO_NE         0x6b (107,`k')
        13e                  0x141 (321)
        13f  RIGHT_NUM       0x643 (1603)
        140  STOP            0x0 (0)
        141  LEFT_RETURN     0x0 (0)
        142  GOTO_NE         0x6a (106,`j')
        143                  0x14a (330)
        144  GOTO_NO_ADVANCE 0x14a (330)
        145  GOTO_NE         0x6a (106,`j')
        146                  0x14a (330)
        147  RIGHT_NUM       0x62c (1580)
        148  RIGHT_NUM       0x651 (1617)
        149  STOP            0x0 (0)
        14a  LEFT_RETURN     0x0 (0)
        14b  GOTO_NE         0x6a (106,`j')
        14c                  0x14f (335)
        14d  RIGHT_NUM       0x62c (1580)
        14e  STOP            0x0 (0)
        14f  LEFT_RETURN     0x0 (0)
        150  GOTO_NE         0x69 (105,`i')
        151                  0x157 (343)
        152  GOTO_NO_ADVANCE 0x157 (343)
        153  GOTO_NE         0x4e (78,`N')
        154                  0x157 (343)
        155  RIGHT_NUM       0x64d (1613)
        156  STOP            0x0 (0)
        157  LEFT_RETURN     0x0 (0)
        158  GOTO_NE         0x69 (105,`i')
        159                  0x15c (348)
        15a  RIGHT_NUM       0x650 (1616)
        15b  STOP            0x0 (0)
        15c  LEFT_RETURN     0x0 (0)
        15d  GOTO_NE         0x67 (103,`g')
        15e                  0x16b (363)
        15f  GOTO_NO_ADVANCE 0x16b (363)
        160  GOTO_NE         0x68 (104,`h')
        161                  0x16b (363)
        162  GOTO_NO_ADVANCE 0x16b (363)
        163  GOTO_NE         0x67 (103,`g')
        164                  0x16b (363)
        165  GOTO_NO_ADVANCE 0x16b (363)
        166  GOTO_NE         0x68 (104,`h')
        167                  0x16b (363)
        168  RIGHT_NUM       0x63a (1594)
        169  RIGHT_NUM       0x651 (1617)
        16a  STOP            0x0 (0)
        16b  LEFT_RETURN     0x0 (0)
        16c  GOTO_NE         0x67 (103,`g')
        16d                  0x173 (371)
        16e  GOTO_NO_ADVANCE 0x173 (371)
        16f  GOTO_NE         0x68 (104,`h')
        170                  0x173 (371)
        171  RIGHT_NUM       0x63a (1594)
        172  STOP            0x0 (0)
        173  LEFT_RETURN     0x0 (0)
        174  GOTO_NE         0x67 (103,`g')
        175                  0x17c (380)
        176  GOTO_NO_ADVANCE 0x17c (380)
        177  GOTO_NE         0x67 (103,`g')
        178                  0x17c (380)
        179  RIGHT_NUM       0x6af (1711)
        17a  RIGHT_NUM       0x651 (1617)
        17b  STOP            0x0 (0)
        17c  LEFT_RETURN     0x0 (0)
        17d  GOTO_NE         0x67 (103,`g')
        17e                  0x181 (385)
        17f  RIGHT_NUM       0x6af (1711)
        180  STOP            0x0 (0)
        181  LEFT_RETURN     0x0 (0)
        182  GOTO_NE         0x66 (102,`f')
        183                  0x18a (394)
        184  GOTO_NO_ADVANCE 0x18a (394)
        185  GOTO_NE         0x66 (102,`f')
        186                  0x18a (394)
        187  RIGHT_NUM       0x641 (1601)
        188  RIGHT_NUM       0x651 (1617)
        189  STOP            0x0 (0)
        18a  LEFT_RETURN     0x0 (0)
        18b  GOTO_NE         0x66 (102,`f')
        18c                  0x18f (399)
        18d  RIGHT_NUM       0x641 (1601)
        18e  STOP            0x0 (0)
        18f  LEFT_RETURN     0x0 (0)
        190  GOTO_NE         0x65 (101,`e')
        191                  0x198 (408)
        192  GOTO_NO_ADVANCE 0x198 (408)
        193  GOTO_NE         0x65 (101,`e')
        194                  0x198 (408)
        195  RIGHT_NUM       0x6c0 (1728)
        196  RIGHT_NUM       0x651 (1617)
        197  STOP            0x0 (0)
        198  LEFT_RETURN     0x0 (0)
        199  GOTO_NE         0x65 (101,`e')
        19a                  0x19d (413)
        19b  RIGHT_NUM       0x6c0 (1728)
        19c  STOP            0x0 (0)
        19d  LEFT_RETURN     0x0 (0)
        19e  GOTO_NE         0x64 (100,`d')
        19f                  0x1ac (428)
        1a0  GOTO_NO_ADVANCE 0x1ac (428)
        1a1  GOTO_NE         0x68 (104,`h')
        1a2                  0x1ac (428)
        1a3  GOTO_NO_ADVANCE 0x1ac (428)
        1a4  GOTO_NE         0x64 (100,`d')
        1a5                  0x1ac (428)
        1a6  GOTO_NO_ADVANCE 0x1ac (428)
        1a7  GOTO_NE         0x68 (104,`h')
        1a8                  0x1ac (428)
        1a9  RIGHT_NUM       0x630 (1584)
        1aa  RIGHT_NUM       0x651 (1617)
        1ab  STOP            0x0 (0)
        1ac  LEFT_RETURN     0x0 (0)
        1ad  GOTO_NE         0x64 (100,`d')
        1ae                  0x1b4 (436)
        1af  GOTO_NO_ADVANCE 0x1b4 (436)
        1b0  GOTO_NE         0x68 (104,`h')
        1b1                  0x1b4 (436)
        1b2  RIGHT_NUM       0x630 (1584)
        1b3  STOP            0x0 (0)
        1b4  LEFT_RETURN     0x0 (0)
        1b5  GOTO_NE         0x64 (100,`d')
        1b6                  0x1bd (445)
        1b7  GOTO_NO_ADVANCE 0x1bd (445)
        1b8  GOTO_NE         0x64 (100,`d')
        1b9                  0x1bd (445)
        1ba  RIGHT_NUM       0x62f (1583)
        1bb  RIGHT_NUM       0x651 (1617)
        1bc  STOP            0x0 (0)
        1bd  LEFT_RETURN     0x0 (0)
        1be  GOTO_NE         0x64 (100,`d')
        1bf                  0x1c2 (450)
        1c0  RIGHT_NUM       0x62f (1583)
        1c1  STOP            0x0 (0)
        1c2  LEFT_RETURN     0x0 (0)
        1c3  GOTO_NE         0x63 (99,`c')
        1c4                  0x1d1 (465)
        1c5  GOTO_NO_ADVANCE 0x1d1 (465)
        1c6  GOTO_NE         0x68 (104,`h')
        1c7                  0x1d1 (465)
        1c8  GOTO_NO_ADVANCE 0x1d1 (465)
        1c9  GOTO_NE         0x63 (99,`c')
        1ca                  0x1d1 (465)
        1cb  GOTO_NO_ADVANCE 0x1d1 (465)
        1cc  GOTO_NE         0x68 (104,`h')
        1cd                  0x1d1 (465)
        1ce  RIGHT_NUM       0x686 (1670)
        1cf  RIGHT_NUM       0x651 (1617)
        1d0  STOP            0x0 (0)
        1d1  LEFT_RETURN     0x0 (0)
        1d2  GOTO_NE         0x63 (99,`c')
        1d3                  0x1d9 (473)
        1d4  GOTO_NO_ADVANCE 0x1d9 (473)
        1d5  GOTO_NE         0x68 (104,`h')
        1d6                  0x1d9 (473)
        1d7  RIGHT_NUM       0x686 (1670)
        1d8  STOP            0x0 (0)
        1d9  LEFT_RETURN     0x0 (0)
        1da  GOTO_NE         0x62 (98,`b')
        1db                  0x1e2 (482)
        1dc  GOTO_NO_ADVANCE 0x1e2 (482)
        1dd  GOTO_NE         0x62 (98,`b')
        1de                  0x1e2 (482)
        1df  RIGHT_NUM       0x628 (1576)
        1e0  RIGHT_NUM       0x651 (1617)
        1e1  STOP            0x0 (0)
        1e2  LEFT_RETURN     0x0 (0)
        1e3  GOTO_NE         0x62 (98,`b')
        1e4                  0x1e7 (487)
        1e5  RIGHT_NUM       0x628 (1576)
        1e6  STOP            0x0 (0)
        1e7  LEFT_RETURN     0x0 (0)
        1e8  GOTO_NE         0x61 (97,`a')
        1e9                  0x1ef (495)
        1ea  GOTO_NO_ADVANCE 0x1ef (495)
        1eb  GOTO_NE         0x4e (78,`N')
        1ec                  0x1ef (495)
        1ed  RIGHT_NUM       0x64b (1611)
        1ee  STOP            0x0 (0)
        1ef  LEFT_RETURN     0x0 (0)
        1f0  GOTO_NE         0x61 (97,`a')
        1f1                  0x1f7 (503)
        1f2  GOTO_NO_ADVANCE 0x1f7 (503)
        1f3  GOTO_NE         0x7c (124,`|')
        1f4                  0x1f7 (503)
        1f5  RIGHT_NUM       0x670 (1648)
        1f6  STOP            0x0 (0)
        1f7  LEFT_RETURN     0x0 (0)
        1f8  GOTO_NE         0x61 (97,`a')
        1f9                  0x1fc (508)
        1fa  RIGHT_NUM       0x64e (1614)
        1fb  STOP            0x0 (0)
        1fc  LEFT_RETURN     0x0 (0)
        1fd  GOTO_NE         0x60 (96,``')
        1fe                  0x205 (517)
        1ff  GOTO_NO_ADVANCE 0x205 (517)
        200  GOTO_NE         0x60 (96,``')
        201                  0x205 (517)
        202  RIGHT_NUM       0x639 (1593)
        203  RIGHT_NUM       0x651 (1617)
        204  STOP            0x0 (0)
        205  LEFT_RETURN     0x0 (0)
        206  GOTO_NE         0x60 (96,``')
        207                  0x20a (522)
        208  RIGHT_NUM       0x639 (1593)
        209  STOP            0x0 (0)
        20a  LEFT_RETURN     0x0 (0)
        20b  GOTO_NE         0x5a (90,`Z')
        20c                  0x213 (531)
        20d  GOTO_NO_ADVANCE 0x213 (531)
        20e  GOTO_NE         0x5a (90,`Z')
        20f                  0x213 (531)
        210  RIGHT_NUM       0x638 (1592)
        211  RIGHT_NUM       0x651 (1617)
        212  STOP            0x0 (0)
        213  LEFT_RETURN     0x0 (0)
        214  GOTO_NE         0x5a (90,`Z')
        215                  0x218 (536)
        216  RIGHT_NUM       0x638 (1592)
        217  STOP            0x0 (0)
        218  LEFT_RETURN     0x0 (0)
        219  GOTO_NE         0x55 (85,`U')
        21a                  0x21c (540)
        21b  GOTO            0x21e (542)
        21c  GOTO_NE         0x77 (119,`w')
        21d                  0x227 (551)
        21e  GOTO_NO_ADVANCE 0x227 (551)
        21f  GOTO_NE         0x55 (85,`U')
        220                  0x222 (546)
        221  GOTO            0x224 (548)
        222  GOTO_NE         0x77 (119,`w')
        223                  0x227 (551)
        224  RIGHT_NUM       0x648 (1608)
        225  RIGHT_NUM       0x651 (1617)
        226  STOP            0x0 (0)
        227  LEFT_RETURN     0x0 (0)
        228  GOTO_NE         0x55 (85,`U')
        229                  0x22b (555)
        22a  GOTO            0x22d (557)
        22b  GOTO_NE         0x77 (119,`w')
        22c                  0x22f (559)
        22d  RIGHT_NUM       0x648 (1608)
        22e  STOP            0x0 (0)
        22f  LEFT_RETURN     0x0 (0)
        230  GOTO_NE         0x54 (84,`T')
        231                  0x238 (568)
        232  GOTO_NO_ADVANCE 0x238 (568)
        233  GOTO_NE         0x54 (84,`T')
        234                  0x238 (568)
        235  RIGHT_NUM       0x637 (1591)
        236  RIGHT_NUM       0x651 (1617)
        237  STOP            0x0 (0)
        238  LEFT_RETURN     0x0 (0)
        239  GOTO_NE         0x54 (84,`T')
        23a                  0x23d (573)
        23b  RIGHT_NUM       0x637 (1591)
        23c  STOP            0x0 (0)
        23d  LEFT_RETURN     0x0 (0)
        23e  GOTO_NE         0x53 (83,`S')
        23f                  0x246 (582)
        240  GOTO_NO_ADVANCE 0x246 (582)
        241  GOTO_NE         0x53 (83,`S')
        242                  0x246 (582)
        243  RIGHT_NUM       0x635 (1589)
        244  RIGHT_NUM       0x651 (1617)
        245  STOP            0x0 (0)
        246  LEFT_RETURN     0x0 (0)
        247  GOTO_NE         0x53 (83,`S')
        248                  0x24b (587)
        249  RIGHT_NUM       0x635 (1589)
        24a  STOP            0x0 (0)
        24b  LEFT_RETURN     0x0 (0)
        24c  GOTO_NE         0x49 (73,`I')
        24d                  0x250 (592)
        24e  RIGHT_NUM       0x649 (1609)
        24f  STOP            0x0 (0)
        250  LEFT_RETURN     0x0 (0)
        251  GOTO_NE         0x48 (72,`H')
        252                  0x259 (601)
        253  GOTO_NO_ADVANCE 0x259 (601)
        254  GOTO_NE         0x48 (72,`H')
        255                  0x259 (601)
        256  RIGHT_NUM       0x62d (1581)
        257  RIGHT_NUM       0x651 (1617)
        258  STOP            0x0 (0)
        259  LEFT_RETURN     0x0 (0)
        25a  GOTO_NE         0x48 (72,`H')
        25b                  0x25e (606)
        25c  RIGHT_NUM       0x62d (1581)
        25d  STOP            0x0 (0)
        25e  LEFT_RETURN     0x0 (0)
        25f  GOTO_NE         0x45 (69,`E')
        260                  0x267 (615)
        261  GOTO_NO_ADVANCE 0x267 (615)
        262  GOTO_NE         0x45 (69,`E')
        263                  0x267 (615)
        264  RIGHT_NUM       0x6d2 (1746)
        265  RIGHT_NUM       0x651 (1617)
        266  STOP            0x0 (0)
        267  LEFT_RETURN     0x0 (0)
        268  GOTO_NE         0x45 (69,`E')
        269                  0x26c (620)
        26a  RIGHT_NUM       0x6d2 (1746)
        26b  STOP            0x0 (0)
        26c  LEFT_RETURN     0x0 (0)
        26d  GOTO_NE         0x44 (68,`D')
        26e                  0x275 (629)
        26f  GOTO_NO_ADVANCE 0x275 (629)
        270  GOTO_NE         0x44 (68,`D')
        271                  0x275 (629)
        272  RIGHT_NUM       0x636 (1590)
        273  RIGHT_NUM       0x651 (1617)
        274  STOP            0x0 (0)
        275  LEFT_RETURN     0x0 (0)
        276  GOTO_NE         0x44 (68,`D')
        277                  0x27a (634)
        278  RIGHT_NUM       0x636 (1590)
        279  STOP            0x0 (0)
        27a  LEFT_RETURN     0x0 (0)
        27b  GOTO_NE         0x41 (65,`A')
        27c                  0x27f (639)
        27d  RIGHT_NUM       0x627 (1575)
        27e  STOP            0x0 (0)
        27f  LEFT_RETURN     0x0 (0)
        280  GOTO_NE         0x3c (60,`<')
        281                  0x287 (647)
        282  GOTO_NO_ADVANCE 0x287 (647)
        283  GOTO_NE         0x3e (62,`>')
        284                  0x287 (647)
        285  RIGHT_NUM       0x652 (1618)
        286  STOP            0x0 (0)
        287  LEFT_RETURN     0x0 (0)
        288  GOTO_NE         0x27 (39,`'')
        289                  0x296 (662)
        28a  GOTO_NO_ADVANCE 0x296 (662)
        28b  GOTO_NE         0x79 (121,`y')
        28c                  0x296 (662)
        28d  GOTO_NO_ADVANCE 0x296 (662)
        28e  GOTO_NE         0x27 (39,`'')
        28f                  0x296 (662)
        290  GOTO_NO_ADVANCE 0x296 (662)
        291  GOTO_NE         0x79 (121,`y')
        292                  0x296 (662)
        293  RIGHT_NUM       0x626 (1574)
        294  RIGHT_NUM       0x651 (1617)
        295  STOP            0x0 (0)
        296  LEFT_RETURN     0x0 (0)
        297  GOTO_NE         0x27 (39,`'')
        298                  0x29e (670)
        299  GOTO_NO_ADVANCE 0x29e (670)
        29a  GOTO_NE         0x79 (121,`y')
        29b                  0x29e (670)
        29c  RIGHT_NUM       0x626 (1574)
        29d  STOP            0x0 (0)
        29e  LEFT_RETURN     0x0 (0)
        29f  GOTO_NE         0x27 (39,`'')
        2a0                  0x2a6 (678)
        2a1  GOTO_NO_ADVANCE 0x2a6 (678)
        2a2  GOTO_NE         0x75 (117,`u')
        2a3                  0x2a6 (678)
        2a4  RIGHT_NUM       0x624 (1572)
        2a5  STOP            0x0 (0)
        2a6  LEFT_RETURN     0x0 (0)
        2a7  GOTO_NE         0x27 (39,`'')
        2a8                  0x2b5 (693)
        2a9  GOTO_NO_ADVANCE 0x2b5 (693)
        2aa  GOTO_NE         0x74 (116,`t')
        2ab                  0x2b5 (693)
        2ac  GOTO_NO_ADVANCE 0x2b5 (693)
        2ad  GOTO_NE         0x27 (39,`'')
        2ae                  0x2b5 (693)
        2af  GOTO_NO_ADVANCE 0x2b5 (693)
        2b0  GOTO_NE         0x74 (116,`t')
        2b1                  0x2b5 (693)
        2b2  RIGHT_NUM       0x679 (1657)
        2b3  RIGHT_NUM       0x651 (1617)
        2b4  STOP            0x0 (0)
        2b5  LEFT_RETURN     0x0 (0)
        2b6  GOTO_NE         0x27 (39,`'')
        2b7                  0x2bd (701)
        2b8  GOTO_NO_ADVANCE 0x2bd (701)
        2b9  GOTO_NE         0x74 (116,`t')
        2ba                  0x2bd (701)
        2bb  RIGHT_NUM       0x679 (1657)
        2bc  STOP            0x0 (0)
        2bd  LEFT_RETURN     0x0 (0)
        2be  GOTO_NE         0x27 (39,`'')
        2bf                  0x2cc (716)
        2c0  GOTO_NO_ADVANCE 0x2cc (716)
        2c1  GOTO_NE         0x72 (114,`r')
        2c2                  0x2cc (716)
        2c3  GOTO_NO_ADVANCE 0x2cc (716)
        2c4  GOTO_NE         0x27 (39,`'')
        2c5                  0x2cc (716)
        2c6  GOTO_NO_ADVANCE 0x2cc (716)
        2c7  GOTO_NE         0x72 (114,`r')
        2c8                  0x2cc (716)
        2c9  RIGHT_NUM       0x691 (1681)
        2ca  RIGHT_NUM       0x651 (1617)
        2cb  STOP            0x0 (0)
        2cc  LEFT_RETURN     0x0 (0)
        2cd  GOTO_NE         0x27 (39,`'')
        2ce                  0x2d4 (724)
        2cf  GOTO_NO_ADVANCE 0x2d4 (724)
        2d0  GOTO_NE         0x72 (114,`r')
        2d1                  0x2d4 (724)
        2d2  RIGHT_NUM       0x691 (1681)
        2d3  STOP            0x0 (0)
        2d4  LEFT_RETURN     0x0 (0)
        2d5  GOTO_NE         0x27 (39,`'')
        2d6                  0x2e3 (739)
        2d7  GOTO_NO_ADVANCE 0x2e3 (739)
        2d8  GOTO_NE         0x6e (110,`n')
        2d9                  0x2e3 (739)
        2da  GOTO_NO_ADVANCE 0x2e3 (739)
        2db  GOTO_NE         0x27 (39,`'')
        2dc                  0x2e3 (739)
        2dd  GOTO_NO_ADVANCE 0x2e3 (739)
        2de  GOTO_NE         0x6e (110,`n')
        2df                  0x2e3 (739)
        2e0  RIGHT_NUM       0x6ba (1722)
        2e1  RIGHT_NUM       0x651 (1617)
        2e2  STOP            0x0 (0)
        2e3  LEFT_RETURN     0x0 (0)
        2e4  GOTO_NE         0x27 (39,`'')
        2e5                  0x2eb (747)
        2e6  GOTO_NO_ADVANCE 0x2eb (747)
        2e7  GOTO_NE         0x6e (110,`n')
        2e8                  0x2eb (747)
        2e9  RIGHT_NUM       0x6ba (1722)
        2ea  STOP            0x0 (0)
        2eb  LEFT_RETURN     0x0 (0)
        2ec  GOTO_NE         0x27 (39,`'')
        2ed                  0x2f3 (755)
        2ee  GOTO_NO_ADVANCE 0x2f3 (755)
        2ef  GOTO_NE         0x69 (105,`i')
        2f0                  0x2f3 (755)
        2f1  RIGHT_NUM       0x625 (1573)
        2f2  STOP            0x0 (0)
        2f3  LEFT_RETURN     0x0 (0)
        2f4  GOTO_NE         0x27 (39,`'')
        2f5                  0x302 (770)
        2f6  GOTO_NO_ADVANCE 0x302 (770)
        2f7  GOTO_NE         0x64 (100,`d')
        2f8                  0x302 (770)
        2f9  GOTO_NO_ADVANCE 0x302 (770)
        2fa  GOTO_NE         0x27 (39,`'')
        2fb                  0x302 (770)
        2fc  GOTO_NO_ADVANCE 0x302 (770)
        2fd  GOTO_NE         0x64 (100,`d')
        2fe                  0x302 (770)
        2ff  RIGHT_NUM       0x688 (1672)
        300  RIGHT_NUM       0x651 (1617)
        301  STOP            0x0 (0)
        302  LEFT_RETURN     0x0 (0)
        303  GOTO_NE         0x27 (39,`'')
        304                  0x30a (778)
        305  GOTO_NO_ADVANCE 0x30a (778)
        306  GOTO_NE         0x64 (100,`d')
        307                  0x30a (778)
        308  RIGHT_NUM       0x688 (1672)
        309  STOP            0x0 (0)
        30a  LEFT_RETURN     0x0 (0)
        30b  GOTO_NE         0x27 (39,`'')
        30c                  0x312 (786)
        30d  GOTO_NO_ADVANCE 0x312 (786)
        30e  GOTO_NE         0x61 (97,`a')
        30f                  0x312 (786)
        310  RIGHT_NUM       0x623 (1571)
        311  STOP            0x0 (0)
        312  LEFT_RETURN     0x0 (0)
        313  GOTO_NE         0x27 (39,`'')
        314                  0x31a (794)
        315  GOTO_NO_ADVANCE 0x31a (794)
        316  GOTO_NE         0x41 (65,`A')
        317                  0x31a (794)
        318  RIGHT_NUM       0x622 (1570)
        319  STOP            0x0 (0)
        31a  LEFT_RETURN     0x0 (0)
        31b  GOTO_NE         0x22 (34,`"')
        31c                  0x329 (809)
        31d  GOTO_NO_ADVANCE 0x329 (809)
        31e  GOTO_NE         0x68 (104,`h')
        31f                  0x329 (809)
        320  GOTO_NO_ADVANCE 0x329 (809)
        321  GOTO_NE         0x22 (34,`"')
        322                  0x329 (809)
        323  GOTO_NO_ADVANCE 0x329 (809)
        324  GOTO_NE         0x68 (104,`h')
        325                  0x329 (809)
        326  RIGHT_NUM       0x629 (1577)
        327  RIGHT_NUM       0x651 (1617)
        328  STOP            0x0 (0)
        329  LEFT_RETURN     0x0 (0)
        32a  GOTO_NE         0x22 (34,`"')
        32b                  0x331 (817)
        32c  GOTO_NO_ADVANCE 0x331 (817)
        32d  GOTO_NE         0x68 (104,`h')
        32e                  0x331 (817)
        32f  RIGHT_NUM       0x629 (1577)
        330  STOP            0x0 (0)
        331  LEFT_RETURN     0x0 (0)
        332  GOTO_NE         0x22 (34,`"')
        333                  0x340 (832)
        334  GOTO_NO_ADVANCE 0x340 (832)
        335  GOTO_NE         0x74 (116,`t')
        336                  0x340 (832)
        337  GOTO_NO_ADVANCE 0x340 (832)
        338  GOTO_NE         0x22 (34,`"')
        339                  0x340 (832)
        33a  GOTO_NO_ADVANCE 0x340 (832)
        33b  GOTO_NE         0x74 (116,`t')
        33c                  0x340 (832)
        33d  RIGHT_NUM       0x629 (1577)
        33e  RIGHT_NUM       0x651 (1617)
        33f  STOP            0x0 (0)
        340  LEFT_RETURN     0x0 (0)
        341  GOTO_NE         0x22 (34,`"')
        342                  0x348 (840)
        343  GOTO_NO_ADVANCE 0x348 (840)
        344  GOTO_NE         0x74 (116,`t')
        345                  0x348 (840)
        346  RIGHT_NUM       0x629 (1577)
        347  STOP            0x0 (0)
        348  LEFT_RETURN     0x0 (0)
        349  GOTO_NE         0x22 (34,`"')
        34a                  0x350 (848)
        34b  GOTO_NO_ADVANCE 0x350 (848)
        34c  GOTO_NE         0x41 (65,`A')
        34d                  0x350 (848)
        34e  RIGHT_NUM       0x671 (1649)
        34f  STOP            0x0 (0)
        350  LEFT_RETURN     0x0 (0)
        351  GOTO_NE         0x68 (104,`h')
        352                  0x359 (857)
        353  GOTO_NO_ADVANCE 0x359 (857)
        354  GOTO_NE         0x68 (104,`h')
        355                  0x359 (857)
        356  RIGHT_NUM       0x647 (1607)
        357  RIGHT_NUM       0x651 (1617)
        358  STOP            0x0 (0)
        359  LEFT_RETURN     0x0 (0)
        35a  GOTO_NE         0x68 (104,`h')
        35b                  0x35e (862)
        35c  RIGHT_NUM       0x647 (1607)
        35d  STOP            0x0 (0)
        35e  LEFT_RETURN     0x0 (0)
        35f  GOTO_NE         0x2d (45,`-')
        360                  0x369 (873)
        361  GOTO_NO_ADVANCE 0x369 (873)
        362  GOTO_NE         0x2d (45,`-')
        363                  0x369 (873)
        364  GOTO_NO_ADVANCE 0x369 (873)
        365  GOTO_NE         0x2d (45,`-')
        366                  0x369 (873)
        367  RIGHT_NUM       0x2014 (8212)
        368  STOP            0x0 (0)
        369  LEFT_RETURN     0x0 (0)
        36a  GOTO_NE         0x3c (60,`<')
        36b                  0x371 (881)
        36c  GOTO_NO_ADVANCE 0x371 (881)
        36d  GOTO_NE         0x3c (60,`<')
        36e                  0x371 (881)
        36f  RIGHT_NUM       0xab (171)
        370  STOP            0x0 (0)
        371  LEFT_RETURN     0x0 (0)
        372  GOTO_NE         0x3e (62,`>')
        373                  0x379 (889)
        374  GOTO_NO_ADVANCE 0x379 (889)
        375  GOTO_NE         0x3e (62,`>')
        376                  0x379 (889)
        377  RIGHT_NUM       0xbb (187)
        378  STOP            0x0 (0)
        379  LEFT_RETURN     0x0 (0)
        37a  GOTO_NE         0x2d (45,`-')
        37b                  0x37d (893)
        37c  STOP            0x0 (0)
        37d  LEFT_RETURN     0x0 (0)
        37e  GOTO_NE         0x5f (95,`_')
        37f                  0x382 (898)
        380  RIGHT_NUM       0x640 (1600)
        381  STOP            0x0 (0)
        382  LEFT_RETURN     0x0 (0)
        383  RIGHT_CHAR      0x1 (1)
        384  STOP            0x0 (0)
        385  LEFT_RETURN     0x0 (0)
        386  RIGHT_CHAR      0x1 (1)
        387  STOP            0x0 (0)
