ctp_length     : 78
ctp_input      : 2
ctp_output     : 2
ctp_no_tables  : 0
ctp_room_tables: 0
ctp_no_states  : 1
ctp_room_states: 70

State 0: 70 entries

          0  LEFT_START      0x0 (0)
          1  GOTO_LT         0x386 (902)
          2                  0x6 (6)
          3  GOTO_GT         0x3f3 (1011)
          4                  0x6 (6)
          5  GOTO            0xa (10)
          6  GOTO_LT         0x1f70 (8048)
          7                  0x10 (16)
          8  GOTO_GT         0x1ffc (8188)
          9                  0x10 (16)
          a  GOTO_NO_ADVANCE 0x10 (16)
          b  GOTO_NE         0x27 (39,`'')
          c                  0x10 (16)
          d  RIGHT_CHAR      0x1 (1)
          e  RIGHT_NUM       0x1fbf (8127)
          f  STOP            0x0 (0)
         10  LEFT_RETURN     0x0 (0)
         11  GOTO_NE         0x27 (39,`'')
         12                  0x20 (32,` ')
         13  GOTO_NO_ADVANCE 0x20 (32,` ')
         14  GOTO_LT         0x386 (902)
         15                  0x19 (25)
         16  GOTO_GT         0x3f3 (1011)
         17                  0x19 (25)
         18  GOTO            0x1d (29)
         19  GOTO_LT         0x1f70 (8048)
         1a                  0x20 (32,` ')
         1b  GOTO_GT         0x1ffc (8188)
         1c                  0x20 (32,` ')
         1d  RIGHT_NUM       0x1fbf (8127)
         1e  RIGHT_CHAR      0x1 (1)
         1f  STOP            0x0 (0)
         20  LEFT_RETURN     0x0 (0)
         21  GOTO_LT         0x386 (902)
         22                  0x26 (38,`&')
         23  GOTO_GT         0x3f3 (1011)
         24                  0x26 (38,`&')
         25  GOTO            0x2a (42,`*')
         26  GOTO_LT         0x1f70 (8048)
         27                  0x30 (48,`0')
         28  GOTO_GT         0x1ffc (8188)
         29                  0x30 (48,`0')
         2a  GOTO_NO_ADVANCE 0x30 (48,`0')
         2b  GOTO_NE         0x2019 (8217)
         2c                  0x30 (48,`0')
         2d  RIGHT_CHAR      0x1 (1)
         2e  RIGHT_NUM       0x1fbf (8127)
         2f  STOP            0x0 (0)
         30  LEFT_RETURN     0x0 (0)
         31  GOTO_NE         0x2019 (8217)
         32                  0x40 (64,`@')
         33  GOTO_NO_ADVANCE 0x40 (64,`@')
         34  GOTO_LT         0x386 (902)
         35                  0x39 (57,`9')
         36  GOTO_GT         0x3f3 (1011)
         37                  0x39 (57,`9')
         38  GOTO            0x3d (61,`=')
         39  GOTO_LT         0x1f70 (8048)
         3a                  0x40 (64,`@')
         3b  GOTO_GT         0x1ffc (8188)
         3c                  0x40 (64,`@')
         3d  RIGHT_NUM       0x1fbf (8127)
         3e  RIGHT_CHAR      0x1 (1)
         3f  STOP            0x0 (0)
         40  LEFT_RETURN     0x0 (0)
         41  RIGHT_CHAR      0x1 (1)
         42  STOP            0x0 (0)
         43  LEFT_RETURN     0x0 (0)
         44  RIGHT_CHAR      0x1 (1)
         45  STOP            0x0 (0)
