ctp_length     : 450
ctp_input      : 1
ctp_output     : 2
ctp_no_tables  : 0
ctp_room_tables: 0
ctp_no_states  : 1
ctp_room_states: 442

State 0: 442 entries

          0  LEFT_START      0x0 (0)
          1  GOTO_NE         0xc0 (192)
          2                  0x6 (6)
          3  PUSH_NUM        0x390 (912)
          4  RIGHT_OUTPUT    0x0 (0)
          5  STOP            0x0 (0)
          6  LEFT_RETURN     0x0 (0)
          7  GOTO_NE         0xe0 (224)
          8                  0xc (12)
          9  PUSH_NUM        0x3b0 (944)
          a  RIGHT_OUTPUT    0x0 (0)
          b  STOP            0x0 (0)
          c  LEFT_RETURN     0x0 (0)
          d  GOTO_NE         0xda (218)
          e                  0x12 (18)
          f  PUSH_NUM        0x3aa (938)
         10  RIGHT_OUTPUT    0x0 (0)
         11  STOP            0x0 (0)
         12  LEFT_RETURN     0x0 (0)
         13  GOTO_NE         0xdb (219)
         14                  0x18 (24)
         15  PUSH_NUM        0x3ab (939)
         16  RIGHT_OUTPUT    0x0 (0)
         17  STOP            0x0 (0)
         18  LEFT_RETURN     0x0 (0)
         19  GOTO_NE         0xfa (250)
         1a                  0x1e (30)
         1b  PUSH_NUM        0x3ca (970)
         1c  RIGHT_OUTPUT    0x0 (0)
         1d  STOP            0x0 (0)
         1e  LEFT_RETURN     0x0 (0)
         1f  GOTO_NE         0xfb (251)
         20                  0x24 (36,`$')
         21  PUSH_NUM        0x3cb (971)
         22  RIGHT_OUTPUT    0x0 (0)
         23  STOP            0x0 (0)
         24  LEFT_RETURN     0x0 (0)
         25  GOTO_NE         0xdc (220)
         26                  0x2a (42,`*')
         27  PUSH_NUM        0x3ac (940)
         28  RIGHT_OUTPUT    0x0 (0)
         29  STOP            0x0 (0)
         2a  LEFT_RETURN     0x0 (0)
         2b  GOTO_NE         0xdd (221)
         2c                  0x30 (48,`0')
         2d  PUSH_NUM        0x3ad (941)
         2e  RIGHT_OUTPUT    0x0 (0)
         2f  STOP            0x0 (0)
         30  LEFT_RETURN     0x0 (0)
         31  GOTO_NE         0xde (222)
         32                  0x36 (54,`6')
         33  PUSH_NUM        0x3ae (942)
         34  RIGHT_OUTPUT    0x0 (0)
         35  STOP            0x0 (0)
         36  LEFT_RETURN     0x0 (0)
         37  GOTO_NE         0xdf (223)
         38                  0x3c (60,`<')
         39  PUSH_NUM        0x3af (943)
         3a  RIGHT_OUTPUT    0x0 (0)
         3b  STOP            0x0 (0)
         3c  LEFT_RETURN     0x0 (0)
         3d  GOTO_NE         0xfc (252)
         3e                  0x42 (66,`B')
         3f  PUSH_NUM        0x3cc (972)
         40  RIGHT_OUTPUT    0x0 (0)
         41  STOP            0x0 (0)
         42  LEFT_RETURN     0x0 (0)
         43  GOTO_NE         0xfd (253)
         44                  0x48 (72,`H')
         45  PUSH_NUM        0x3cd (973)
         46  RIGHT_OUTPUT    0x0 (0)
         47  STOP            0x0 (0)
         48  LEFT_RETURN     0x0 (0)
         49  GOTO_NE         0xfe (254)
         4a                  0x4e (78,`N')
         4b  PUSH_NUM        0x3ce (974)
         4c  RIGHT_OUTPUT    0x0 (0)
         4d  STOP            0x0 (0)
         4e  LEFT_RETURN     0x0 (0)
         4f  GOTO_NE         0xa2 (162)
         50                  0x54 (84,`T')
         51  PUSH_NUM        0x386 (902)
         52  RIGHT_OUTPUT    0x0 (0)
         53  STOP            0x0 (0)
         54  LEFT_RETURN     0x0 (0)
         55  GOTO_NE         0xb8 (184)
         56                  0x5a (90,`Z')
         57  PUSH_NUM        0x388 (904)
         58  RIGHT_OUTPUT    0x0 (0)
         59  STOP            0x0 (0)
         5a  LEFT_RETURN     0x0 (0)
         5b  GOTO_NE         0xb9 (185)
         5c                  0x60 (96,``')
         5d  PUSH_NUM        0x389 (905)
         5e  RIGHT_OUTPUT    0x0 (0)
         5f  STOP            0x0 (0)
         60  LEFT_RETURN     0x0 (0)
         61  GOTO_NE         0xba (186)
         62                  0x66 (102,`f')
         63  PUSH_NUM        0x38a (906)
         64  RIGHT_OUTPUT    0x0 (0)
         65  STOP            0x0 (0)
         66  LEFT_RETURN     0x0 (0)
         67  GOTO_NE         0xbc (188)
         68                  0x6c (108,`l')
         69  PUSH_NUM        0x38c (908)
         6a  RIGHT_OUTPUT    0x0 (0)
         6b  STOP            0x0 (0)
         6c  LEFT_RETURN     0x0 (0)
         6d  GOTO_NE         0xbe (190)
         6e                  0x72 (114,`r')
         6f  PUSH_NUM        0x38e (910)
         70  RIGHT_OUTPUT    0x0 (0)
         71  STOP            0x0 (0)
         72  LEFT_RETURN     0x0 (0)
         73  GOTO_NE         0xbf (191)
         74                  0x78 (120,`x')
         75  PUSH_NUM        0x38f (911)
         76  RIGHT_OUTPUT    0x0 (0)
         77  STOP            0x0 (0)
         78  LEFT_RETURN     0x0 (0)
         79  GOTO_NE         0xb7 (183)
         7a                  0x7e (126,`~')
         7b  PUSH_NUM        0x387 (903)
         7c  RIGHT_OUTPUT    0x0 (0)
         7d  STOP            0x0 (0)
         7e  LEFT_RETURN     0x0 (0)
         7f  GOTO_NE         0x3b (59,`;')
         80                  0x84 (132)
         81  PUSH_NUM        0x37e (894)
         82  RIGHT_OUTPUT    0x0 (0)
         83  STOP            0x0 (0)
         84  LEFT_RETURN     0x0 (0)
         85  GOTO_NE         0xc1 (193)
         86                  0x8a (138)
         87  PUSH_NUM        0x391 (913)
         88  RIGHT_OUTPUT    0x0 (0)
         89  STOP            0x0 (0)
         8a  LEFT_RETURN     0x0 (0)
         8b  GOTO_NE         0xc2 (194)
         8c                  0x90 (144)
         8d  PUSH_NUM        0x392 (914)
         8e  RIGHT_OUTPUT    0x0 (0)
         8f  STOP            0x0 (0)
         90  LEFT_RETURN     0x0 (0)
         91  GOTO_NE         0xc4 (196)
         92                  0x96 (150)
         93  PUSH_NUM        0x394 (916)
         94  RIGHT_OUTPUT    0x0 (0)
         95  STOP            0x0 (0)
         96  LEFT_RETURN     0x0 (0)
         97  GOTO_NE         0xc5 (197)
         98                  0x9c (156)
         99  PUSH_NUM        0x395 (917)
         9a  RIGHT_OUTPUT    0x0 (0)
         9b  STOP            0x0 (0)
         9c  LEFT_RETURN     0x0 (0)
         9d  GOTO_NE         0xd6 (214)
         9e                  0xa2 (162)
         9f  PUSH_NUM        0x3a6 (934)
         a0  RIGHT_OUTPUT    0x0 (0)
         a1  STOP            0x0 (0)
         a2  LEFT_RETURN     0x0 (0)
         a3  GOTO_NE         0xc3 (195)
         a4                  0xa8 (168)
         a5  PUSH_NUM        0x393 (915)
         a6  RIGHT_OUTPUT    0x0 (0)
         a7  STOP            0x0 (0)
         a8  LEFT_RETURN     0x0 (0)
         a9  GOTO_NE         0xc7 (199)
         aa                  0xae (174)
         ab  PUSH_NUM        0x397 (919)
         ac  RIGHT_OUTPUT    0x0 (0)
         ad  STOP            0x0 (0)
         ae  LEFT_RETURN     0x0 (0)
         af  GOTO_NE         0xc9 (201)
         b0                  0xb4 (180)
         b1  PUSH_NUM        0x399 (921)
         b2  RIGHT_OUTPUT    0x0 (0)
         b3  STOP            0x0 (0)
         b4  LEFT_RETURN     0x0 (0)
         b5  GOTO_NE         0xc8 (200)
         b6                  0xba (186)
         b7  PUSH_NUM        0x398 (920)
         b8  RIGHT_OUTPUT    0x0 (0)
         b9  STOP            0x0 (0)
         ba  LEFT_RETURN     0x0 (0)
         bb  GOTO_NE         0xca (202)
         bc                  0xc0 (192)
         bd  PUSH_NUM        0x39a (922)
         be  RIGHT_OUTPUT    0x0 (0)
         bf  STOP            0x0 (0)
         c0  LEFT_RETURN     0x0 (0)
         c1  GOTO_NE         0xcb (203)
         c2                  0xc6 (198)
         c3  PUSH_NUM        0x39b (923)
         c4  RIGHT_OUTPUT    0x0 (0)
         c5  STOP            0x0 (0)
         c6  LEFT_RETURN     0x0 (0)
         c7  GOTO_NE         0xcc (204)
         c8                  0xcc (204)
         c9  PUSH_NUM        0x39c (924)
         ca  RIGHT_OUTPUT    0x0 (0)
         cb  STOP            0x0 (0)
         cc  LEFT_RETURN     0x0 (0)
         cd  GOTO_NE         0xcd (205)
         ce                  0xd2 (210)
         cf  PUSH_NUM        0x39d (925)
         d0  RIGHT_OUTPUT    0x0 (0)
         d1  STOP            0x0 (0)
         d2  LEFT_RETURN     0x0 (0)
         d3  GOTO_NE         0xcf (207)
         d4                  0xd8 (216)
         d5  PUSH_NUM        0x39f (927)
         d6  RIGHT_OUTPUT    0x0 (0)
         d7  STOP            0x0 (0)
         d8  LEFT_RETURN     0x0 (0)
         d9  GOTO_NE         0xd0 (208)
         da                  0xde (222)
         db  PUSH_NUM        0x3a0 (928)
         dc  RIGHT_OUTPUT    0x0 (0)
         dd  STOP            0x0 (0)
         de  LEFT_RETURN     0x0 (0)
         df  GOTO_NE         0xd7 (215)
         e0                  0xe4 (228)
         e1  PUSH_NUM        0x3a7 (935)
         e2  RIGHT_OUTPUT    0x0 (0)
         e3  STOP            0x0 (0)
         e4  LEFT_RETURN     0x0 (0)
         e5  GOTO_NE         0xd1 (209)
         e6                  0xea (234)
         e7  PUSH_NUM        0x3a1 (929)
         e8  RIGHT_OUTPUT    0x0 (0)
         e9  STOP            0x0 (0)
         ea  LEFT_RETURN     0x0 (0)
         eb  GOTO_NE         0xd3 (211)
         ec                  0xf0 (240)
         ed  PUSH_NUM        0x3a3 (931)
         ee  RIGHT_OUTPUT    0x0 (0)
         ef  STOP            0x0 (0)
         f0  LEFT_RETURN     0x0 (0)
         f1  GOTO_NE         0xd4 (212)
         f2                  0xf6 (246)
         f3  PUSH_NUM        0x3a4 (932)
         f4  RIGHT_OUTPUT    0x0 (0)
         f5  STOP            0x0 (0)
         f6  LEFT_RETURN     0x0 (0)
         f7  GOTO_NE         0xd5 (213)
         f8                  0xfc (252)
         f9  PUSH_NUM        0x3a5 (933)
         fa  RIGHT_OUTPUT    0x0 (0)
         fb  STOP            0x0 (0)
         fc  LEFT_RETURN     0x0 (0)
         fd  GOTO_NE         0xd9 (217)
         fe                  0x102 (258)
         ff  PUSH_NUM        0x3a9 (937)
        100  RIGHT_OUTPUT    0x0 (0)
        101  STOP            0x0 (0)
        102  LEFT_RETURN     0x0 (0)
        103  GOTO_NE         0xce (206)
        104                  0x108 (264)
        105  PUSH_NUM        0x39e (926)
        106  RIGHT_OUTPUT    0x0 (0)
        107  STOP            0x0 (0)
        108  LEFT_RETURN     0x0 (0)
        109  GOTO_NE         0xd8 (216)
        10a                  0x10e (270)
        10b  PUSH_NUM        0x3a8 (936)
        10c  RIGHT_OUTPUT    0x0 (0)
        10d  STOP            0x0 (0)
        10e  LEFT_RETURN     0x0 (0)
        10f  GOTO_NE         0xc6 (198)
        110                  0x114 (276)
        111  PUSH_NUM        0x396 (918)
        112  RIGHT_OUTPUT    0x0 (0)
        113  STOP            0x0 (0)
        114  LEFT_RETURN     0x0 (0)
        115  GOTO_NE         0xe1 (225)
        116                  0x11a (282)
        117  PUSH_NUM        0x3b1 (945)
        118  RIGHT_OUTPUT    0x0 (0)
        119  STOP            0x0 (0)
        11a  LEFT_RETURN     0x0 (0)
        11b  GOTO_NE         0xe2 (226)
        11c                  0x120 (288)
        11d  PUSH_NUM        0x3b2 (946)
        11e  RIGHT_OUTPUT    0x0 (0)
        11f  STOP            0x0 (0)
        120  LEFT_RETURN     0x0 (0)
        121  GOTO_NE         0xf2 (242)
        122                  0x126 (294)
        123  PUSH_NUM        0x3c2 (962)
        124  RIGHT_OUTPUT    0x0 (0)
        125  STOP            0x0 (0)
        126  LEFT_RETURN     0x0 (0)
        127  GOTO_NE         0xe4 (228)
        128                  0x12c (300)
        129  PUSH_NUM        0x3b4 (948)
        12a  RIGHT_OUTPUT    0x0 (0)
        12b  STOP            0x0 (0)
        12c  LEFT_RETURN     0x0 (0)
        12d  GOTO_NE         0xe5 (229)
        12e                  0x132 (306)
        12f  PUSH_NUM        0x3b5 (949)
        130  RIGHT_OUTPUT    0x0 (0)
        131  STOP            0x0 (0)
        132  LEFT_RETURN     0x0 (0)
        133  GOTO_NE         0xf6 (246)
        134                  0x138 (312)
        135  PUSH_NUM        0x3c6 (966)
        136  RIGHT_OUTPUT    0x0 (0)
        137  STOP            0x0 (0)
        138  LEFT_RETURN     0x0 (0)
        139  GOTO_NE         0xe3 (227)
        13a                  0x13e (318)
        13b  PUSH_NUM        0x3b3 (947)
        13c  RIGHT_OUTPUT    0x0 (0)
        13d  STOP            0x0 (0)
        13e  LEFT_RETURN     0x0 (0)
        13f  GOTO_NE         0xe7 (231)
        140                  0x144 (324)
        141  PUSH_NUM        0x3b7 (951)
        142  RIGHT_OUTPUT    0x0 (0)
        143  STOP            0x0 (0)
        144  LEFT_RETURN     0x0 (0)
        145  GOTO_NE         0xe9 (233)
        146                  0x14a (330)
        147  PUSH_NUM        0x3b9 (953)
        148  RIGHT_OUTPUT    0x0 (0)
        149  STOP            0x0 (0)
        14a  LEFT_RETURN     0x0 (0)
        14b  GOTO_NE         0xe8 (232)
        14c                  0x150 (336)
        14d  PUSH_NUM        0x3b8 (952)
        14e  RIGHT_OUTPUT    0x0 (0)
        14f  STOP            0x0 (0)
        150  LEFT_RETURN     0x0 (0)
        151  GOTO_NE         0xea (234)
        152                  0x156 (342)
        153  PUSH_NUM        0x3ba (954)
        154  RIGHT_OUTPUT    0x0 (0)
        155  STOP            0x0 (0)
        156  LEFT_RETURN     0x0 (0)
        157  GOTO_NE         0xeb (235)
        158                  0x15c (348)
        159  PUSH_NUM        0x3bb (955)
        15a  RIGHT_OUTPUT    0x0 (0)
        15b  STOP            0x0 (0)
        15c  LEFT_RETURN     0x0 (0)
        15d  GOTO_NE         0xec (236)
        15e                  0x162 (354)
        15f  PUSH_NUM        0x3bc (956)
        160  RIGHT_OUTPUT    0x0 (0)
        161  STOP            0x0 (0)
        162  LEFT_RETURN     0x0 (0)
        163  GOTO_NE         0xed (237)
        164                  0x168 (360)
        165  PUSH_NUM        0x3bd (957)
        166  RIGHT_OUTPUT    0x0 (0)
        167  STOP            0x0 (0)
        168  LEFT_RETURN     0x0 (0)
        169  GOTO_NE         0xef (239)
        16a                  0x16e (366)
        16b  PUSH_NUM        0x3bf (959)
        16c  RIGHT_OUTPUT    0x0 (0)
        16d  STOP            0x0 (0)
        16e  LEFT_RETURN     0x0 (0)
        16f  GOTO_NE         0xf0 (240)
        170                  0x174 (372)
        171  PUSH_NUM        0x3c0 (960)
        172  RIGHT_OUTPUT    0x0 (0)
        173  STOP            0x0 (0)
        174  LEFT_RETURN     0x0 (0)
        175  GOTO_NE         0xf7 (247)
        176                  0x17a (378)
        177  PUSH_NUM        0x3c7 (967)
        178  RIGHT_OUTPUT    0x0 (0)
        179  STOP            0x0 (0)
        17a  LEFT_RETURN     0x0 (0)
        17b  GOTO_NE         0xf1 (241)
        17c                  0x180 (384)
        17d  PUSH_NUM        0x3c1 (961)
        17e  RIGHT_OUTPUT    0x0 (0)
        17f  STOP            0x0 (0)
        180  LEFT_RETURN     0x0 (0)
        181  GOTO_NE         0xf3 (243)
        182                  0x186 (390)
        183  PUSH_NUM        0x3c3 (963)
        184  RIGHT_OUTPUT    0x0 (0)
        185  STOP            0x0 (0)
        186  LEFT_RETURN     0x0 (0)
        187  GOTO_NE         0xf4 (244)
        188                  0x18c (396)
        189  PUSH_NUM        0x3c4 (964)
        18a  RIGHT_OUTPUT    0x0 (0)
        18b  STOP            0x0 (0)
        18c  LEFT_RETURN     0x0 (0)
        18d  GOTO_NE         0xf5 (245)
        18e                  0x192 (402)
        18f  PUSH_NUM        0x3c5 (965)
        190  RIGHT_OUTPUT    0x0 (0)
        191  STOP            0x0 (0)
        192  LEFT_RETURN     0x0 (0)
        193  GOTO_NE         0xf9 (249)
        194                  0x198 (408)
        195  PUSH_NUM        0x3c9 (969)
        196  RIGHT_OUTPUT    0x0 (0)
        197  STOP            0x0 (0)
        198  LEFT_RETURN     0x0 (0)
        199  GOTO_NE         0xee (238)
        19a                  0x19e (414)
        19b  PUSH_NUM        0x3be (958)
        19c  RIGHT_OUTPUT    0x0 (0)
        19d  STOP            0x0 (0)
        19e  LEFT_RETURN     0x0 (0)
        19f  GOTO_NE         0xf8 (248)
        1a0                  0x1a4 (420)
        1a1  PUSH_NUM        0x3c8 (968)
        1a2  RIGHT_OUTPUT    0x0 (0)
        1a3  STOP            0x0 (0)
        1a4  LEFT_RETURN     0x0 (0)
        1a5  GOTO_NE         0xe6 (230)
        1a6                  0x1aa (426)
        1a7  PUSH_NUM        0x3b6 (950)
        1a8  RIGHT_OUTPUT    0x0 (0)
        1a9  STOP            0x0 (0)
        1aa  LEFT_RETURN     0x0 (0)
        1ab  GOTO_NE         0x3b (59,`;')
        1ac                  0x1af (431)
        1ad  RIGHT_NUM       0x37e (894)
        1ae  STOP            0x0 (0)
        1af  LEFT_RETURN     0x0 (0)
        1b0  GOTO_NE         0xb7 (183)
        1b1                  0x1b4 (436)
        1b2  RIGHT_NUM       0x387 (903)
        1b3  STOP            0x0 (0)
        1b4  LEFT_RETURN     0x0 (0)
        1b5  RIGHT_CHAR      0x1 (1)
        1b6  STOP            0x0 (0)
        1b7  LEFT_RETURN     0x0 (0)
        1b8  RIGHT_CHAR      0x1 (1)
        1b9  STOP            0x0 (0)
