input:  1;
output: 2;
expressions:
  `-'`-'`-' => @"2014;
  `-'`-' => @"f05f;
  ``'``' => @"201c;
  `''`'' => @"201d;
  `'' => @"2019;
  `,'`,' => @"201e;
  `<'`<' => @"ab;
  `>'`>' => @"bb;
  `A'`'' => @"410@"42c;
  `B'`'' => @"411@"42c;
  `V'`'' => @"412@"42c;
  `G'`'' => @"413@"42c;
  `D'`'' => @"414@"42c;
  `E'`'' => @"415@"42c;
  `Z'`'' => @"417@"42c;
  `J'`'' => @"416@"42c;
  `I'`'' => @"418@"42c;
  `K'`'' => @"41a@"42c;
  `L'`'' => @"41b@"42c;
  `M'`'' => @"41c@"42c;
  `N'`'' => @"41d@"42c;
  `O'`'' => @"41e@"42c;
  `P'`'' => @"41f@"42c;
  `R'`'' => @"420@"42c;
  `T'`'' => @"422@"42c;
  `U'`'' => @"423@"42c;
  `F'`'' => @"424@"42c;
  `X'`'' => @"425@"42c;
  `Q'`'' => @"427@"42c;
  `C'`'' => @"426@"42c;
  `S'`H'`S'`H'`'' => @"429@"42c;
  `S'`h'`s'`h'`'' => @"429@"42c;
  `S'`H'`'' => @"428@"42c;
  `S'`h'`'' => @"428@"42c;
  `S'`'' => @"421@"42c;
  `Y'`O'`'' => @"401@"42c;
  `Y'`o'`'' => @"401@"42c;
  `Y'`U'`'' => @"42e@"42c;
  `Y'`u'`'' => @"42e@"42c;
  `Y'`A'`'' => @"42f@"42c;
  `Y'`a'`'' => @"42f@"42c;
  `Y'`'' => @"42b@"42c;
  `H'`'' => @"419@"42c;
  ``'`E'`'' => @"42d@"42c;
  `a'`'' => @"430@"44c;
  `b'`'' => @"431@"44c;
  `v'`'' => @"432@"44c;
  `g'`'' => @"433@"44c;
  `d'`'' => @"434@"44c;
  `e'`'' => @"435@"44c;
  `z'`'' => @"437@"44c;
  `j'`'' => @"436@"44c;
  `i'`'' => @"438@"44c;
  `k'`'' => @"43a@"44c;
  `l'`'' => @"43b@"44c;
  `m'`'' => @"43c@"44c;
  `n'`'' => @"43d@"44c;
  `o'`'' => @"43e@"44c;
  `p'`'' => @"43f@"44c;
  `r'`'' => @"440@"44c;
  `t'`'' => @"442@"44c;
  `u'`'' => @"443@"44c;
  `f'`'' => @"444@"44c;
  `x'`'' => @"445@"44c;
  `q'`'' => @"447@"44c;
  `c'`'' => @"446@"44c;
  `s'`h'`s'`h'`'' => @"449@"44c;
  `s'`h'`'' => @"448@"44c;
  `s'`'' => @"441@"44c;
  `y'`o'`'' => @"451@"44c;
  `y'`u'`'' => @"44e@"44c;
  `y'`a'`'' => @"44f@"44c;
  `y'`'' => @"44b@"44c;
  `h'`'' => @"439@"44c;
  ``'`e'`'' => @"44d@"44c;
  `A'`"' => @"410@"42a;
  `B'`"' => @"411@"42a;
  `V'`"' => @"412@"42a;
  `G'`"' => @"413@"42a;
  `D'`"' => @"414@"42a;
  `E'`"' => @"415@"42a;
  `Z'`"' => @"417@"42a;
  `J'`"' => @"416@"42a;
  `I'`"' => @"418@"42a;
  `K'`"' => @"41a@"42a;
  `L'`"' => @"41b@"42a;
  `M'`"' => @"41c@"42a;
  `N'`"' => @"41d@"42a;
  `O'`"' => @"41e@"42a;
  `P'`"' => @"41f@"42a;
  `R'`"' => @"420@"42a;
  `T'`"' => @"422@"42a;
  `U'`"' => @"423@"42a;
  `F'`"' => @"424@"42a;
  `X'`"' => @"425@"42a;
  `Q'`"' => @"427@"42a;
  `C'`"' => @"426@"42a;
  `S'`H'`S'`H'`"' => @"429@"42a;
  `S'`h'`s'`h'`"' => @"429@"42a;
  `S'`H'`"' => @"428@"42a;
  `S'`h'`"' => @"428@"42a;
  `S'`"' => @"421@"42a;
  `Y'`O'`"' => @"401@"42a;
  `Y'`o'`"' => @"401@"42a;
  `Y'`U'`"' => @"42e@"42a;
  `Y'`u'`"' => @"42e@"42a;
  `Y'`A'`"' => @"42f@"42a;
  `Y'`a'`"' => @"42f@"42a;
  `Y'`"' => @"42b@"42a;
  `H'`"' => @"419@"42a;
  ``'`E'`"' => @"42d@"42a;
  `a'`"' => @"430@"44a;
  `b'`"' => @"431@"44a;
  `v'`"' => @"432@"44a;
  `g'`"' => @"433@"44a;
  `d'`"' => @"434@"44a;
  `e'`"' => @"435@"44a;
  `z'`"' => @"437@"44a;
  `j'`"' => @"436@"44a;
  `i'`"' => @"438@"44a;
  `k'`"' => @"43a@"44a;
  `l'`"' => @"43b@"44a;
  `m'`"' => @"43c@"44a;
  `n'`"' => @"43d@"44a;
  `o'`"' => @"43e@"44a;
  `p'`"' => @"43f@"44a;
  `r'`"' => @"440@"44a;
  `t'`"' => @"442@"44a;
  `u'`"' => @"443@"44a;
  `f'`"' => @"444@"44a;
  `x'`"' => @"445@"44a;
  `q'`"' => @"447@"44a;
  `c'`"' => @"446@"44a;
  `s'`h'`s'`h'`"' => @"449@"44a;
  `s'`h'`"' => @"448@"44a;
  `s'`"' => @"441@"44a;
  `y'`o'`"' => @"451@"44a;
  `y'`u'`"' => @"44e@"44a;
  `y'`a'`"' => @"44f@"44a;
  `y'`"' => @"44b@"44a;
  `h'`"' => @"439@"44a;
  ``'`e'`"' => @"44d@"44a;
  `A' => @"410;
  `B' => @"411;
  `V' => @"412;
  `G' => @"413;
  `D' => @"414;
  `E' => @"415;
  `Z' => @"417;
  `J' => @"416;
  `I' => @"418;
  `K' => @"41a;
  `L' => @"41b;
  `M' => @"41c;
  `N' => @"41d;
  `O' => @"41e;
  `P' => @"41f;
  `R' => @"420;
  `T' => @"422;
  `U' => @"423;
  `F' => @"424;
  `X' => @"425;
  `Q' => @"427;
  `C' => @"426;
  `S'`H'`S'`H' => @"429;
  `S'`h'`s'`h' => @"429;
  `S'`H' => @"428;
  `S'`h' => @"428;
  `S' => @"421;
  `Y'`O' => @"401;
  `Y'`o' => @"401;
  `Y'`U' => @"42e;
  `Y'`u' => @"42e;
  `Y'`A' => @"42f;
  `Y'`a' => @"42f;
  `Y' => @"42b;
  `H' => @"419;
  ``'`E' => @"42d;
  `a' => @"430;
  `b' => @"431;
  `v' => @"432;
  `g' => @"433;
  `d' => @"434;
  `e' => @"435;
  `z' => @"437;
  `j' => @"436;
  `i' => @"438;
  `k' => @"43a;
  `l' => @"43b;
  `m' => @"43c;
  `n' => @"43d;
  `o' => @"43e;
  `p' => @"43f;
  `r' => @"440;
  `t' => @"442;
  `u' => @"443;
  `f' => @"444;
  `x' => @"445;
  `q' => @"447;
  `c' => @"446;
  `s'`h'`s'`h' => @"449;
  `s'`h' => @"448;
  `s' => @"441;
  `y'`o' => @"451;
  `y'`u' => @"44e;
  `y'`a' => @"44f;
  `y' => @"44b;
  `h' => @"439;
  ``'`e' => @"44d;
  . => \1;
