input:  1;
output: 2;
expressions:
  @"e4@"e4@"e7 => @"fdf2;
  @"c1 => @"621;
  @"fe => @"698;
  @"d2 => @"632;
  @"ea => @"64a;
  @"f7 => @"6a4;
  @"ec => @"64c;
  @"ef => @"64f;
  @"cb => @"62b;
  @"ca => @"62a;
  @"d4 => @"634;
  @"d3 => @"633;
  @"d1 => @"631;
  @"e2 => @"642;
  @"f3 => @"67e;
  @"e6 => @"646;
  @"e5 => @"645;
  @"e4 => @"644;
  @"ce => @"62e;
  @"e3 => @"643;
  @"cc => @"62c;
  @"ed => @"64d;
  @"f0 => @"650;
  @"da => @"63a;
  @"f8 => @"6af;
  @"e1 => @"641;
  @"f6 => @"6c0;
  @"d0 => @"630;
  @"cf => @"62f;
  @"f5 => @"686;
  @"c8 => @"628;
  @"eb => @"64b;
  @"ee => @"64e;
  @"d9 => @"639;
  @"d8 => @"638;
  @"e8 => @"648;
  @"d7 => @"637;
  @"d5 => @"635;
  @"e9 => @"649;
  @"cd => @"62d;
  @"ff => @"6d2;
  @"d6 => @"636;
  @"c7 => @"627;
  @"f2 => @"652;
  @"c6 => @"626;
  @"c4 => @"624;
  @"f4 => @"679;
  @"fa => @"691;
  @"8b => @"6ba;
  @"c5 => @"625;
  @"f9 => @"688;
  @"c3 => @"623;
  @"c2 => @"622;
  @"c9 => @"629;
  @"e7 => @"647;
  @"f1 => @"651;
  @"a1 => `!';
  @"ac => `,';
  @"ae => `.';
  @"8c => @"ab;
  @"98 => @"bb;
  @"df => @"640;
  . => \1;
