input:  2;
output: 2;
expressions:
  @"fdf2 => @"14c;
  @"fdfa => @"14d;
  @"e144@"e002-@"e007 | @"e04b-@"e052@"620@"e327 => @"1cf;
  @"e244@"e002-@"e007 | @"e04b-@"e052@"620@"e327 => @"1d0;
  @"e144@"e002-@"e007 | @"e04b-@"e052@"620@"e323@"e002-@"e007 | @"e04b | @"e04c | @"e04e | @"e04f | @"e051 | @"e052 => @"1cf;
  @"e244@"e002-@"e007 | @"e04b-@"e052@"620@"e323@"e002-@"e007 | @"e04b | @"e04c | @"e04e | @"e04f | @"e051 | @"e052 => @"1d0;
  @"e144@"e002-@"e007 | @"e04b-@"e052@"620@"e323 => @"1cf;
  @"e244@"e002-@"e007 | @"e04b-@"e052@"620@"e323 => @"1d0;
  @"e144@"e002-@"e007 | @"e04b-@"e052@"620@"e325 => @"1cf;
  @"e244@"e002-@"e007 | @"e04b-@"e052@"620@"e325 => @"1d0;
  @"e144@"e002-@"e007 | @"e04b-@"e052@"620@"e322 => @"1cf;
  @"e244@"e002-@"e007 | @"e04b-@"e052@"620@"e322 => @"1d0;
  @"e144@"e002-@"e007 | @"e04b-@"e052@"620@"e371 => @"1fa;
  @"e244@"e002-@"e007 | @"e04b-@"e052@"620@"e371 => @"1fb;
  @"e144@"620@"e327 => @"1cf;
  @"e244@"620@"e327 => @"1d0;
  @"e144@"620@"e323 => @"1cf;
  @"e244@"620@"e323 => @"1d0;
  @"e144@"620@"e325 => @"1cf;
  @"e244@"620@"e325 => @"1d0;
  @"e144@"620@"e322 => @"1cf;
  @"e244@"620@"e322 => @"1d0;
  @"e144@"620@"e371 => @"1fa;
  @"e244@"620@"e371 => @"1fb;
  @"e144@"e327 => @"1cf;
  @"e244@"e327 => @"1d0;
  @"e144@"e323 => @"1cf;
  @"e244@"e323 => @"1d0;
  @"e144@"e325 => @"1cf;
  @"e244@"e325 => @"1d0;
  @"e144@"e322 => @"1cf;
  @"e244@"e322 => @"1d0;
  @"e144@"e371 => @"1fa;
  @"e244@"e371 => @"1fb;
  @"e021 => @"100;
  @"e022 => @"101;
  @"e322 => @"141;
  @"e023 => @"101;
  @"e323 => @"141;
  @"e024 => @"178;
  @"e324 => @"175;
  @"e025 => @"101;
  @"e325 => @"141;
  @"e026 => @"1ad;
  @"e126 => @"1d4;
  @"e226 => @"1d5;
  @"e326 => @"1b8;
  @"e027 => @"101;
  @"e327 => @"141;
  @"e028 => @"102;
  @"e128 => @"103;
  @"e228 => @"162;
  @"e328 => @"104;
  @"e029 => @"105;
  @"e329 => @"106;
  @"e02a => @"107;
  @"e12a => @"108;
  @"e22a => @"174;
  @"e32a => @"109;
  @"e02b => @"10a;
  @"e12b => @"10b;
  @"e22b => @"10c;
  @"e32b => @"10d;
  @"e02c => @"10e;
  @"e12c => @"10f;
  @"e22c => @"167;
  @"e32c => @"110;
  @"e02d => @"111;
  @"e12d => @"112;
  @"e22d => @"148;
  @"e32d => @"113;
  @"e02e => @"114;
  @"e12e => @"115;
  @"e22e => @"116;
  @"e32e => @"117;
  @"e02f => @"118;
  @"e32f => @"164;
  @"e030 => @"119;
  @"e330 => @"11a;
  @"e031 => @"11b;
  @"e331 => @"172;
  @"e032 => @"11c;
  @"e332 => @"17a;
  @"e033 => @"11d;
  @"e133 => @"11e;
  @"e233 => @"173;
  @"e333 => @"11f;
  @"e034 => @"180;
  @"e134 => @"181;
  @"e234 => @"153;
  @"e334 => @"182;
  @"e035 => @"183;
  @"e135 => @"184;
  @"e235 => @"159;
  @"e335 => @"185;
  @"e036 => @"186;
  @"e136 => @"187;
  @"e236 => @"144;
  @"e336 => @"188;
  @"e037 => @"189;
  @"e137 => @"18a;
  @"e237 => @"154;
  @"e337 => @"18b;
  @"e038 => @"18c;
  @"e138 => @"18d;
  @"e238 => @"15a;
  @"e338 => @"18e;
  @"e039 => @"18f;
  @"e139 => @"190;
  @"e239 => @"160;
  @"e339 => @"191;
  @"e03a => @"192;
  @"e13a => @"193;
  @"e23a => @"147;
  @"e33a => @"194;
  @"e041 => @"195;
  @"e141 => @"196;
  @"e241 => @"158;
  @"e341 => @"197;
  @"e042 => @"198;
  @"e142 => @"199;
  @"e242 => @"171;
  @"e342 => @"19a;
  @"e043 => @"19b;
  @"e143 => @"19c;
  @"e243 => @"16b;
  @"e343 => @"19d;
  @"e044 => @"19e;
  @"e144 => @"19f;
  @"e244 => @"16c;
  @"e344 => @"1a0;
  @"e045 => @"1a1;
  @"e145 => @"1a2;
  @"e245 => @"16d;
  @"e345 => @"1a3;
  @"e046 => @"1a4;
  @"e146 => @"1a5;
  @"e246 => @"16e;
  @"e346 => @"1a6;
  @"e047 => @"1a7;
  @"e147 => @"1a8;
  @"e247 => @"1a9;
  @"e347 => @"1aa;
  @"e048 => @"1ac;
  @"e348 => @"177;
  @"e049 => @"1ad;
  @"e149 => @"1ae;
  @"e249 => @"179;
  @"e349 => @"1b0;
  @"e04a => @"1b1;
  @"e14a => @"1ae;
  @"e24a => @"179;
  @"e34a => @"1b2;
  @"620 => ;
  @"e040 => ;
  @"e140 => ;
  @"e240 => ;
  @"e340 => ;
  @"e000-@"e3ff => ;
  `.' => @"12e;
  `,' => @"12c;
  `?' => @"121;
  `!' => @"121;
  `:' => @"13a;
  `;' => @"13b;
  `(' => @"128;
  `)' => @"129;
  @"60c => @"12c;
  @"61b => @"13b;
  @"61f => @"13f;
  @"660-@"669 => #(\1 - @"530);
  @"66d => @"12a;
  @"1010-@"1046 => #(\1 - @"f80);
  @"2010-@"2046 => #(\1 - @"1f80);
  . => \1;
