input:  1;
output: 2;
expressions:
  `<'`''`a'`|' => #(@"1f85);
  `<'`''`h'`|' => #(@"1f95);
  `<'`''`w'`|' => #(@"1fa5);
  `<'`='`a'`|' => #(@"1f87);
  `<'`='`h'`|' => #(@"1f97);
  `<'`='`w'`|' => #(@"1fa7);
  `<'``'`a'`|' => #(@"1f83);
  `<'``'`h'`|' => #(@"1f93);
  `<'``'`w'`|' => #(@"1fa3);
  `>'`''`a'`|' => #(@"1f84);
  `>'`''`h'`|' => #(@"1f94);
  `>'`''`w'`|' => #(@"1fa4);
  `>'`='`a'`|' => #(@"1f86);
  `>'`='`h'`|' => #(@"1f96);
  `>'`='`w'`|' => #(@"1fa6);
  `>'``'`a'`|' => #(@"1f82);
  `>'``'`h'`|' => #(@"1f92);
  `>'``'`w'`|' => #(@"1fa2);
  `"'`''`i' => #(@"1fd3);
  `"'`''`u' => #(@"1fe3);
  `"'`='`i' => #(@"1fd7);
  `"'`='`u' => #(@"1fe7);
  `"'``'`i' => #(@"1fd2);
  `"'``'`u' => #(@"1fe2);
  `''`a'`|' => #(@"1fb4);
  `''`h'`|' => #(@"1fc4);
  `''`w'`|' => #(@"1ff4);
  `<'`''`a' => #(@"1f05);
  `<'`''`e' => #(@"1f15);
  `<'`''`h' => #(@"1f25);
  `<'`''`i' => #(@"1f35);
  `<'`''`o' => #(@"1f45);
  `<'`''`u' => #(@"1f55);
  `<'`''`w' => #(@"1f65);
  `<'`='`a' => #(@"1f07);
  `<'`='`e' => #(@"1f11)#(@"303);
  `<'`='`h' => #(@"1f27);
  `<'`='`i' => #(@"1f37);
  `<'`='`o' => #(@"1f41)#(@"303);
  `<'`='`u' => #(@"1f57);
  `<'`='`w' => #(@"1f67);
  `<'``'`a' => #(@"1f03);
  `<'``'`e' => #(@"1f13);
  `<'``'`h' => #(@"1f23);
  `<'``'`i' => #(@"1f33);
  `<'``'`o' => #(@"1f43);
  `<'``'`u' => #(@"1f53);
  `<'``'`w' => #(@"1f63);
  `<'`a'`|' => #(@"1f81);
  `<'`h'`|' => #(@"1f91);
  `<'`w'`|' => #(@"1fa1);
  `='`a'`|' => #(@"1fb7);
  `='`h'`|' => #(@"1fc7);
  `='`w'`|' => #(@"1ff7);
  `>'`''`a' => #(@"1f04);
  `>'`''`e' => #(@"1f14);
  `>'`''`h' => #(@"1f24);
  `>'`''`i' => #(@"1f34);
  `>'`''`o' => #(@"1f44);
  `>'`''`u' => #(@"1f54);
  `>'`''`w' => #(@"1f64);
  `>'`='`a' => #(@"1f06);
  `>'`='`e' => #(@"1f10)#(@"303);
  `>'`='`h' => #(@"1f26);
  `>'`='`i' => #(@"1f36);
  `>'`='`o' => #(@"1f40)#(@"303);
  `>'`='`u' => #(@"1f56);
  `>'`='`w' => #(@"1f66);
  `>'``'`a' => #(@"1f02);
  `>'``'`e' => #(@"1f12);
  `>'``'`h' => #(@"1f22);
  `>'``'`i' => #(@"1f32);
  `>'``'`o' => #(@"1f42);
  `>'``'`u' => #(@"1f52);
  `>'``'`w' => #(@"1f62);
  `>'`a'`|' => #(@"1f80);
  `>'`h'`|' => #(@"1f90);
  `>'`w'`|' => #(@"1fa0);
  ``'`a'`|' => #(@"1fb2);
  ``'`h'`|' => #(@"1fc2);
  ``'`w'`|' => #(@"1ff2);
  `"'`I' => #(@"3aa);
  `"'`U' => #(@"3ab);
  `"'`i' => #(@"3ca);
  `"'`u' => #(@"3cb);
  `''`a' => #(@"1f71);
  `''`e' => #(@"1f73);
  `''`h' => #(@"1f75);
  `''`i' => #(@"1f77);
  `''`o' => #(@"1f79);
  `''`u' => #(@"1f7b);
  `''`w' => #(@"1f7d);
  `<'`'' => #(@"1fde);
  `<'`<' => #(@"ab);
  `<'`=' => #(@"1fdf);
  `<'``' => #(@"1fdd);
  `<'`a' => #(@"1f01);
  `<'`e' => #(@"1f11);
  `<'`h' => #(@"1f21);
  `<'`i' => #(@"1f31);
  `<'`o' => #(@"1f41);
  `<'`r' => #(@"1fe5);
  `<'`u' => #(@"1f51);
  `<'`w' => #(@"1f61);
  `='`P' => #(@"3e0);
  `='`Q' => #(@"3de);
  `='`S' => #(@"3da);
  `='`a' => #(@"1fb6);
  `='`e' => #(@"3b5)#(@"303);
  `='`h' => #(@"1fc6);
  `='`i' => #(@"1fd6);
  `='`o' => #(@"3bf)#(@"303);
  `='`p' => #(@"3e1);
  `='`q' => #(@"3df);
  `='`s' => #(@"3db);
  `='`u' => #(@"1fe6);
  `='`w' => #(@"1ff6);
  `>'`'' => #(@"1fce);
  `>'`=' => #(@"1fcf);
  `>'`>' => #(@"bb);
  `>'``' => #(@"1fcd);
  `>'`a' => #(@"1f00);
  `>'`e' => #(@"1f10);
  `>'`h' => #(@"1f20);
  `>'`i' => #(@"1f30);
  `>'`o' => #(@"1f40);
  `>'`r' => #(@"1fe4);
  `>'`u' => #(@"1f50);
  `>'`w' => #(@"1f60);
  `^'`A' => #(@"1fb8);
  `^'`E' => #(@"395)#(@"306);
  `^'`H' => #(@"397)#(@"306);
  `^'`I' => #(@"1fd8);
  `^'`O' => #(@"39f)#(@"306);
  `^'`U' => #(@"1fe8);
  `^'`W' => #(@"3a9)#(@"306);
  `^'`a' => #(@"1fb0);
  `^'`e' => #(@"3b5)#(@"306);
  `^'`h' => #(@"3b7)#(@"306);
  `^'`i' => #(@"1fd0);
  `^'`o' => #(@"3bf)#(@"306);
  `^'`u' => #(@"1fe0);
  `^'`w' => #(@"3c9)#(@"306);
  `_'`A' => #(@"1fb9);
  `_'`E' => #(@"395)#(@"304);
  `_'`H' => #(@"397)#(@"304);
  `_'`I' => #(@"1fd9);
  `_'`O' => #(@"39f)#(@"304);
  `_'`U' => #(@"1fe9);
  `_'`W' => #(@"3a9)#(@"304);
  `_'`a' => #(@"1fb1);
  `_'`e' => #(@"3b5)#(@"304);
  `_'`h' => #(@"3b7)#(@"304);
  `_'`i' => #(@"1fd1);
  `_'`o' => #(@"3bf)#(@"304);
  `_'`u' => #(@"1fe1);
  `_'`w' => #(@"3c9)#(@"304);
  ``'`a' => #(@"1f70);
  ``'`e' => #(@"1f72);
  ``'`h' => #(@"1f74);
  ``'`i' => #(@"1f76);
  ``'`o' => #(@"1f78);
  ``'`u' => #(@"1f7a);
  ``'`w' => #(@"1f7c);
  `|'`|' => #(@"3f5);
  `a'`|' => #(@"1fb3);
  `h'`|' => #(@"1fc3);
  `w'`|' => #(@"1ff3);
  `;' => #(@"387);
  `<'`<' => #(@"ab);
  `<' => #(@"1ffe);
  `>'`>' => #(@"bb);
  `>' => #(@"1fbf);
  `?' => #(@"37e);
  `A' => #(@"391);
  `B' => #(@"392);
  `D' => #(@"394);
  `E' => #(@"395);
  `F' => #(@"3a6);
  `G' => #(@"393);
  `H' => #(@"397);
  `I' => #(@"399);
  `J' => #(@"398);
  `K' => #(@"39a);
  `L' => #(@"39b);
  `M' => #(@"39c);
  `N' => #(@"39d);
  `O' => #(@"39f);
  `P' => #(@"3a0);
  `Q' => #(@"3a7);
  `R' => #(@"3a1);
  `S' => #(@"3a3);
  `T' => #(@"3a4);
  `U' => #(@"3a5);
  `V' => #(@"3dc);
  `W' => #(@"3a9);
  `X' => #(@"39e);
  `Y' => #(@"3a8);
  `Z' => #(@"396);
  `^' => #(@"306);
  `_' => #(@"304);
  `a' => #(@"3b1);
  `b' => #(@"3b2);
  `c' => #(@"3c2);
  `d' => #(@"3b4);
  `e' => #(@"3b5);
  `f' => #(@"3c6);
  `g' => #(@"3b3);
  `h' => #(@"3b7);
  `i' => #(@"3b9);
  `j' => #(@"3b8);
  `k' => #(@"3ba);
  `l' => #(@"3bb);
  `m' => #(@"3bc);
  `n' => #(@"3bd);
  `o' => #(@"3bf);
  `p' => #(@"3c0);
  `q' => #(@"3c7);
  `r' => #(@"3c1);
  `s' => #(@"3c3);
  `t' => #(@"3c4);
  `u' => #(@"3c5);
  `v' => #(@"3dd);
  `w' => #(@"3c9);
  `x' => #(@"3be);
  `y' => #(@"3c8);
  `z' => #(@"3b6);
  `_' => #(@"304);
  `^' => #(@"306);
  `|' => #(@"1fbe);
  `?' => @"37e;
  `;' => @"387;
  `-'`-'`-' => @"2014;
  `-'`-' => @"2013;
  ``'``' => @"201f;
  ``' => @"201b;
  `''`'' => @"201d;
  `'' => @"2019;
  `<'`<' => @"ab;
  `>'`>' => @"bb;
  . => \1;
