input:  1;
output: 2;
expressions:
  @"c0 => #(@"390);
  @"e0 => #(@"3b0);
  @"da => #(@"3aa);
  @"db => #(@"3ab);
  @"fa => #(@"3ca);
  @"fb => #(@"3cb);
  @"dc => #(@"3ac);
  @"dd => #(@"3ad);
  @"de => #(@"3ae);
  @"df => #(@"3af);
  @"fc => #(@"3cc);
  @"fd => #(@"3cd);
  @"fe => #(@"3ce);
  @"a2 => #(@"386);
  @"b8 => #(@"388);
  @"b9 => #(@"389);
  @"ba => #(@"38a);
  @"bc => #(@"38c);
  @"be => #(@"38e);
  @"bf => #(@"38f);
  @"b7 => #(@"387);
  `;' => #(@"37e);
  @"c1 => #(@"391);
  @"c2 => #(@"392);
  @"c4 => #(@"394);
  @"c5 => #(@"395);
  @"d6 => #(@"3a6);
  @"c3 => #(@"393);
  @"c7 => #(@"397);
  @"c9 => #(@"399);
  @"c8 => #(@"398);
  @"ca => #(@"39a);
  @"cb => #(@"39b);
  @"cc => #(@"39c);
  @"cd => #(@"39d);
  @"cf => #(@"39f);
  @"d0 => #(@"3a0);
  @"d7 => #(@"3a7);
  @"d1 => #(@"3a1);
  @"d3 => #(@"3a3);
  @"d4 => #(@"3a4);
  @"d5 => #(@"3a5);
  @"d9 => #(@"3a9);
  @"ce => #(@"39e);
  @"d8 => #(@"3a8);
  @"c6 => #(@"396);
  @"e1 => #(@"3b1);
  @"e2 => #(@"3b2);
  @"f2 => #(@"3c2);
  @"e4 => #(@"3b4);
  @"e5 => #(@"3b5);
  @"f6 => #(@"3c6);
  @"e3 => #(@"3b3);
  @"e7 => #(@"3b7);
  @"e9 => #(@"3b9);
  @"e8 => #(@"3b8);
  @"ea => #(@"3ba);
  @"eb => #(@"3bb);
  @"ec => #(@"3bc);
  @"ed => #(@"3bd);
  @"ef => #(@"3bf);
  @"f0 => #(@"3c0);
  @"f7 => #(@"3c7);
  @"f1 => #(@"3c1);
  @"f3 => #(@"3c3);
  @"f4 => #(@"3c4);
  @"f5 => #(@"3c5);
  @"f9 => #(@"3c9);
  @"ee => #(@"3be);
  @"f8 => #(@"3c8);
  @"e6 => #(@"3b6);
  `;' => @"37e;
  @"b7 => @"387;
  . => \1;
