input:  1;
output: 2;
expressions:
  `<'`''`a'`|' => #(@"1f85);
  `<'`''`h'`|' => #(@"1f95);
  `<'`''`w'`|' => #(@"1fa5);
  `<'`='`a'`|' => #(@"1f87);
  `<'`='`h'`|' => #(@"1f97);
  `<'`='`w'`|' => #(@"1fa7);
  `<'``'`a'`|' => #(@"1f83);
  `<'``'`h'`|' => #(@"1f93);
  `<'``'`w'`|' => #(@"1fa3);
  `>'`''`a'`|' => #(@"1f84);
  `>'`''`h'`|' => #(@"1f94);
  `>'`''`w'`|' => #(@"1fa4);
  `>'`='`a'`|' => #(@"1f86);
  `>'`='`h'`|' => #(@"1f96);
  `>'`='`w'`|' => #(@"1fa6);
  `>'``'`a'`|' => #(@"1f82);
  `>'``'`h'`|' => #(@"1f92);
  `>'``'`w'`|' => #(@"1fa2);
  `"'`''`i' => #(@"1fd3);
  `"'`''`u' => #(@"1fe3);
  `"'`='`i' => #(@"1fd7);
  `"'`='`u' => #(@"1fe7);
  `"'``'`i' => #(@"1fd2);
  `"'``'`u' => #(@"1fe2);
  `''`a'`|' => #(@"1fb4);
  `''`h'`|' => #(@"1fc4);
  `''`w'`|' => #(@"1ff4);
  `<'`''`a' => #(@"1f05);
  `<'`''`e' => #(@"1f15);
  `<'`''`h' => #(@"1f25);
  `<'`''`i' => #(@"1f35);
  `<'`''`o' => #(@"1f45);
  `<'`''`u' => #(@"1f55);
  `<'`''`w' => #(@"1f65);
  `<'`='`a' => #(@"1f07);
  `<'`='`e' => #(@"3b5)#(@"1fdf);
  `<'`='`h' => #(@"1f27);
  `<'`='`i' => #(@"1f37);
  `<'`='`o' => #(@"3bf)#(@"1fdf);
  `<'`='`u' => #(@"1f57);
  `<'`='`w' => #(@"1f67);
  `<'``'`a' => #(@"1f03);
  `<'``'`e' => #(@"1f13);
  `<'``'`h' => #(@"1f23);
  `<'``'`i' => #(@"1f33);
  `<'``'`o' => #(@"1f43);
  `<'``'`u' => #(@"1f53);
  `<'``'`w' => #(@"1f63);
  `<'`a'`|' => #(@"1f81);
  `<'`h'`|' => #(@"1f91);
  `<'`w'`|' => #(@"1fa1);
  `='`a'`|' => #(@"1fb7);
  `='`h'`|' => #(@"1fc7);
  `='`w'`|' => #(@"1ff7);
  `>'`''`a' => #(@"1f04);
  `>'`''`e' => #(@"1f14);
  `>'`''`h' => #(@"1f24);
  `>'`''`i' => #(@"1f34);
  `>'`''`o' => #(@"1f44);
  `>'`''`u' => #(@"1f54);
  `>'`''`w' => #(@"1f64);
  `>'`='`a' => #(@"1f06);
  `>'`='`e' => #(@"3b5)#(@"1fcf);
  `>'`='`h' => #(@"1f26);
  `>'`='`i' => #(@"1f36);
  `>'`='`o' => #(@"3bf)#(@"1fcf);
  `>'`='`u' => #(@"1f56);
  `>'`='`w' => #(@"1f66);
  `>'``'`a' => #(@"1f02);
  `>'``'`e' => #(@"1f12);
  `>'``'`h' => #(@"1f22);
  `>'``'`i' => #(@"1f32);
  `>'``'`o' => #(@"1f42);
  `>'``'`u' => #(@"1f52);
  `>'``'`w' => #(@"1f62);
  `>'`a'`|' => #(@"1f80);
  `>'`h'`|' => #(@"1f90);
  `>'`w'`|' => #(@"1fa0);
  ``'`a'`|' => #(@"1fb2);
  ``'`h'`|' => #(@"1fc2);
  ``'`w'`|' => #(@"1ff2);
  `"'`I' => #(@"3aa);
  `"'`U' => #(@"3ab);
  `"'`i' => #(@"3ca);
  `"'`u' => #(@"3cb);
  `''`a' => #(@"1f71);
  `''`e' => #(@"1f73);
  `''`h' => #(@"1f75);
  `''`i' => #(@"1f77);
  `''`o' => #(@"1f79);
  `''`u' => #(@"1f7b);
  `''`w' => #(@"1f7d);
  `''`A' => #(@"386);
  `''`E' => #(@"388);
  `''`H' => #(@"389);
  `''`I' => #(@"38a);
  `''`O' => #(@"38c);
  `''`U' => #(@"38e);
  `''`W' => #(@"38f);
  `<'`'' => #(@"1fde);
  `<'`<' => #(@"ab);
  `<'`=' => #(@"1fdf);
  `<'``' => #(@"1fdd);
  `<'`a' => #(@"1f01);
  `<'`e' => #(@"1f11);
  `<'`h' => #(@"1f21);
  `<'`i' => #(@"1f31);
  `<'`o' => #(@"1f41);
  `<'`r' => #(@"1fe5);
  `<'`u' => #(@"1f51);
  `<'`w' => #(@"1f61);
  `='`P' => #(@"3e0);
  `='`Q' => #(@"3de);
  `='`S' => #(@"3da);
  `='`a' => #(@"1fb6);
  `='`e' => #(@"3b5)#(@"1fc0);
  `='`h' => #(@"1fc6);
  `='`i' => #(@"1fd6);
  `='`o' => #(@"3bf)#(@"1fc0);
  `='`p' => #(@"3e1);
  `='`q' => #(@"3df);
  `='`s' => #(@"3db);
  `='`u' => #(@"1fe6);
  `='`w' => #(@"1ff6);
  `>'`'' => #(@"1fce);
  `>'`=' => #(@"1fcf);
  `>'`>' => #(@"bb);
  `>'``' => #(@"1fcd);
  `>'`a' => #(@"1f00);
  `>'`e' => #(@"1f10);
  `>'`h' => #(@"1f20);
  `>'`i' => #(@"1f30);
  `>'`o' => #(@"1f40);
  `>'`r' => #(@"1fe4);
  `>'`u' => #(@"1f50);
  `>'`w' => #(@"1f60);
  `^'`A' => #(@"1fb8);
  `^'`E' => #(@"395)#(@"306);
  `^'`H' => #(@"397)#(@"306);
  `^'`I' => #(@"1fd8);
  `^'`O' => #(@"39f)#(@"306);
  `^'`U' => #(@"1fe8);
  `^'`W' => #(@"3a9)#(@"306);
  `^'`a' => #(@"1fb0);
  `^'`e' => #(@"3b5)#(@"306);
  `^'`h' => #(@"3b7)#(@"306);
  `^'`i' => #(@"1fd0);
  `^'`o' => #(@"3bf)#(@"306);
  `^'`u' => #(@"1fe0);
  `^'`w' => #(@"3c9)#(@"306);
  `_'`A' => #(@"1fb9);
  `_'`E' => #(@"395)#(@"304);
  `_'`H' => #(@"397)#(@"304);
  `_'`I' => #(@"1fd9);
  `_'`O' => #(@"39f)#(@"304);
  `_'`U' => #(@"1fe9);
  `_'`W' => #(@"3a9)#(@"304);
  `_'`a' => #(@"1fb1);
  `_'`e' => #(@"3b5)#(@"304);
  `_'`h' => #(@"3b7)#(@"304);
  `_'`i' => #(@"1fd1);
  `_'`o' => #(@"3bf)#(@"304);
  `_'`u' => #(@"1fe1);
  `_'`w' => #(@"3c9)#(@"304);
  ``'`a' => #(@"1f70);
  ``'`e' => #(@"1f72);
  ``'`h' => #(@"1f74);
  ``'`i' => #(@"1f76);
  ``'`o' => #(@"1f78);
  ``'`u' => #(@"1f7a);
  ``'`w' => #(@"1f7c);
  `|'`|' => #(@"3f5);
  `a'`|' => #(@"1fb3);
  `h'`|' => #(@"1fc3);
  `w'`|' => #(@"1ff3);
  `;' => #(@"387);
  `?' => #(@"37e);
  `A' => #(@"391);
  `B' => #(@"392);
  `D' => #(@"394);
  `E' => #(@"395);
  `F' => #(@"3a6);
  `G' => #(@"393);
  `H' => #(@"397);
  `I' => #(@"399);
  `J' => #(@"398);
  `K' => #(@"39a);
  `L' => #(@"39b);
  `M' => #(@"39c);
  `N' => #(@"39d);
  `O' => #(@"39f);
  `P' => #(@"3a0);
  `Q' => #(@"3a7);
  `R' => #(@"3a1);
  `S' => #(@"3a3);
  `T' => #(@"3a4);
  `U' => #(@"3a5);
  `V' => #(@"3dc);
  `W' => #(@"3a9);
  `X' => #(@"39e);
  `Y' => #(@"3a8);
  `Z' => #(@"396);
  `^' => #(@"306);
  `_' => #(@"304);
  `a' => #(@"3b1);
  `b' => #(@"3b2);
  `c' => #(@"3c2);
  `d' => #(@"3b4);
  `e' => #(@"3b5);
  `f' => #(@"3c6);
  `g' => #(@"3b3);
  `h' => #(@"3b7);
  `i' => #(@"3b9);
  `j' => #(@"3b8);
  `k' => #(@"3ba);
  `l' => #(@"3bb);
  `m' => #(@"3bc);
  `n' => #(@"3bd);
  `o' => #(@"3bf);
  `p' => #(@"3c0);
  `q' => #(@"3c7);
  `r' => #(@"3c1);
  `s' => #(@"3c3);
  `t' => #(@"3c4);
  `u' => #(@"3c5);
  `v' => #(@"3dd);
  `w' => #(@"3c9);
  `x' => #(@"3be);
  `y' => #(@"3c8);
  `z' => #(@"3b6);
  `<'@"dc`|' => #(@"1f85);
  `<'@"de`|' => #(@"1f95);
  `<'@"fe`|' => #(@"1fa5);
  `<'@"a2`|' => #(@"1f8d);
  `<'@"b9`|' => #(@"1f9d);
  `<'@"bf`|' => #(@"1fad);
  `<'`='@"e1`|' => #(@"1f87);
  `<'`='@"e7`|' => #(@"1f97);
  `<'`='@"f9`|' => #(@"1fa7);
  `<'`='@"c1`|' => #(@"1f8f);
  `<'`='@"c7`|' => #(@"1f9f);
  `<'`='@"d9`|' => #(@"1faf);
  `<'``'@"e1`|' => #(@"1f83);
  `<'``'@"e7`|' => #(@"1f93);
  `<'``'@"f9`|' => #(@"1fa3);
  `<'``'@"c1`|' => #(@"1f8b);
  `<'``'@"c7`|' => #(@"1f9b);
  `<'``'@"d9`|' => #(@"1fab);
  `>'@"dc`|' => #(@"1f84);
  `>'@"de`|' => #(@"1f94);
  `>'@"fe`|' => #(@"1fa4);
  `>'@"a2`|' => #(@"1f8c);
  `>'@"b9`|' => #(@"1f9c);
  `>'@"bf`|' => #(@"1fac);
  `>'`='@"e1`|' => #(@"1f86);
  `>'`='@"e7`|' => #(@"1f96);
  `>'`='@"f9`|' => #(@"1fa6);
  `>'`='@"c1`|' => #(@"1f8e);
  `>'`='@"c7`|' => #(@"1f9e);
  `>'`='@"d9`|' => #(@"1fae);
  `>'``'@"e1`|' => #(@"1f82);
  `>'``'@"e7`|' => #(@"1f92);
  `>'``'@"f9`|' => #(@"1fa2);
  `>'``'@"c1`|' => #(@"1f8a);
  `>'``'@"c7`|' => #(@"1f9a);
  `>'``'@"d9`|' => #(@"1faa);
  @"c0 => #(@"390);
  @"e0 => #(@"3b0);
  `='@"fa => #(@"1fd7);
  `='@"fb => #(@"1fe7);
  ``'@"fa => #(@"1fd2);
  ``'@"fb => #(@"1fe2);
  @"dc`|' => #(@"1fb4);
  @"de`|' => #(@"1fc4);
  @"fe`|' => #(@"1ff4);
  `<'@"dc => #(@"1f05);
  `<'@"dd => #(@"1f15);
  `<'@"de => #(@"1f25);
  `<'@"df => #(@"1f35);
  `<'@"fc => #(@"1f45);
  `<'@"fd => #(@"1f55);
  `<'@"fe => #(@"1f65);
  `<'@"a2 => #(@"1f0d);
  `<'@"b8 => #(@"1f1d);
  `<'@"b9 => #(@"1f2d);
  `<'@"ba => #(@"1f3d);
  `<'@"bc => #(@"1f4d);
  `<'@"be => #(@"1f5d);
  `<'@"bf => #(@"1f6d);
  `<'`='@"e1 => #(@"1f07);
  `<'`='@"e5 => #(@"1f11)#(@"303);
  `<'`='@"e7 => #(@"1f27);
  `<'`='@"e9 => #(@"1f37);
  `<'`='@"ef => #(@"1f41)#(@"303);
  `<'`='@"f5 => #(@"1f57);
  `<'`='@"f9 => #(@"1f67);
  `<'`='@"c1 => #(@"1f0f);
  `<'`='@"c5 => #(@"1f19)#(@"303);
  `<'`='@"c7 => #(@"1f2f);
  `<'`='@"c9 => #(@"1f3f);
  `<'`='@"cf => #(@"1f49)#(@"303);
  `<'`='@"d5 => #(@"1f5f);
  `<'`='@"d9 => #(@"1f6f);
  `<'``'@"e1 => #(@"1f03);
  `<'``'@"e5 => #(@"1f13);
  `<'``'@"e7 => #(@"1f23);
  `<'``'@"e9 => #(@"1f33);
  `<'``'@"ef => #(@"1f43);
  `<'``'@"f5 => #(@"1f53);
  `<'``'@"f9 => #(@"1f63);
  `<'``'@"c1 => #(@"1f0b);
  `<'``'@"c5 => #(@"1f1b);
  `<'``'@"c7 => #(@"1f2b);
  `<'``'@"c9 => #(@"1f3b);
  `<'``'@"cf => #(@"1f4b);
  `<'``'@"d5 => #(@"1f5b);
  `<'``'@"d9 => #(@"1f6b);
  `<'@"e1`|' => #(@"1f81);
  `<'@"e7`|' => #(@"1f91);
  `<'@"f9`|' => #(@"1fa1);
  `<'@"c1`|' => #(@"1f89);
  `<'@"c7`|' => #(@"1f99);
  `<'@"d9`|' => #(@"1fa9);
  `='@"e1`|' => #(@"1fb7);
  `='@"e7`|' => #(@"1fc7);
  `='@"f9`|' => #(@"1ff7);
  `>'@"dc => #(@"1f04);
  `>'@"dd => #(@"1f14);
  `>'@"de => #(@"1f24);
  `>'@"df => #(@"1f34);
  `>'@"fc => #(@"1f44);
  `>'@"fd => #(@"1f54);
  `>'@"fe => #(@"1f64);
  `>'@"a2 => #(@"1f0c);
  `>'@"b8 => #(@"1f1c);
  `>'@"b9 => #(@"1f2c);
  `>'@"ba => #(@"1f3c);
  `>'@"bc => #(@"1f4c);
  `>'@"be => #(@"1f5c);
  `>'@"bf => #(@"1f6c);
  `>'`='@"e1 => #(@"1f06);
  `>'`='@"e5 => #(@"1f10)#(@"303);
  `>'`='@"e7 => #(@"1f26);
  `>'`='@"e9 => #(@"1f36);
  `>'`='@"ef => #(@"1f40)#(@"303);
  `>'`='@"f5 => #(@"1f56);
  `>'`='@"f9 => #(@"1f66);
  `>'`='@"c1 => #(@"1f0e);
  `>'`='@"c5 => #(@"1f18)#(@"303);
  `>'`='@"c7 => #(@"1f2e);
  `>'`='@"c9 => #(@"1f3e);
  `>'`='@"cf => #(@"1f48)#(@"303);
  `>'`='@"d5 => #(@"1f5e);
  `>'`='@"d9 => #(@"1f6e);
  `>'``'@"e1 => #(@"1f02);
  `>'``'@"e5 => #(@"1f12);
  `>'``'@"e7 => #(@"1f22);
  `>'``'@"e9 => #(@"1f32);
  `>'``'@"ef => #(@"1f42);
  `>'``'@"f5 => #(@"1f52);
  `>'``'@"f9 => #(@"1f62);
  `>'``'@"c1 => #(@"1f0a);
  `>'``'@"c5 => #(@"1f1a);
  `>'``'@"c7 => #(@"1f2a);
  `>'``'@"c9 => #(@"1f3a);
  `>'``'@"cf => #(@"1f4a);
  `>'``'@"d5 => #(@"1f5a);
  `>'``'@"d9 => #(@"1f6a);
  `>'@"e1`|' => #(@"1f80);
  `>'@"e7`|' => #(@"1f90);
  `>'@"f9`|' => #(@"1fa0);
  `>'@"c1`|' => #(@"1f88);
  `>'@"c7`|' => #(@"1f98);
  `>'@"d9`|' => #(@"1fa8);
  ``'@"e1`|' => #(@"1fb2);
  ``'@"e7`|' => #(@"1fc2);
  ``'@"f9`|' => #(@"1ff2);
  @"da => #(@"3aa);
  @"db => #(@"3ab);
  @"fa => #(@"3ca);
  @"fb => #(@"3cb);
  @"dc => #(@"3ac);
  @"dd => #(@"3ad);
  @"de => #(@"3ae);
  @"df => #(@"3af);
  @"fc => #(@"3cc);
  @"fd => #(@"3cd);
  @"fe => #(@"3ce);
  @"a2 => #(@"386);
  @"b8 => #(@"388);
  @"b9 => #(@"389);
  @"ba => #(@"38a);
  @"bc => #(@"38c);
  @"be => #(@"38e);
  @"bf => #(@"38f);
  `<'`'' => #(@"1fde);
  `<'`<' => #(@"ab);
  `<'`=' => #(@"1fdf);
  `<'``' => #(@"1fdd);
  `<'@"e1 => #(@"1f01);
  `<'@"e5 => #(@"1f11);
  `<'@"e7 => #(@"1f21);
  `<'@"e9 => #(@"1f31);
  `<'@"ef => #(@"1f41);
  `<'@"f1 => #(@"1fe5);
  `<'@"f5 => #(@"1f51);
  `<'@"f9 => #(@"1f61);
  `<'@"c1 => #(@"1f09);
  `<'@"c5 => #(@"1f19);
  `<'@"c7 => #(@"1f29);
  `<'@"c9 => #(@"1f39);
  `<'@"cf => #(@"1f49);
  `<'@"d1 => #(@"1fec);
  `<'@"d5 => #(@"1f59);
  `<'@"d9 => #(@"1f69);
  `='@"d0 => #(@"3e0);
  `='@"d7 => #(@"3de);
  `='@"d3 => #(@"3da);
  `='@"ca => #(@"3d8);
  `='@"c2 => #(@"3dc);
  `='@"e1 => #(@"1fb6);
  `='@"e5 => #(@"3b5)#(@"303);
  `='@"e7 => #(@"1fc6);
  `='@"e9 => #(@"1fd6);
  `='@"ef => #(@"3bf)#(@"303);
  `='@"f0 => #(@"3e1);
  `='@"f7 => #(@"3df);
  `='@"f3 => #(@"3db);
  `='@"ea => #(@"3d9);
  `='@"f5 => #(@"1fe6);
  `='@"f9 => #(@"1ff6);
  `='@"e2 => #(@"3dd);
  `>'`'' => #(@"1fce);
  `>'`=' => #(@"1fcf);
  `>'`>' => #(@"bb);
  `>'``' => #(@"1fcd);
  `>'@"e1 => #(@"1f00);
  `>'@"e5 => #(@"1f10);
  `>'@"e7 => #(@"1f20);
  `>'@"e9 => #(@"1f30);
  `>'@"ef => #(@"1f40);
  `>'@"f1 => #(@"1fe4);
  `>'@"f5 => #(@"1f50);
  `>'@"f9 => #(@"1f60);
  `>'@"c1 => #(@"1f08);
  `>'@"c5 => #(@"1f18);
  `>'@"c7 => #(@"1f28);
  `>'@"c9 => #(@"1f38);
  `>'@"cf => #(@"1f48);
  `>'@"d1 => #(@"1fdc);
  `>'@"d5 => #(@"1f58);
  `>'@"d9 => #(@"1f68);
  ``'@"e1 => #(@"1f70);
  ``'@"e5 => #(@"1f72);
  ``'@"e7 => #(@"1f74);
  ``'@"e9 => #(@"1f76);
  ``'@"ef => #(@"1f78);
  ``'@"f5 => #(@"1f7a);
  ``'@"f9 => #(@"1f7c);
  @"e1`|' => #(@"1fb3);
  @"e7`|' => #(@"1fc3);
  @"f9`|' => #(@"1ff3);
  @"c1`|' => #(@"1fbc);
  @"c7`|' => #(@"1fcc);
  @"d9`|' => #(@"1ffc);
  @"b7 => #(@"387);
  `<'`<' => #(@"ab);
  `<' => #(@"1ffe);
  `>'`>' => #(@"bb);
  `>' => #(@"1fbf);
  `;' => #(@"37e);
  @"c1 => #(@"391);
  @"c2 => #(@"392);
  @"c4 => #(@"394);
  @"c5 => #(@"395);
  @"d6 => #(@"3a6);
  @"c3 => #(@"393);
  @"c7 => #(@"397);
  @"c9 => #(@"399);
  @"c8 => #(@"398);
  @"ca => #(@"39a);
  @"cb => #(@"39b);
  @"cc => #(@"39c);
  @"cd => #(@"39d);
  @"cf => #(@"39f);
  @"d0 => #(@"3a0);
  @"d7 => #(@"3a7);
  @"d1 => #(@"3a1);
  @"d3 => #(@"3a3);
  @"d4 => #(@"3a4);
  @"d5 => #(@"3a5);
  @"d9 => #(@"3a9);
  @"ce => #(@"39e);
  @"d8 => #(@"3a8);
  @"c6 => #(@"396);
  @"e1 => #(@"3b1);
  @"e2 => #(@"3b2);
  @"f2 => #(@"3c2);
  @"e4 => #(@"3b4);
  @"e5 => #(@"3b5);
  @"f6 => #(@"3c6);
  @"e3 => #(@"3b3);
  @"e7 => #(@"3b7);
  @"e9 => #(@"3b9);
  @"e8 => #(@"3b8);
  @"ea => #(@"3ba);
  @"eb => #(@"3bb);
  @"ec => #(@"3bc);
  @"ed => #(@"3bd);
  @"ef => #(@"3bf);
  @"f0 => #(@"3c0);
  @"f7 => #(@"3c7);
  @"f1 => #(@"3c1);
  @"f3 => #(@"3c3);
  @"f4 => #(@"3c4);
  @"f5 => #(@"3c5);
  @"f9 => #(@"3c9);
  @"ee => #(@"3be);
  @"f8 => #(@"3c8);
  @"e6 => #(@"3b6);
  `|' => "|";
  `<'`<' => #(@"ab);
  `<' => #(@"1ffe);
  `>'`>' => #(@"bb);
  `>' => #(@"1fbf);
  `?' => @"37e;
  `;' => @"37e;
  @"b7 => @"387;
  `-'`-'`-' => @"2014;
  `-'`-' => @"2013;
  ``'``' => @"201c;
  ``' => @"2018;
  `''`'' => @"201d;
  `'' => @"2019;
  @"2060`<'`<' => @"201f;
  @"2060`>'`>' => @"201d;
  `<'`<' => @"ab;
  `>'`>' => @"bb;
  . => \1;
