ctp_length     :  ea(234)
ctp_input      :   1(  1)
ctp_output     :   2(  2)
ctp_no_tables  :   0(  0)
ctp_room_tables:   0(  0)
ctp_no_states  :   1(  1)
ctp_room_states:  e2(226)

State  0( 0):  e2(226) entries

State  0( 0), entry   0(  0): OTP_LEFT_START       0(  0)
State  0( 0), entry   1(  1): OTP_GOTO_NE         47( 71,`G')
State  0( 0), entry   2(  2):                      4(  4)
State  0( 0), entry   3(  3): OTP_GOTO             6(  6)
State  0( 0), entry   4(  4): OTP_GOTO_NE         67(103,`g')
State  0( 0), entry   5(  5):                      e( 14)
State  0( 0), entry   6(  6): OTP_GOTO_NO_ADVANCE  e( 14)
State  0( 0), entry   7(  7): OTP_GOTO_NE         48( 72,`H')
State  0( 0), entry   8(  8):                      a( 10)
State  0( 0), entry   9(  9): OTP_GOTO             c( 12)
State  0( 0), entry   a( 10): OTP_GOTO_NE         68(104,`h')
State  0( 0), entry   b( 11):                      e( 14)
State  0( 0), entry   c( 12): OTP_RIGHT_NUM       c72(3186)
State  0( 0), entry   d( 13): OTP_STOP             0(  0)
State  0( 0), entry   e( 14): OTP_LEFT_RETURN      0(  0)
State  0( 0), entry   f( 15): OTP_GOTO_NE         2e( 46,`.')
State  0( 0), entry  10( 16):                     19( 25)
State  0( 0), entry  11( 17): OTP_GOTO_NO_ADVANCE 19( 25)
State  0( 0), entry  12( 18): OTP_GOTO_NE         44( 68,`D')
State  0( 0), entry  13( 19):                     15( 21)
State  0( 0), entry  14( 20): OTP_GOTO            17( 23)
State  0( 0), entry  15( 21): OTP_GOTO_NE         64(100,`d')
State  0( 0), entry  16( 22):                     19( 25)
State  0( 0), entry  17( 23): OTP_RIGHT_NUM       c64(3172)
State  0( 0), entry  18( 24): OTP_STOP             0(  0)
State  0( 0), entry  19( 25): OTP_LEFT_RETURN      0(  0)
State  0( 0), entry  1a( 26): OTP_GOTO_NE         2e( 46,`.')
State  0( 0), entry  1b( 27):                     23( 35,`#')
State  0( 0), entry  1c( 28): OTP_GOTO_NO_ADVANCE 23( 35,`#')
State  0( 0), entry  1d( 29): OTP_GOTO_NE         45( 69,`E')
State  0( 0), entry  1e( 30):                     20( 32,` ')
State  0( 0), entry  1f( 31): OTP_GOTO            22( 34,`"')
State  0( 0), entry  20( 32): OTP_GOTO_NE         65(101,`e')
State  0( 0), entry  21( 33):                     23( 35,`#')
State  0( 0), entry  22( 34): OTP_STOP             0(  0)
State  0( 0), entry  23( 35): OTP_LEFT_RETURN      0(  0)
State  0( 0), entry  24( 36): OTP_GOTO_NE         2e( 46,`.')
State  0( 0), entry  25( 37):                     2e( 46,`.')
State  0( 0), entry  26( 38): OTP_GOTO_NO_ADVANCE 2e( 46,`.')
State  0( 0), entry  27( 39): OTP_GOTO_NE         47( 71,`G')
State  0( 0), entry  28( 40):                     2a( 42,`*')
State  0( 0), entry  29( 41): OTP_GOTO            2c( 44,`,')
State  0( 0), entry  2a( 42): OTP_GOTO_NE         67(103,`g')
State  0( 0), entry  2b( 43):                     2e( 46,`.')
State  0( 0), entry  2c( 44): OTP_RIGHT_NUM       c67(3175)
State  0( 0), entry  2d( 45): OTP_STOP             0(  0)
State  0( 0), entry  2e( 46): OTP_LEFT_RETURN      0(  0)
State  0( 0), entry  2f( 47): OTP_GOTO_NE         2e( 46,`.')
State  0( 0), entry  30( 48):                     39( 57,`9')
State  0( 0), entry  31( 49): OTP_GOTO_NO_ADVANCE 39( 57,`9')
State  0( 0), entry  32( 50): OTP_GOTO_NE         48( 72,`H')
State  0( 0), entry  33( 51):                     35( 53,`5')
State  0( 0), entry  34( 52): OTP_GOTO            37( 55,`7')
State  0( 0), entry  35( 53): OTP_GOTO_NE         68(104,`h')
State  0( 0), entry  36( 54):                     39( 57,`9')
State  0( 0), entry  37( 55): OTP_RIGHT_NUM       c68(3176)
State  0( 0), entry  38( 56): OTP_STOP             0(  0)
State  0( 0), entry  39( 57): OTP_LEFT_RETURN      0(  0)
State  0( 0), entry  3a( 58): OTP_GOTO_NE         2e( 46,`.')
State  0( 0), entry  3b( 59):                     44( 68,`D')
State  0( 0), entry  3c( 60): OTP_GOTO_NO_ADVANCE 44( 68,`D')
State  0( 0), entry  3d( 61): OTP_GOTO_NE         4e( 78,`N')
State  0( 0), entry  3e( 62):                     40( 64,`@')
State  0( 0), entry  3f( 63): OTP_GOTO            42( 66,`B')
State  0( 0), entry  40( 64): OTP_GOTO_NE         6e(110,`n')
State  0( 0), entry  41( 65):                     44( 68,`D')
State  0( 0), entry  42( 66): OTP_RIGHT_NUM       c6e(3182)
State  0( 0), entry  43( 67): OTP_STOP             0(  0)
State  0( 0), entry  44( 68): OTP_LEFT_RETURN      0(  0)
State  0( 0), entry  45( 69): OTP_GOTO_NE         2e( 46,`.')
State  0( 0), entry  46( 70):                     4f( 79,`O')
State  0( 0), entry  47( 71): OTP_GOTO_NO_ADVANCE 4f( 79,`O')
State  0( 0), entry  48( 72): OTP_GOTO_NE         53( 83,`S')
State  0( 0), entry  49( 73):                     4b( 75,`K')
State  0( 0), entry  4a( 74): OTP_GOTO            4d( 77,`M')
State  0( 0), entry  4b( 75): OTP_GOTO_NE         73(115,`s')
State  0( 0), entry  4c( 76):                     4f( 79,`O')
State  0( 0), entry  4d( 77): OTP_RIGHT_NUM       c73(3187)
State  0( 0), entry  4e( 78): OTP_STOP             0(  0)
State  0( 0), entry  4f( 79): OTP_LEFT_RETURN      0(  0)
State  0( 0), entry  50( 80): OTP_GOTO_NE         2e( 46,`.')
State  0( 0), entry  51( 81):                     5a( 90,`Z')
State  0( 0), entry  52( 82): OTP_GOTO_NO_ADVANCE 5a( 90,`Z')
State  0( 0), entry  53( 83): OTP_GOTO_NE         54( 84,`T')
State  0( 0), entry  54( 84):                     56( 86,`V')
State  0( 0), entry  55( 85): OTP_GOTO            58( 88,`X')
State  0( 0), entry  56( 86): OTP_GOTO_NE         74(116,`t')
State  0( 0), entry  57( 87):                     5a( 90,`Z')
State  0( 0), entry  58( 88): OTP_RIGHT_NUM       c74(3188)
State  0( 0), entry  59( 89): OTP_STOP             0(  0)
State  0( 0), entry  5a( 90): OTP_LEFT_RETURN      0(  0)
State  0( 0), entry  5b( 91): OTP_GOTO_NE         2e( 46,`.')
State  0( 0), entry  5c( 92):                     65(101,`e')
State  0( 0), entry  5d( 93): OTP_GOTO_NO_ADVANCE 65(101,`e')
State  0( 0), entry  5e( 94): OTP_GOTO_NE         5a( 90,`Z')
State  0( 0), entry  5f( 95):                     61( 97,`a')
State  0( 0), entry  60( 96): OTP_GOTO            63( 99,`c')
State  0( 0), entry  61( 97): OTP_GOTO_NE         7a(122,`z')
State  0( 0), entry  62( 98):                     65(101,`e')
State  0( 0), entry  63( 99): OTP_RIGHT_NUM       c7a(3194)
State  0( 0), entry  64(100): OTP_STOP             0(  0)
State  0( 0), entry  65(101): OTP_LEFT_RETURN      0(  0)
State  0( 0), entry  66(102): OTP_GOTO_NE         2e( 46,`.')
State  0( 0), entry  67(103):                     70(112,`p')
State  0( 0), entry  68(104): OTP_GOTO_NO_ADVANCE 70(112,`p')
State  0( 0), entry  69(105): OTP_GOTO_NE         49( 73,`I')
State  0( 0), entry  6a(106):                     6c(108,`l')
State  0( 0), entry  6b(107): OTP_GOTO            6e(110,`n')
State  0( 0), entry  6c(108): OTP_GOTO_NE         69(105,`i')
State  0( 0), entry  6d(109):                     70(112,`p')
State  0( 0), entry  6e(110): OTP_RIGHT_NUM       c49(3145)
State  0( 0), entry  6f(111): OTP_STOP             0(  0)
State  0( 0), entry  70(112): OTP_LEFT_RETURN      0(  0)
State  0( 0), entry  71(113): OTP_GOTO_NE         45( 69,`E')
State  0( 0), entry  72(114):                     74(116,`t')
State  0( 0), entry  73(115): OTP_GOTO            76(118,`v')
State  0( 0), entry  74(116): OTP_GOTO_NE         65(101,`e')
State  0( 0), entry  75(117):                     77(119,`w')
State  0( 0), entry  76(118): OTP_STOP             0(  0)
State  0( 0), entry  77(119): OTP_LEFT_RETURN      0(  0)
State  0( 0), entry  78(120): OTP_GOTO_NE         4f( 79,`O')
State  0( 0), entry  79(121):                     7b(123,`{')
State  0( 0), entry  7a(122): OTP_GOTO            7d(125,`}')
State  0( 0), entry  7b(123): OTP_GOTO_NE         6f(111,`o')
State  0( 0), entry  7c(124):                     7e(126,`~')
State  0( 0), entry  7d(125): OTP_STOP             0(  0)
State  0( 0), entry  7e(126): OTP_LEFT_RETURN      0(  0)
State  0( 0), entry  7f(127): OTP_GOTO_LT         41( 65,`A')
State  0( 0), entry  80(128):                     88(136)
State  0( 0), entry  81(129): OTP_GOTO_GT         5a( 90,`Z')
State  0( 0), entry  82(130):                     88(136)
State  0( 0), entry  83(131): OTP_PUSH_CHAR        1(  1)
State  0( 0), entry  84(132): OTP_PUSH_NUM        c00(3072)
State  0( 0), entry  85(133): OTP_ADD              0(  0)
State  0( 0), entry  86(134): OTP_RIGHT_OUTPUT     0(  0)
State  0( 0), entry  87(135): OTP_STOP             0(  0)
State  0( 0), entry  88(136): OTP_LEFT_RETURN      0(  0)
State  0( 0), entry  89(137): OTP_GOTO_LT         61( 97,`a')
State  0( 0), entry  8a(138):                     92(146)
State  0( 0), entry  8b(139): OTP_GOTO_GT         7a(122,`z')
State  0( 0), entry  8c(140):                     92(146)
State  0( 0), entry  8d(141): OTP_PUSH_CHAR        1(  1)
State  0( 0), entry  8e(142): OTP_PUSH_NUM        be0(3040)
State  0( 0), entry  8f(143): OTP_ADD              0(  0)
State  0( 0), entry  90(144): OTP_RIGHT_OUTPUT     0(  0)
State  0( 0), entry  91(145): OTP_STOP             0(  0)
State  0( 0), entry  92(146): OTP_LEFT_RETURN      0(  0)
State  0( 0), entry  93(147): OTP_GOTO_NE         2d( 45,`-')
State  0( 0), entry  94(148):                     9d(157)
State  0( 0), entry  95(149): OTP_GOTO_NO_ADVANCE 9d(157)
State  0( 0), entry  96(150): OTP_GOTO_NE         2d( 45,`-')
State  0( 0), entry  97(151):                     9d(157)
State  0( 0), entry  98(152): OTP_GOTO_NO_ADVANCE 9d(157)
State  0( 0), entry  99(153): OTP_GOTO_NE         2d( 45,`-')
State  0( 0), entry  9a(154):                     9d(157)
State  0( 0), entry  9b(155): OTP_RIGHT_NUM       2014(8212)
State  0( 0), entry  9c(156): OTP_STOP             0(  0)
State  0( 0), entry  9d(157): OTP_LEFT_RETURN      0(  0)
State  0( 0), entry  9e(158): OTP_GOTO_NE         2d( 45,`-')
State  0( 0), entry  9f(159):                     a5(165)
State  0( 0), entry  a0(160): OTP_GOTO_NO_ADVANCE a5(165)
State  0( 0), entry  a1(161): OTP_GOTO_NE         2d( 45,`-')
State  0( 0), entry  a2(162):                     a5(165)
State  0( 0), entry  a3(163): OTP_RIGHT_NUM       f05f(61535)
State  0( 0), entry  a4(164): OTP_STOP             0(  0)
State  0( 0), entry  a5(165): OTP_LEFT_RETURN      0(  0)
State  0( 0), entry  a6(166): OTP_GOTO_NE         2d( 45,`-')
State  0( 0), entry  a7(167):                     aa(170)
State  0( 0), entry  a8(168): OTP_RIGHT_NUM       20( 32,` ')
State  0( 0), entry  a9(169): OTP_STOP             0(  0)
State  0( 0), entry  aa(170): OTP_LEFT_RETURN      0(  0)
State  0( 0), entry  ab(171): OTP_GOTO_NE         60( 96,``')
State  0( 0), entry  ac(172):                     b2(178)
State  0( 0), entry  ad(173): OTP_GOTO_NO_ADVANCE b2(178)
State  0( 0), entry  ae(174): OTP_GOTO_NE         60( 96,``')
State  0( 0), entry  af(175):                     b2(178)
State  0( 0), entry  b0(176): OTP_RIGHT_NUM       201c(8220)
State  0( 0), entry  b1(177): OTP_STOP             0(  0)
State  0( 0), entry  b2(178): OTP_LEFT_RETURN      0(  0)
State  0( 0), entry  b3(179): OTP_GOTO_NE         60( 96,``')
State  0( 0), entry  b4(180):                     b7(183)
State  0( 0), entry  b5(181): OTP_RIGHT_NUM       2018(8216)
State  0( 0), entry  b6(182): OTP_STOP             0(  0)
State  0( 0), entry  b7(183): OTP_LEFT_RETURN      0(  0)
State  0( 0), entry  b8(184): OTP_GOTO_NE         27( 39,`'')
State  0( 0), entry  b9(185):                     bf(191)
State  0( 0), entry  ba(186): OTP_GOTO_NO_ADVANCE bf(191)
State  0( 0), entry  bb(187): OTP_GOTO_NE         27( 39,`'')
State  0( 0), entry  bc(188):                     bf(191)
State  0( 0), entry  bd(189): OTP_RIGHT_NUM       201d(8221)
State  0( 0), entry  be(190): OTP_STOP             0(  0)
State  0( 0), entry  bf(191): OTP_LEFT_RETURN      0(  0)
State  0( 0), entry  c0(192): OTP_GOTO_NE         27( 39,`'')
State  0( 0), entry  c1(193):                     c4(196)
State  0( 0), entry  c2(194): OTP_RIGHT_NUM       2019(8217)
State  0( 0), entry  c3(195): OTP_STOP             0(  0)
State  0( 0), entry  c4(196): OTP_LEFT_RETURN      0(  0)
State  0( 0), entry  c5(197): OTP_GOTO_NE         2c( 44,`,')
State  0( 0), entry  c6(198):                     cc(204)
State  0( 0), entry  c7(199): OTP_GOTO_NO_ADVANCE cc(204)
State  0( 0), entry  c8(200): OTP_GOTO_NE         2c( 44,`,')
State  0( 0), entry  c9(201):                     cc(204)
State  0( 0), entry  ca(202): OTP_RIGHT_NUM       201e(8222)
State  0( 0), entry  cb(203): OTP_STOP             0(  0)
State  0( 0), entry  cc(204): OTP_LEFT_RETURN      0(  0)
State  0( 0), entry  cd(205): OTP_GOTO_NE         3c( 60,`<')
State  0( 0), entry  ce(206):                     d4(212)
State  0( 0), entry  cf(207): OTP_GOTO_NO_ADVANCE d4(212)
State  0( 0), entry  d0(208): OTP_GOTO_NE         3c( 60,`<')
State  0( 0), entry  d1(209):                     d4(212)
State  0( 0), entry  d2(210): OTP_RIGHT_NUM       ab(171)
State  0( 0), entry  d3(211): OTP_STOP             0(  0)
State  0( 0), entry  d4(212): OTP_LEFT_RETURN      0(  0)
State  0( 0), entry  d5(213): OTP_GOTO_NE         3e( 62,`>')
State  0( 0), entry  d6(214):                     dc(220)
State  0( 0), entry  d7(215): OTP_GOTO_NO_ADVANCE dc(220)
State  0( 0), entry  d8(216): OTP_GOTO_NE         3e( 62,`>')
State  0( 0), entry  d9(217):                     dc(220)
State  0( 0), entry  da(218): OTP_RIGHT_NUM       bb(187)
State  0( 0), entry  db(219): OTP_STOP             0(  0)
State  0( 0), entry  dc(220): OTP_LEFT_RETURN      0(  0)
State  0( 0), entry  dd(221): OTP_RIGHT_CHAR       1(  1)
State  0( 0), entry  de(222): OTP_STOP             0(  0)
State  0( 0), entry  df(223): OTP_LEFT_RETURN      0(  0)
State  0( 0), entry  e0(224): OTP_RIGHT_CHAR       1(  1)
State  0( 0), entry  e1(225): OTP_STOP             0(  0)
