ctp_length     :  1b( 27)
ctp_input      :   1(  1)
ctp_output     :   1(  1)
ctp_no_tables  :   0(  0)
ctp_room_tables:   0(  0)
ctp_no_states  :   1(  1)
ctp_room_states:  13( 19)

State  0( 0):  13( 19) entries

State  0( 0), entry   0(  0): OTP_LEFT_START       0(  0)
State  0( 0), entry   1(  1): OTP_GOTO_NE         27( 39,`'')
State  0( 0), entry   2(  2):                      d( 13)
State  0( 0), entry   3(  3): OTP_GOTO_NO_ADVANCE  d( 13)
State  0( 0), entry   4(  4): OTP_GOTO_NE         27( 39,`'')
State  0( 0), entry   5(  5):                      d( 13)
State  0( 0), entry   6(  6): OTP_GOTO_NO_ADVANCE  d( 13)
State  0( 0), entry   7(  7): OTP_GOTO_NE         2e( 46,`.')
State  0( 0), entry   8(  8):                      d( 13)
State  0( 0), entry   9(  9): OTP_RIGHT_NUM       2e( 46,`.')
State  0( 0), entry   a( 10): OTP_RIGHT_NUM       27( 39,`'')
State  0( 0), entry   b( 11): OTP_RIGHT_NUM       27( 39,`'')
State  0( 0), entry   c( 12): OTP_STOP             0(  0)
State  0( 0), entry   d( 13): OTP_LEFT_RETURN      0(  0)
State  0( 0), entry   e( 14): OTP_RIGHT_CHAR       1(  1)
State  0( 0), entry   f( 15): OTP_STOP             0(  0)
State  0( 0), entry  10( 16): OTP_LEFT_RETURN      0(  0)
State  0( 0), entry  11( 17): OTP_RIGHT_CHAR       1(  1)
State  0( 0), entry  12( 18): OTP_STOP             0(  0)
