ctp_length     : 1ce(462)
ctp_input      :   1(  1)
ctp_output     :   2(  2)
ctp_no_tables  :   0(  0)
ctp_room_tables:   0(  0)
ctp_no_states  :   1(  1)
ctp_room_states: 1c6(454)

State  0( 0): 1c6(454) entries

State  0( 0), entry   0(  0): OTP_LEFT_START       0(  0)
State  0( 0), entry   1(  1): OTP_GOTO_NE         2d( 45,`-')
State  0( 0), entry   2(  2):                      b( 11)
State  0( 0), entry   3(  3): OTP_GOTO_NO_ADVANCE  b( 11)
State  0( 0), entry   4(  4): OTP_GOTO_NE         2d( 45,`-')
State  0( 0), entry   5(  5):                      b( 11)
State  0( 0), entry   6(  6): OTP_GOTO_NO_ADVANCE  b( 11)
State  0( 0), entry   7(  7): OTP_GOTO_NE         2d( 45,`-')
State  0( 0), entry   8(  8):                      b( 11)
State  0( 0), entry   9(  9): OTP_RIGHT_NUM       2014(8212)
State  0( 0), entry   a( 10): OTP_STOP             0(  0)
State  0( 0), entry   b( 11): OTP_LEFT_RETURN      0(  0)
State  0( 0), entry   c( 12): OTP_GOTO_NE         2d( 45,`-')
State  0( 0), entry   d( 13):                     13( 19)
State  0( 0), entry   e( 14): OTP_GOTO_NO_ADVANCE 13( 19)
State  0( 0), entry   f( 15): OTP_GOTO_NE         2d( 45,`-')
State  0( 0), entry  10( 16):                     13( 19)
State  0( 0), entry  11( 17): OTP_RIGHT_NUM       2013(8211)
State  0( 0), entry  12( 18): OTP_STOP             0(  0)
State  0( 0), entry  13( 19): OTP_LEFT_RETURN      0(  0)
State  0( 0), entry  14( 20): OTP_GOTO_NE         60( 96,``')
State  0( 0), entry  15( 21):                     34( 52,`4')
State  0( 0), entry  16( 22): OTP_GOTO_NO_ADVANCE 34( 52,`4')
State  0( 0), entry  17( 23): OTP_GOTO_NE         60( 96,``')
State  0( 0), entry  18( 24):                     34( 52,`4')
State  0( 0), entry  19( 25): OTP_RIGHT_NUM       5c( 92,`\')
State  0( 0), entry  1a( 26): OTP_RIGHT_NUM       4c( 76,`L')
State  0( 0), entry  1b( 27): OTP_RIGHT_NUM       65(101,`e')
State  0( 0), entry  1c( 28): OTP_RIGHT_NUM       66(102,`f')
State  0( 0), entry  1d( 29): OTP_RIGHT_NUM       74(116,`t')
State  0( 0), entry  1e( 30): OTP_RIGHT_NUM       44( 68,`D')
State  0( 0), entry  1f( 31): OTP_RIGHT_NUM       6f(111,`o')
State  0( 0), entry  20( 32): OTP_RIGHT_NUM       75(117,`u')
State  0( 0), entry  21( 33): OTP_RIGHT_NUM       62( 98,`b')
State  0( 0), entry  22( 34): OTP_RIGHT_NUM       6c(108,`l')
State  0( 0), entry  23( 35): OTP_RIGHT_NUM       65(101,`e')
State  0( 0), entry  24( 36): OTP_RIGHT_NUM       51( 81,`Q')
State  0( 0), entry  25( 37): OTP_RIGHT_NUM       75(117,`u')
State  0( 0), entry  26( 38): OTP_RIGHT_NUM       6f(111,`o')
State  0( 0), entry  27( 39): OTP_RIGHT_NUM       74(116,`t')
State  0( 0), entry  28( 40): OTP_RIGHT_NUM       61( 97,`a')
State  0( 0), entry  29( 41): OTP_RIGHT_NUM       74(116,`t')
State  0( 0), entry  2a( 42): OTP_RIGHT_NUM       69(105,`i')
State  0( 0), entry  2b( 43): OTP_RIGHT_NUM       6f(111,`o')
State  0( 0), entry  2c( 44): OTP_RIGHT_NUM       6e(110,`n')
State  0( 0), entry  2d( 45): OTP_RIGHT_NUM       4d( 77,`M')
State  0( 0), entry  2e( 46): OTP_RIGHT_NUM       61( 97,`a')
State  0( 0), entry  2f( 47): OTP_RIGHT_NUM       72(114,`r')
State  0( 0), entry  30( 48): OTP_RIGHT_NUM       6b(107,`k')
State  0( 0), entry  31( 49): OTP_RIGHT_NUM       7b(123,`{')
State  0( 0), entry  32( 50): OTP_RIGHT_NUM       7d(125,`}')
State  0( 0), entry  33( 51): OTP_STOP             0(  0)
State  0( 0), entry  34( 52): OTP_LEFT_RETURN      0(  0)
State  0( 0), entry  35( 53): OTP_GOTO_NE         60( 96,``')
State  0( 0), entry  36( 54):                     39( 57,`9')
State  0( 0), entry  37( 55): OTP_RIGHT_NUM       2018(8216)
State  0( 0), entry  38( 56): OTP_STOP             0(  0)
State  0( 0), entry  39( 57): OTP_LEFT_RETURN      0(  0)
State  0( 0), entry  3a( 58): OTP_GOTO_NE         27( 39,`'')
State  0( 0), entry  3b( 59):                     5b( 91,`[')
State  0( 0), entry  3c( 60): OTP_GOTO_NO_ADVANCE 5b( 91,`[')
State  0( 0), entry  3d( 61): OTP_GOTO_NE         27( 39,`'')
State  0( 0), entry  3e( 62):                     5b( 91,`[')
State  0( 0), entry  3f( 63): OTP_RIGHT_NUM       5c( 92,`\')
State  0( 0), entry  40( 64): OTP_RIGHT_NUM       52( 82,`R')
State  0( 0), entry  41( 65): OTP_RIGHT_NUM       69(105,`i')
State  0( 0), entry  42( 66): OTP_RIGHT_NUM       67(103,`g')
State  0( 0), entry  43( 67): OTP_RIGHT_NUM       68(104,`h')
State  0( 0), entry  44( 68): OTP_RIGHT_NUM       74(116,`t')
State  0( 0), entry  45( 69): OTP_RIGHT_NUM       44( 68,`D')
State  0( 0), entry  46( 70): OTP_RIGHT_NUM       6f(111,`o')
State  0( 0), entry  47( 71): OTP_RIGHT_NUM       75(117,`u')
State  0( 0), entry  48( 72): OTP_RIGHT_NUM       62( 98,`b')
State  0( 0), entry  49( 73): OTP_RIGHT_NUM       6c(108,`l')
State  0( 0), entry  4a( 74): OTP_RIGHT_NUM       65(101,`e')
State  0( 0), entry  4b( 75): OTP_RIGHT_NUM       51( 81,`Q')
State  0( 0), entry  4c( 76): OTP_RIGHT_NUM       75(117,`u')
State  0( 0), entry  4d( 77): OTP_RIGHT_NUM       6f(111,`o')
State  0( 0), entry  4e( 78): OTP_RIGHT_NUM       74(116,`t')
State  0( 0), entry  4f( 79): OTP_RIGHT_NUM       61( 97,`a')
State  0( 0), entry  50( 80): OTP_RIGHT_NUM       74(116,`t')
State  0( 0), entry  51( 81): OTP_RIGHT_NUM       69(105,`i')
State  0( 0), entry  52( 82): OTP_RIGHT_NUM       6f(111,`o')
State  0( 0), entry  53( 83): OTP_RIGHT_NUM       6e(110,`n')
State  0( 0), entry  54( 84): OTP_RIGHT_NUM       4d( 77,`M')
State  0( 0), entry  55( 85): OTP_RIGHT_NUM       61( 97,`a')
State  0( 0), entry  56( 86): OTP_RIGHT_NUM       72(114,`r')
State  0( 0), entry  57( 87): OTP_RIGHT_NUM       6b(107,`k')
State  0( 0), entry  58( 88): OTP_RIGHT_NUM       7b(123,`{')
State  0( 0), entry  59( 89): OTP_RIGHT_NUM       7d(125,`}')
State  0( 0), entry  5a( 90): OTP_STOP             0(  0)
State  0( 0), entry  5b( 91): OTP_LEFT_RETURN      0(  0)
State  0( 0), entry  5c( 92): OTP_GOTO_NE         27( 39,`'')
State  0( 0), entry  5d( 93):                     60( 96,``')
State  0( 0), entry  5e( 94): OTP_RIGHT_NUM       2019(8217)
State  0( 0), entry  5f( 95): OTP_STOP             0(  0)
State  0( 0), entry  60( 96): OTP_LEFT_RETURN      0(  0)
State  0( 0), entry  61( 97): OTP_GOTO_NE         2c( 44,`,')
State  0( 0), entry  62( 98):                     68(104,`h')
State  0( 0), entry  63( 99): OTP_GOTO_NO_ADVANCE 68(104,`h')
State  0( 0), entry  64(100): OTP_GOTO_NE         2c( 44,`,')
State  0( 0), entry  65(101):                     68(104,`h')
State  0( 0), entry  66(102): OTP_RIGHT_NUM       201e(8222)
State  0( 0), entry  67(103): OTP_STOP             0(  0)
State  0( 0), entry  68(104): OTP_LEFT_RETURN      0(  0)
State  0( 0), entry  69(105): OTP_GOTO_NE         3b( 59,`;')
State  0( 0), entry  6a(106):                     78(120,`x')
State  0( 0), entry  6b(107): OTP_RIGHT_NUM       5c( 92,`\')
State  0( 0), entry  6c(108): OTP_RIGHT_NUM       53( 83,`S')
State  0( 0), entry  6d(109): OTP_RIGHT_NUM       65(101,`e')
State  0( 0), entry  6e(110): OTP_RIGHT_NUM       6d(109,`m')
State  0( 0), entry  6f(111): OTP_RIGHT_NUM       69(105,`i')
State  0( 0), entry  70(112): OTP_RIGHT_NUM       63( 99,`c')
State  0( 0), entry  71(113): OTP_RIGHT_NUM       6f(111,`o')
State  0( 0), entry  72(114): OTP_RIGHT_NUM       6c(108,`l')
State  0( 0), entry  73(115): OTP_RIGHT_NUM       6f(111,`o')
State  0( 0), entry  74(116): OTP_RIGHT_NUM       6e(110,`n')
State  0( 0), entry  75(117): OTP_RIGHT_NUM       7b(123,`{')
State  0( 0), entry  76(118): OTP_RIGHT_NUM       7d(125,`}')
State  0( 0), entry  77(119): OTP_STOP             0(  0)
State  0( 0), entry  78(120): OTP_LEFT_RETURN      0(  0)
State  0( 0), entry  79(121): OTP_GOTO_NE         3a( 58,`:')
State  0( 0), entry  7a(122):                     84(132)
State  0( 0), entry  7b(123): OTP_RIGHT_NUM       5c( 92,`\')
State  0( 0), entry  7c(124): OTP_RIGHT_NUM       43( 67,`C')
State  0( 0), entry  7d(125): OTP_RIGHT_NUM       6f(111,`o')
State  0( 0), entry  7e(126): OTP_RIGHT_NUM       6c(108,`l')
State  0( 0), entry  7f(127): OTP_RIGHT_NUM       6f(111,`o')
State  0( 0), entry  80(128): OTP_RIGHT_NUM       6e(110,`n')
State  0( 0), entry  81(129): OTP_RIGHT_NUM       7b(123,`{')
State  0( 0), entry  82(130): OTP_RIGHT_NUM       7d(125,`}')
State  0( 0), entry  83(131): OTP_STOP             0(  0)
State  0( 0), entry  84(132): OTP_LEFT_RETURN      0(  0)
State  0( 0), entry  85(133): OTP_GOTO_NE         3f( 63,`?')
State  0( 0), entry  86(134):                     97(151)
State  0( 0), entry  87(135): OTP_RIGHT_NUM       5c( 92,`\')
State  0( 0), entry  88(136): OTP_RIGHT_NUM       51( 81,`Q')
State  0( 0), entry  89(137): OTP_RIGHT_NUM       75(117,`u')
State  0( 0), entry  8a(138): OTP_RIGHT_NUM       65(101,`e')
State  0( 0), entry  8b(139): OTP_RIGHT_NUM       73(115,`s')
State  0( 0), entry  8c(140): OTP_RIGHT_NUM       74(116,`t')
State  0( 0), entry  8d(141): OTP_RIGHT_NUM       69(105,`i')
State  0( 0), entry  8e(142): OTP_RIGHT_NUM       6f(111,`o')
State  0( 0), entry  8f(143): OTP_RIGHT_NUM       6e(110,`n')
State  0( 0), entry  90(144): OTP_RIGHT_NUM       4d( 77,`M')
State  0( 0), entry  91(145): OTP_RIGHT_NUM       61( 97,`a')
State  0( 0), entry  92(146): OTP_RIGHT_NUM       72(114,`r')
State  0( 0), entry  93(147): OTP_RIGHT_NUM       6b(107,`k')
State  0( 0), entry  94(148): OTP_RIGHT_NUM       7b(123,`{')
State  0( 0), entry  95(149): OTP_RIGHT_NUM       7d(125,`}')
State  0( 0), entry  96(150): OTP_STOP             0(  0)
State  0( 0), entry  97(151): OTP_LEFT_RETURN      0(  0)
State  0( 0), entry  98(152): OTP_GOTO_NE         21( 33,`!')
State  0( 0), entry  99(153):                     ad(173)
State  0( 0), entry  9a(154): OTP_RIGHT_NUM       5c( 92,`\')
State  0( 0), entry  9b(155): OTP_RIGHT_NUM       45( 69,`E')
State  0( 0), entry  9c(156): OTP_RIGHT_NUM       78(120,`x')
State  0( 0), entry  9d(157): OTP_RIGHT_NUM       63( 99,`c')
State  0( 0), entry  9e(158): OTP_RIGHT_NUM       6c(108,`l')
State  0( 0), entry  9f(159): OTP_RIGHT_NUM       61( 97,`a')
State  0( 0), entry  a0(160): OTP_RIGHT_NUM       6d(109,`m')
State  0( 0), entry  a1(161): OTP_RIGHT_NUM       61( 97,`a')
State  0( 0), entry  a2(162): OTP_RIGHT_NUM       74(116,`t')
State  0( 0), entry  a3(163): OTP_RIGHT_NUM       69(105,`i')
State  0( 0), entry  a4(164): OTP_RIGHT_NUM       6f(111,`o')
State  0( 0), entry  a5(165): OTP_RIGHT_NUM       6e(110,`n')
State  0( 0), entry  a6(166): OTP_RIGHT_NUM       4d( 77,`M')
State  0( 0), entry  a7(167): OTP_RIGHT_NUM       61( 97,`a')
State  0( 0), entry  a8(168): OTP_RIGHT_NUM       72(114,`r')
State  0( 0), entry  a9(169): OTP_RIGHT_NUM       6b(107,`k')
State  0( 0), entry  aa(170): OTP_RIGHT_NUM       7b(123,`{')
State  0( 0), entry  ab(171): OTP_RIGHT_NUM       7d(125,`}')
State  0( 0), entry  ac(172): OTP_STOP             0(  0)
State  0( 0), entry  ad(173): OTP_LEFT_RETURN      0(  0)
State  0( 0), entry  ae(174): OTP_GOTO_NE         3c( 60,`<')
State  0( 0), entry  af(175):                     de(222)
State  0( 0), entry  b0(176): OTP_GOTO_NO_ADVANCE de(222)
State  0( 0), entry  b1(177): OTP_GOTO_NE         3c( 60,`<')
State  0( 0), entry  b2(178):                     de(222)
State  0( 0), entry  b3(179): OTP_GOTO_NO_ADVANCE de(222)
State  0( 0), entry  b4(180): OTP_GOTO_NE         20( 32,` ')
State  0( 0), entry  b5(181):                     de(222)
State  0( 0), entry  b6(182): OTP_RIGHT_NUM       5c( 92,`\')
State  0( 0), entry  b7(183): OTP_RIGHT_NUM       4c( 76,`L')
State  0( 0), entry  b8(184): OTP_RIGHT_NUM       65(101,`e')
State  0( 0), entry  b9(185): OTP_RIGHT_NUM       66(102,`f')
State  0( 0), entry  ba(186): OTP_RIGHT_NUM       74(116,`t')
State  0( 0), entry  bb(187): OTP_RIGHT_NUM       50( 80,`P')
State  0( 0), entry  bc(188): OTP_RIGHT_NUM       6f(111,`o')
State  0( 0), entry  bd(189): OTP_RIGHT_NUM       69(105,`i')
State  0( 0), entry  be(190): OTP_RIGHT_NUM       6e(110,`n')
State  0( 0), entry  bf(191): OTP_RIGHT_NUM       74(116,`t')
State  0( 0), entry  c0(192): OTP_RIGHT_NUM       69(105,`i')
State  0( 0), entry  c1(193): OTP_RIGHT_NUM       6e(110,`n')
State  0( 0), entry  c2(194): OTP_RIGHT_NUM       67(103,`g')
State  0( 0), entry  c3(195): OTP_RIGHT_NUM       44( 68,`D')
State  0( 0), entry  c4(196): OTP_RIGHT_NUM       6f(111,`o')
State  0( 0), entry  c5(197): OTP_RIGHT_NUM       75(117,`u')
State  0( 0), entry  c6(198): OTP_RIGHT_NUM       62( 98,`b')
State  0( 0), entry  c7(199): OTP_RIGHT_NUM       6c(108,`l')
State  0( 0), entry  c8(200): OTP_RIGHT_NUM       65(101,`e')
State  0( 0), entry  c9(201): OTP_RIGHT_NUM       41( 65,`A')
State  0( 0), entry  ca(202): OTP_RIGHT_NUM       6e(110,`n')
State  0( 0), entry  cb(203): OTP_RIGHT_NUM       67(103,`g')
State  0( 0), entry  cc(204): OTP_RIGHT_NUM       6c(108,`l')
State  0( 0), entry  cd(205): OTP_RIGHT_NUM       65(101,`e')
State  0( 0), entry  ce(206): OTP_RIGHT_NUM       51( 81,`Q')
State  0( 0), entry  cf(207): OTP_RIGHT_NUM       75(117,`u')
State  0( 0), entry  d0(208): OTP_RIGHT_NUM       6f(111,`o')
State  0( 0), entry  d1(209): OTP_RIGHT_NUM       74(116,`t')
State  0( 0), entry  d2(210): OTP_RIGHT_NUM       61( 97,`a')
State  0( 0), entry  d3(211): OTP_RIGHT_NUM       74(116,`t')
State  0( 0), entry  d4(212): OTP_RIGHT_NUM       69(105,`i')
State  0( 0), entry  d5(213): OTP_RIGHT_NUM       6f(111,`o')
State  0( 0), entry  d6(214): OTP_RIGHT_NUM       6e(110,`n')
State  0( 0), entry  d7(215): OTP_RIGHT_NUM       4d( 77,`M')
State  0( 0), entry  d8(216): OTP_RIGHT_NUM       61( 97,`a')
State  0( 0), entry  d9(217): OTP_RIGHT_NUM       72(114,`r')
State  0( 0), entry  da(218): OTP_RIGHT_NUM       6b(107,`k')
State  0( 0), entry  db(219): OTP_RIGHT_NUM       7b(123,`{')
State  0( 0), entry  dc(220): OTP_RIGHT_NUM       7d(125,`}')
State  0( 0), entry  dd(221): OTP_STOP             0(  0)
State  0( 0), entry  de(222): OTP_LEFT_RETURN      0(  0)
State  0( 0), entry  df(223): OTP_GOTO_NE         ab(171)
State  0( 0), entry  e0(224):                     10c(268)
State  0( 0), entry  e1(225): OTP_GOTO_NO_ADVANCE 10c(268)
State  0( 0), entry  e2(226): OTP_GOTO_NE         20( 32,` ')
State  0( 0), entry  e3(227):                     10c(268)
State  0( 0), entry  e4(228): OTP_RIGHT_NUM       5c( 92,`\')
State  0( 0), entry  e5(229): OTP_RIGHT_NUM       4c( 76,`L')
State  0( 0), entry  e6(230): OTP_RIGHT_NUM       65(101,`e')
State  0( 0), entry  e7(231): OTP_RIGHT_NUM       66(102,`f')
State  0( 0), entry  e8(232): OTP_RIGHT_NUM       74(116,`t')
State  0( 0), entry  e9(233): OTP_RIGHT_NUM       50( 80,`P')
State  0( 0), entry  ea(234): OTP_RIGHT_NUM       6f(111,`o')
State  0( 0), entry  eb(235): OTP_RIGHT_NUM       69(105,`i')
State  0( 0), entry  ec(236): OTP_RIGHT_NUM       6e(110,`n')
State  0( 0), entry  ed(237): OTP_RIGHT_NUM       74(116,`t')
State  0( 0), entry  ee(238): OTP_RIGHT_NUM       69(105,`i')
State  0( 0), entry  ef(239): OTP_RIGHT_NUM       6e(110,`n')
State  0( 0), entry  f0(240): OTP_RIGHT_NUM       67(103,`g')
State  0( 0), entry  f1(241): OTP_RIGHT_NUM       44( 68,`D')
State  0( 0), entry  f2(242): OTP_RIGHT_NUM       6f(111,`o')
State  0( 0), entry  f3(243): OTP_RIGHT_NUM       75(117,`u')
State  0( 0), entry  f4(244): OTP_RIGHT_NUM       62( 98,`b')
State  0( 0), entry  f5(245): OTP_RIGHT_NUM       6c(108,`l')
State  0( 0), entry  f6(246): OTP_RIGHT_NUM       65(101,`e')
State  0( 0), entry  f7(247): OTP_RIGHT_NUM       41( 65,`A')
State  0( 0), entry  f8(248): OTP_RIGHT_NUM       6e(110,`n')
State  0( 0), entry  f9(249): OTP_RIGHT_NUM       67(103,`g')
State  0( 0), entry  fa(250): OTP_RIGHT_NUM       6c(108,`l')
State  0( 0), entry  fb(251): OTP_RIGHT_NUM       65(101,`e')
State  0( 0), entry  fc(252): OTP_RIGHT_NUM       51( 81,`Q')
State  0( 0), entry  fd(253): OTP_RIGHT_NUM       75(117,`u')
State  0( 0), entry  fe(254): OTP_RIGHT_NUM       6f(111,`o')
State  0( 0), entry  ff(255): OTP_RIGHT_NUM       74(116,`t')
State  0( 0), entry 100(256): OTP_RIGHT_NUM       61( 97,`a')
State  0( 0), entry 101(257): OTP_RIGHT_NUM       74(116,`t')
State  0( 0), entry 102(258): OTP_RIGHT_NUM       69(105,`i')
State  0( 0), entry 103(259): OTP_RIGHT_NUM       6f(111,`o')
State  0( 0), entry 104(260): OTP_RIGHT_NUM       6e(110,`n')
State  0( 0), entry 105(261): OTP_RIGHT_NUM       4d( 77,`M')
State  0( 0), entry 106(262): OTP_RIGHT_NUM       61( 97,`a')
State  0( 0), entry 107(263): OTP_RIGHT_NUM       72(114,`r')
State  0( 0), entry 108(264): OTP_RIGHT_NUM       6b(107,`k')
State  0( 0), entry 109(265): OTP_RIGHT_NUM       7b(123,`{')
State  0( 0), entry 10a(266): OTP_RIGHT_NUM       7d(125,`}')
State  0( 0), entry 10b(267): OTP_STOP             0(  0)
State  0( 0), entry 10c(268): OTP_LEFT_RETURN      0(  0)
State  0( 0), entry 10d(269): OTP_GOTO_NE         3c( 60,`<')
State  0( 0), entry 10e(270):                     13a(314)
State  0( 0), entry 10f(271): OTP_GOTO_NO_ADVANCE 13a(314)
State  0( 0), entry 110(272): OTP_GOTO_NE         3c( 60,`<')
State  0( 0), entry 111(273):                     13a(314)
State  0( 0), entry 112(274): OTP_RIGHT_NUM       5c( 92,`\')
State  0( 0), entry 113(275): OTP_RIGHT_NUM       4c( 76,`L')
State  0( 0), entry 114(276): OTP_RIGHT_NUM       65(101,`e')
State  0( 0), entry 115(277): OTP_RIGHT_NUM       66(102,`f')
State  0( 0), entry 116(278): OTP_RIGHT_NUM       74(116,`t')
State  0( 0), entry 117(279): OTP_RIGHT_NUM       50( 80,`P')
State  0( 0), entry 118(280): OTP_RIGHT_NUM       6f(111,`o')
State  0( 0), entry 119(281): OTP_RIGHT_NUM       69(105,`i')
State  0( 0), entry 11a(282): OTP_RIGHT_NUM       6e(110,`n')
State  0( 0), entry 11b(283): OTP_RIGHT_NUM       74(116,`t')
State  0( 0), entry 11c(284): OTP_RIGHT_NUM       69(105,`i')
State  0( 0), entry 11d(285): OTP_RIGHT_NUM       6e(110,`n')
State  0( 0), entry 11e(286): OTP_RIGHT_NUM       67(103,`g')
State  0( 0), entry 11f(287): OTP_RIGHT_NUM       44( 68,`D')
State  0( 0), entry 120(288): OTP_RIGHT_NUM       6f(111,`o')
State  0( 0), entry 121(289): OTP_RIGHT_NUM       75(117,`u')
State  0( 0), entry 122(290): OTP_RIGHT_NUM       62( 98,`b')
State  0( 0), entry 123(291): OTP_RIGHT_NUM       6c(108,`l')
State  0( 0), entry 124(292): OTP_RIGHT_NUM       65(101,`e')
State  0( 0), entry 125(293): OTP_RIGHT_NUM       41( 65,`A')
State  0( 0), entry 126(294): OTP_RIGHT_NUM       6e(110,`n')
State  0( 0), entry 127(295): OTP_RIGHT_NUM       67(103,`g')
State  0( 0), entry 128(296): OTP_RIGHT_NUM       6c(108,`l')
State  0( 0), entry 129(297): OTP_RIGHT_NUM       65(101,`e')
State  0( 0), entry 12a(298): OTP_RIGHT_NUM       51( 81,`Q')
State  0( 0), entry 12b(299): OTP_RIGHT_NUM       75(117,`u')
State  0( 0), entry 12c(300): OTP_RIGHT_NUM       6f(111,`o')
State  0( 0), entry 12d(301): OTP_RIGHT_NUM       74(116,`t')
State  0( 0), entry 12e(302): OTP_RIGHT_NUM       61( 97,`a')
State  0( 0), entry 12f(303): OTP_RIGHT_NUM       74(116,`t')
State  0( 0), entry 130(304): OTP_RIGHT_NUM       69(105,`i')
State  0( 0), entry 131(305): OTP_RIGHT_NUM       6f(111,`o')
State  0( 0), entry 132(306): OTP_RIGHT_NUM       6e(110,`n')
State  0( 0), entry 133(307): OTP_RIGHT_NUM       4d( 77,`M')
State  0( 0), entry 134(308): OTP_RIGHT_NUM       61( 97,`a')
State  0( 0), entry 135(309): OTP_RIGHT_NUM       72(114,`r')
State  0( 0), entry 136(310): OTP_RIGHT_NUM       6b(107,`k')
State  0( 0), entry 137(311): OTP_RIGHT_NUM       7b(123,`{')
State  0( 0), entry 138(312): OTP_RIGHT_NUM       7d(125,`}')
State  0( 0), entry 139(313): OTP_STOP             0(  0)
State  0( 0), entry 13a(314): OTP_LEFT_RETURN      0(  0)
State  0( 0), entry 13b(315): OTP_GOTO_NE         3e( 62,`>')
State  0( 0), entry 13c(316):                     169(361)
State  0( 0), entry 13d(317): OTP_GOTO_NO_ADVANCE 169(361)
State  0( 0), entry 13e(318): OTP_GOTO_NE         3e( 62,`>')
State  0( 0), entry 13f(319):                     169(361)
State  0( 0), entry 140(320): OTP_RIGHT_NUM       5c( 92,`\')
State  0( 0), entry 141(321): OTP_RIGHT_NUM       52( 82,`R')
State  0( 0), entry 142(322): OTP_RIGHT_NUM       69(105,`i')
State  0( 0), entry 143(323): OTP_RIGHT_NUM       67(103,`g')
State  0( 0), entry 144(324): OTP_RIGHT_NUM       68(104,`h')
State  0( 0), entry 145(325): OTP_RIGHT_NUM       74(116,`t')
State  0( 0), entry 146(326): OTP_RIGHT_NUM       50( 80,`P')
State  0( 0), entry 147(327): OTP_RIGHT_NUM       6f(111,`o')
State  0( 0), entry 148(328): OTP_RIGHT_NUM       69(105,`i')
State  0( 0), entry 149(329): OTP_RIGHT_NUM       6e(110,`n')
State  0( 0), entry 14a(330): OTP_RIGHT_NUM       74(116,`t')
State  0( 0), entry 14b(331): OTP_RIGHT_NUM       69(105,`i')
State  0( 0), entry 14c(332): OTP_RIGHT_NUM       6e(110,`n')
State  0( 0), entry 14d(333): OTP_RIGHT_NUM       67(103,`g')
State  0( 0), entry 14e(334): OTP_RIGHT_NUM       44( 68,`D')
State  0( 0), entry 14f(335): OTP_RIGHT_NUM       6f(111,`o')
State  0( 0), entry 150(336): OTP_RIGHT_NUM       75(117,`u')
State  0( 0), entry 151(337): OTP_RIGHT_NUM       62( 98,`b')
State  0( 0), entry 152(338): OTP_RIGHT_NUM       6c(108,`l')
State  0( 0), entry 153(339): OTP_RIGHT_NUM       65(101,`e')
State  0( 0), entry 154(340): OTP_RIGHT_NUM       41( 65,`A')
State  0( 0), entry 155(341): OTP_RIGHT_NUM       6e(110,`n')
State  0( 0), entry 156(342): OTP_RIGHT_NUM       67(103,`g')
State  0( 0), entry 157(343): OTP_RIGHT_NUM       6c(108,`l')
State  0( 0), entry 158(344): OTP_RIGHT_NUM       65(101,`e')
State  0( 0), entry 159(345): OTP_RIGHT_NUM       51( 81,`Q')
State  0( 0), entry 15a(346): OTP_RIGHT_NUM       75(117,`u')
State  0( 0), entry 15b(347): OTP_RIGHT_NUM       6f(111,`o')
State  0( 0), entry 15c(348): OTP_RIGHT_NUM       74(116,`t')
State  0( 0), entry 15d(349): OTP_RIGHT_NUM       61( 97,`a')
State  0( 0), entry 15e(350): OTP_RIGHT_NUM       74(116,`t')
State  0( 0), entry 15f(351): OTP_RIGHT_NUM       69(105,`i')
State  0( 0), entry 160(352): OTP_RIGHT_NUM       6f(111,`o')
State  0( 0), entry 161(353): OTP_RIGHT_NUM       6e(110,`n')
State  0( 0), entry 162(354): OTP_RIGHT_NUM       4d( 77,`M')
State  0( 0), entry 163(355): OTP_RIGHT_NUM       61( 97,`a')
State  0( 0), entry 164(356): OTP_RIGHT_NUM       72(114,`r')
State  0( 0), entry 165(357): OTP_RIGHT_NUM       6b(107,`k')
State  0( 0), entry 166(358): OTP_RIGHT_NUM       7b(123,`{')
State  0( 0), entry 167(359): OTP_RIGHT_NUM       7d(125,`}')
State  0( 0), entry 168(360): OTP_STOP             0(  0)
State  0( 0), entry 169(361): OTP_LEFT_RETURN      0(  0)
State  0( 0), entry 16a(362): OTP_GOTO_NE         ab(171)
State  0( 0), entry 16b(363):                     194(404)
State  0( 0), entry 16c(364): OTP_RIGHT_NUM       5c( 92,`\')
State  0( 0), entry 16d(365): OTP_RIGHT_NUM       4c( 76,`L')
State  0( 0), entry 16e(366): OTP_RIGHT_NUM       65(101,`e')
State  0( 0), entry 16f(367): OTP_RIGHT_NUM       66(102,`f')
State  0( 0), entry 170(368): OTP_RIGHT_NUM       74(116,`t')
State  0( 0), entry 171(369): OTP_RIGHT_NUM       50( 80,`P')
State  0( 0), entry 172(370): OTP_RIGHT_NUM       6f(111,`o')
State  0( 0), entry 173(371): OTP_RIGHT_NUM       69(105,`i')
State  0( 0), entry 174(372): OTP_RIGHT_NUM       6e(110,`n')
State  0( 0), entry 175(373): OTP_RIGHT_NUM       74(116,`t')
State  0( 0), entry 176(374): OTP_RIGHT_NUM       69(105,`i')
State  0( 0), entry 177(375): OTP_RIGHT_NUM       6e(110,`n')
State  0( 0), entry 178(376): OTP_RIGHT_NUM       67(103,`g')
State  0( 0), entry 179(377): OTP_RIGHT_NUM       44( 68,`D')
State  0( 0), entry 17a(378): OTP_RIGHT_NUM       6f(111,`o')
State  0( 0), entry 17b(379): OTP_RIGHT_NUM       75(117,`u')
State  0( 0), entry 17c(380): OTP_RIGHT_NUM       62( 98,`b')
State  0( 0), entry 17d(381): OTP_RIGHT_NUM       6c(108,`l')
State  0( 0), entry 17e(382): OTP_RIGHT_NUM       65(101,`e')
State  0( 0), entry 17f(383): OTP_RIGHT_NUM       41( 65,`A')
State  0( 0), entry 180(384): OTP_RIGHT_NUM       6e(110,`n')
State  0( 0), entry 181(385): OTP_RIGHT_NUM       67(103,`g')
State  0( 0), entry 182(386): OTP_RIGHT_NUM       6c(108,`l')
State  0( 0), entry 183(387): OTP_RIGHT_NUM       65(101,`e')
State  0( 0), entry 184(388): OTP_RIGHT_NUM       51( 81,`Q')
State  0( 0), entry 185(389): OTP_RIGHT_NUM       75(117,`u')
State  0( 0), entry 186(390): OTP_RIGHT_NUM       6f(111,`o')
State  0( 0), entry 187(391): OTP_RIGHT_NUM       74(116,`t')
State  0( 0), entry 188(392): OTP_RIGHT_NUM       61( 97,`a')
State  0( 0), entry 189(393): OTP_RIGHT_NUM       74(116,`t')
State  0( 0), entry 18a(394): OTP_RIGHT_NUM       69(105,`i')
State  0( 0), entry 18b(395): OTP_RIGHT_NUM       6f(111,`o')
State  0( 0), entry 18c(396): OTP_RIGHT_NUM       6e(110,`n')
State  0( 0), entry 18d(397): OTP_RIGHT_NUM       4d( 77,`M')
State  0( 0), entry 18e(398): OTP_RIGHT_NUM       61( 97,`a')
State  0( 0), entry 18f(399): OTP_RIGHT_NUM       72(114,`r')
State  0( 0), entry 190(400): OTP_RIGHT_NUM       6b(107,`k')
State  0( 0), entry 191(401): OTP_RIGHT_NUM       7b(123,`{')
State  0( 0), entry 192(402): OTP_RIGHT_NUM       7d(125,`}')
State  0( 0), entry 193(403): OTP_STOP             0(  0)
State  0( 0), entry 194(404): OTP_LEFT_RETURN      0(  0)
State  0( 0), entry 195(405): OTP_GOTO_NE         bb(187)
State  0( 0), entry 196(406):                     1c0(448)
State  0( 0), entry 197(407): OTP_RIGHT_NUM       5c( 92,`\')
State  0( 0), entry 198(408): OTP_RIGHT_NUM       52( 82,`R')
State  0( 0), entry 199(409): OTP_RIGHT_NUM       69(105,`i')
State  0( 0), entry 19a(410): OTP_RIGHT_NUM       67(103,`g')
State  0( 0), entry 19b(411): OTP_RIGHT_NUM       68(104,`h')
State  0( 0), entry 19c(412): OTP_RIGHT_NUM       74(116,`t')
State  0( 0), entry 19d(413): OTP_RIGHT_NUM       50( 80,`P')
State  0( 0), entry 19e(414): OTP_RIGHT_NUM       6f(111,`o')
State  0( 0), entry 19f(415): OTP_RIGHT_NUM       69(105,`i')
State  0( 0), entry 1a0(416): OTP_RIGHT_NUM       6e(110,`n')
State  0( 0), entry 1a1(417): OTP_RIGHT_NUM       74(116,`t')
State  0( 0), entry 1a2(418): OTP_RIGHT_NUM       69(105,`i')
State  0( 0), entry 1a3(419): OTP_RIGHT_NUM       6e(110,`n')
State  0( 0), entry 1a4(420): OTP_RIGHT_NUM       67(103,`g')
State  0( 0), entry 1a5(421): OTP_RIGHT_NUM       44( 68,`D')
State  0( 0), entry 1a6(422): OTP_RIGHT_NUM       6f(111,`o')
State  0( 0), entry 1a7(423): OTP_RIGHT_NUM       75(117,`u')
State  0( 0), entry 1a8(424): OTP_RIGHT_NUM       62( 98,`b')
State  0( 0), entry 1a9(425): OTP_RIGHT_NUM       6c(108,`l')
State  0( 0), entry 1aa(426): OTP_RIGHT_NUM       65(101,`e')
State  0( 0), entry 1ab(427): OTP_RIGHT_NUM       41( 65,`A')
State  0( 0), entry 1ac(428): OTP_RIGHT_NUM       6e(110,`n')
State  0( 0), entry 1ad(429): OTP_RIGHT_NUM       67(103,`g')
State  0( 0), entry 1ae(430): OTP_RIGHT_NUM       6c(108,`l')
State  0( 0), entry 1af(431): OTP_RIGHT_NUM       65(101,`e')
State  0( 0), entry 1b0(432): OTP_RIGHT_NUM       51( 81,`Q')
State  0( 0), entry 1b1(433): OTP_RIGHT_NUM       75(117,`u')
State  0( 0), entry 1b2(434): OTP_RIGHT_NUM       6f(111,`o')
State  0( 0), entry 1b3(435): OTP_RIGHT_NUM       74(116,`t')
State  0( 0), entry 1b4(436): OTP_RIGHT_NUM       61( 97,`a')
State  0( 0), entry 1b5(437): OTP_RIGHT_NUM       74(116,`t')
State  0( 0), entry 1b6(438): OTP_RIGHT_NUM       69(105,`i')
State  0( 0), entry 1b7(439): OTP_RIGHT_NUM       6f(111,`o')
State  0( 0), entry 1b8(440): OTP_RIGHT_NUM       6e(110,`n')
State  0( 0), entry 1b9(441): OTP_RIGHT_NUM       4d( 77,`M')
State  0( 0), entry 1ba(442): OTP_RIGHT_NUM       61( 97,`a')
State  0( 0), entry 1bb(443): OTP_RIGHT_NUM       72(114,`r')
State  0( 0), entry 1bc(444): OTP_RIGHT_NUM       6b(107,`k')
State  0( 0), entry 1bd(445): OTP_RIGHT_NUM       7b(123,`{')
State  0( 0), entry 1be(446): OTP_RIGHT_NUM       7d(125,`}')
State  0( 0), entry 1bf(447): OTP_STOP             0(  0)
State  0( 0), entry 1c0(448): OTP_LEFT_RETURN      0(  0)
State  0( 0), entry 1c1(449): OTP_RIGHT_CHAR       1(  1)
State  0( 0), entry 1c2(450): OTP_STOP             0(  0)
State  0( 0), entry 1c3(451): OTP_LEFT_RETURN      0(  0)
State  0( 0), entry 1c4(452): OTP_RIGHT_CHAR       1(  1)
State  0( 0), entry 1c5(453): OTP_STOP             0(  0)
