ctp_length     :  6b(107)
ctp_input      :   1(  1)
ctp_output     :   2(  2)
ctp_no_tables  :   0(  0)
ctp_room_tables:   0(  0)
ctp_no_states  :   2(  2)
ctp_room_states:  62( 98)

State  0( 0):  50( 80) entries
State  1( 1):  12( 18) entries

State  0( 0), entry   0(  0): OTP_LEFT_START       0(  0)
State  0( 0), entry   1(  1): OTP_GOTO_NE         2d( 45,`-')
State  0( 0), entry   2(  2):                      b( 11)
State  0( 0), entry   3(  3): OTP_GOTO_NO_ADVANCE  b( 11)
State  0( 0), entry   4(  4): OTP_GOTO_NE         2d( 45,`-')
State  0( 0), entry   5(  5):                      b( 11)
State  0( 0), entry   6(  6): OTP_GOTO_NO_ADVANCE  b( 11)
State  0( 0), entry   7(  7): OTP_GOTO_NE         2d( 45,`-')
State  0( 0), entry   8(  8):                      b( 11)
State  0( 0), entry   9(  9): OTP_RIGHT_NUM       2014(8212)
State  0( 0), entry   a( 10): OTP_STOP             0(  0)
State  0( 0), entry   b( 11): OTP_LEFT_RETURN      0(  0)
State  0( 0), entry   c( 12): OTP_GOTO_NE         2d( 45,`-')
State  0( 0), entry   d( 13):                     13( 19)
State  0( 0), entry   e( 14): OTP_GOTO_NO_ADVANCE 13( 19)
State  0( 0), entry   f( 15): OTP_GOTO_NE         2d( 45,`-')
State  0( 0), entry  10( 16):                     13( 19)
State  0( 0), entry  11( 17): OTP_RIGHT_NUM       2013(8211)
State  0( 0), entry  12( 18): OTP_STOP             0(  0)
State  0( 0), entry  13( 19): OTP_LEFT_RETURN      0(  0)
State  0( 0), entry  14( 20): OTP_GOTO_NE         60( 96,``')
State  0( 0), entry  15( 21):                     1b( 27)
State  0( 0), entry  16( 22): OTP_GOTO_NO_ADVANCE 1b( 27)
State  0( 0), entry  17( 23): OTP_GOTO_NE         60( 96,``')
State  0( 0), entry  18( 24):                     1b( 27)
State  0( 0), entry  19( 25): OTP_RIGHT_NUM       201c(8220)
State  0( 0), entry  1a( 26): OTP_STOP             0(  0)
State  0( 0), entry  1b( 27): OTP_LEFT_RETURN      0(  0)
State  0( 0), entry  1c( 28): OTP_GOTO_NE         60( 96,``')
State  0( 0), entry  1d( 29):                     20( 32,` ')
State  0( 0), entry  1e( 30): OTP_RIGHT_NUM       2018(8216)
State  0( 0), entry  1f( 31): OTP_STOP             0(  0)
State  0( 0), entry  20( 32): OTP_LEFT_RETURN      0(  0)
State  0( 0), entry  21( 33): OTP_GOTO_NE         27( 39,`'')
State  0( 0), entry  22( 34):                     28( 40,`(')
State  0( 0), entry  23( 35): OTP_GOTO_NO_ADVANCE 28( 40,`(')
State  0( 0), entry  24( 36): OTP_GOTO_NE         27( 39,`'')
State  0( 0), entry  25( 37):                     28( 40,`(')
State  0( 0), entry  26( 38): OTP_RIGHT_NUM       201d(8221)
State  0( 0), entry  27( 39): OTP_STOP             0(  0)
State  0( 0), entry  28( 40): OTP_LEFT_RETURN      0(  0)
State  0( 0), entry  29( 41): OTP_GOTO_NE         27( 39,`'')
State  0( 0), entry  2a( 42):                     2d( 45,`-')
State  0( 0), entry  2b( 43): OTP_RIGHT_NUM       2019(8217)
State  0( 0), entry  2c( 44): OTP_STOP             0(  0)
State  0( 0), entry  2d( 45): OTP_LEFT_RETURN      0(  0)
State  0( 0), entry  2e( 46): OTP_GOTO_NE         2c( 44,`,')
State  0( 0), entry  2f( 47):                     35( 53,`5')
State  0( 0), entry  30( 48): OTP_GOTO_NO_ADVANCE 35( 53,`5')
State  0( 0), entry  31( 49): OTP_GOTO_NE         2c( 44,`,')
State  0( 0), entry  32( 50):                     35( 53,`5')
State  0( 0), entry  33( 51): OTP_RIGHT_NUM       201e(8222)
State  0( 0), entry  34( 52): OTP_STOP             0(  0)
State  0( 0), entry  35( 53): OTP_LEFT_RETURN      0(  0)
State  0( 0), entry  36( 54): OTP_GOTO_NE         3c( 60,`<')
State  0( 0), entry  37( 55):                     3d( 61,`=')
State  0( 0), entry  38( 56): OTP_GOTO_NO_ADVANCE 3d( 61,`=')
State  0( 0), entry  39( 57): OTP_GOTO_NE         3c( 60,`<')
State  0( 0), entry  3a( 58):                     3d( 61,`=')
State  0( 0), entry  3b( 59): OTP_RIGHT_NUM       ab(171)
State  0( 0), entry  3c( 60): OTP_STOP             0(  0)
State  0( 0), entry  3d( 61): OTP_LEFT_RETURN      0(  0)
State  0( 0), entry  3e( 62): OTP_GOTO_NE         3e( 62,`>')
State  0( 0), entry  3f( 63):                     45( 69,`E')
State  0( 0), entry  40( 64): OTP_GOTO_NO_ADVANCE 45( 69,`E')
State  0( 0), entry  41( 65): OTP_GOTO_NE         3e( 62,`>')
State  0( 0), entry  42( 66):                     45( 69,`E')
State  0( 0), entry  43( 67): OTP_RIGHT_NUM       bb(187)
State  0( 0), entry  44( 68): OTP_STOP             0(  0)
State  0( 0), entry  45( 69): OTP_LEFT_RETURN      0(  0)
State  0( 0), entry  46( 70): OTP_GOTO_NE         f000(61440)
State  0( 0), entry  47( 71):                     4a( 74,`J')
State  0( 0), entry  48( 72): OTP_STATE_PUSH       1(  1)
State  0( 0), entry  49( 73): OTP_STOP             0(  0)
State  0( 0), entry  4a( 74): OTP_LEFT_RETURN      0(  0)
State  0( 0), entry  4b( 75): OTP_RIGHT_CHAR       1(  1)
State  0( 0), entry  4c( 76): OTP_STOP             0(  0)
State  0( 0), entry  4d( 77): OTP_LEFT_RETURN      0(  0)
State  0( 0), entry  4e( 78): OTP_RIGHT_CHAR       1(  1)
State  0( 0), entry  4f( 79): OTP_STOP             0(  0)
State  1( 1), entry   0(  0): OTP_LEFT_START       0(  0)
State  1( 1), entry   1(  1): OTP_GOTO_LT         21( 33,`!')
State  1( 1), entry   2(  2):                      a( 10)
State  1( 1), entry   3(  3): OTP_GOTO_GT         7f(127)
State  1( 1), entry   4(  4):                      a( 10)
State  1( 1), entry   5(  5): OTP_PUSH_CHAR        1(  1)
State  1( 1), entry   6(  6): OTP_PUSH_NUM        f000(61440)
State  1( 1), entry   7(  7): OTP_ADD              0(  0)
State  1( 1), entry   8(  8): OTP_RIGHT_OUTPUT     0(  0)
State  1( 1), entry   9(  9): OTP_STOP             0(  0)
State  1( 1), entry   a( 10): OTP_LEFT_RETURN      0(  0)
State  1( 1), entry   b( 11): OTP_GOTO_NE         f001(61441)
State  1( 1), entry   c( 12):                      f( 15)
State  1( 1), entry   d( 13): OTP_STATE_POP        0(  0)
State  1( 1), entry   e( 14): OTP_STOP             0(  0)
State  1( 1), entry   f( 15): OTP_LEFT_RETURN      0(  0)
State  1( 1), entry  10( 16): OTP_RIGHT_CHAR       1(  1)
State  1( 1), entry  11( 17): OTP_STOP             0(  0)
