ctp_length     :  1d( 29)
ctp_input      :   2(  2)
ctp_output     :   2(  2)
ctp_no_tables  :   0(  0)
ctp_room_tables:   0(  0)
ctp_no_states  :   1(  1)
ctp_room_states:  15( 21)

State  0( 0):  15( 21) entries

State  0( 0), entry   0(  0): OTP_LEFT_START       0(  0)
State  0( 0), entry   1(  1): OTP_GOTO_NE         3a3(931)
State  0( 0), entry   2(  2):                      5(  5)
State  0( 0), entry   3(  3): OTP_RIGHT_NUM       3fe(1022)
State  0( 0), entry   4(  4): OTP_STOP             0(  0)
State  0( 0), entry   5(  5): OTP_LEFT_RETURN      0(  0)
State  0( 0), entry   6(  6): OTP_GOTO_NE         3c2(962)
State  0( 0), entry   7(  7):                      a( 10)
State  0( 0), entry   8(  8): OTP_RIGHT_NUM       3f2(1010)
State  0( 0), entry   9(  9): OTP_STOP             0(  0)
State  0( 0), entry   a( 10): OTP_LEFT_RETURN      0(  0)
State  0( 0), entry   b( 11): OTP_GOTO_NE         3c3(963)
State  0( 0), entry   c( 12):                      f( 15)
State  0( 0), entry   d( 13): OTP_RIGHT_NUM       3f2(1010)
State  0( 0), entry   e( 14): OTP_STOP             0(  0)
State  0( 0), entry   f( 15): OTP_LEFT_RETURN      0(  0)
State  0( 0), entry  10( 16): OTP_RIGHT_CHAR       1(  1)
State  0( 0), entry  11( 17): OTP_STOP             0(  0)
State  0( 0), entry  12( 18): OTP_LEFT_RETURN      0(  0)
State  0( 0), entry  13( 19): OTP_RIGHT_CHAR       1(  1)
State  0( 0), entry  14( 20): OTP_STOP             0(  0)
