input:  1;
output: 2;
expressions:
  `L'`L'`a'`h' => @"fdf2;
  `S'`L'`h' => @"fdfa;
  `|'`|'`|'`|' => @"621@"651;
  `|'`|' => @"621;
  `z'`h'`z'`h' => @"698@"651;
  `z'`h' => @"698;
  `z'`z' => @"632@"651;
  `z' => @"632;
  `y'`y' => @"64a@"651;
  `y' => @"64a;
  `v'`v' => @"6a4@"651;
  `v' => @"6a4;
  `u'`N' => @"64c;
  `u' => @"64f;
  `t'`h'`t'`h' => @"62b@"651;
  `t'`h' => @"62b;
  `t'`t' => @"62a@"651;
  `t' => @"62a;
  `s'`h'`s'`h' => @"634@"651;
  `s'`h' => @"634;
  `s'`s' => @"633@"651;
  `s' => @"633;
  `r'`r' => @"631@"651;
  `r' => @"631;
  `q'`q' => @"642@"651;
  `q' => @"642;
  `p'`p' => @"67e@"651;
  `p' => @"67e;
  `n'`n' => @"646@"651;
  `n' => @"646;
  `m'`m' => @"645@"651;
  `m' => @"645;
  `l'`l' => @"644@"651;
  `l' => @"644;
  `k'`h'`k'`h' => @"62e@"651;
  `k'`h' => @"62e;
  `k'`k' => @"643@"651;
  `k' => @"643;
  `j'`j' => @"62c@"651;
  `j' => @"62c;
  `i'`N' => @"64d;
  `i' => @"650;
  `g'`h'`g'`h' => @"63a@"651;
  `g'`h' => @"63a;
  `g'`g' => @"6af@"651;
  `g' => @"6af;
  `f'`f' => @"641@"651;
  `f' => @"641;
  `e'`e' => @"6c0@"651;
  `e' => @"6c0;
  `d'`h'`d'`h' => @"630@"651;
  `d'`h' => @"630;
  `d'`d' => @"62f@"651;
  `d' => @"62f;
  `c'`h'`c'`h' => @"686@"651;
  `c'`h' => @"686;
  `b'`b' => @"628@"651;
  `b' => @"628;
  `a'`N' => @"64b;
  `a'`|' => @"670;
  `a' => @"64e;
  ``'``' => @"639@"651;
  ``' => @"639;
  `Z'`Z' => @"638@"651;
  `Z' => @"638;
  `U' | `w'`U' | `w' => @"648@"651;
  `U' | `w' => @"648;
  `T'`T' => @"637@"651;
  `T' => @"637;
  `S'`S' => @"635@"651;
  `S' => @"635;
  `I' => @"649;
  `H'`H' => @"62d@"651;
  `H' => @"62d;
  `E'`E' => @"6d2@"651;
  `E' => @"6d2;
  `D'`D' => @"636@"651;
  `D' => @"636;
  `A' => @"627;
  `<'`>' => @"652;
  `''`y'`''`y' => @"626@"651;
  `''`y' => @"626;
  `''`u' => @"624;
  `''`t'`''`t' => @"679@"651;
  `''`t' => @"679;
  `''`r'`''`r' => @"691@"651;
  `''`r' => @"691;
  `''`n'`''`n' => @"6ba@"651;
  `''`n' => @"6ba;
  `''`i' => @"625;
  `''`d'`''`d' => @"688@"651;
  `''`d' => @"688;
  `''`a' => @"623;
  `''`A' => @"622;
  `"'`h'`"'`h' => @"629@"651;
  `"'`h' => @"629;
  `"'`t'`"'`t' => @"629@"651;
  `"'`t' => @"629;
  `"'`A' => @"671;
  `h'`h' => @"647@"651;
  `h' => @"647;
  `-'`-'`-' => @"2014;
  `<'`<' => @"ab;
  `>'`>' => @"bb;
  `-' => ;
  `_' => @"640;
  . => \1;
