input:  1;
output: 2;
expressions:
  `G' | `g'`H' | `h' => @"c72;
  `.'`D' | `d' => @"c64;
  `.'`E' | `e' => ;
  `.'`G' | `g' => @"c67;
  `.'`H' | `h' => @"c68;
  `.'`N' | `n' => @"c6e;
  `.'`S' | `s' => @"c73;
  `.'`T' | `t' => @"c74;
  `.'`Z' | `z' => @"c7a;
  `.'`I' | `i' => @"c49;
  `E' | `e' => ;
  `O' | `o' => ;
  `A'-`Z' => #(\1 + @"c00);
  `a'-`z' => #(\1 + @"be0);
  `-'`-'`-' => @"2014;
  `-'`-' => @"f05f;
  `-' => " ";
  ``'``' => @"201c;
  ``' => @"2018;
  `''`'' => @"201d;
  `'' => @"2019;
  `,'`,' => @"201e;
  `<'`<' => @"ab;
  `>'`>' => @"bb;
  . => \1;
