input:  1;
output: 2;
expressions:
  @"80 => @"410;
  @"81 => @"411;
  @"82 => @"412;
  @"83 => @"413;
  @"84 => @"414;
  @"85 => @"415;
  @"86 => @"416;
  @"87 => @"417;
  @"88 => @"418;
  @"89 => @"419;
  @"8a => @"41a;
  @"8b => @"41b;
  @"8c => @"41c;
  @"8d => @"41d;
  @"8e => @"41e;
  @"8f => @"41f;
  @"90 => @"420;
  @"91 => @"421;
  @"92 => @"422;
  @"93 => @"423;
  @"94 => @"424;
  @"95 => @"425;
  @"96 => @"426;
  @"97 => @"427;
  @"98 => @"428;
  @"99 => @"429;
  @"9a => @"42a;
  @"9b => @"42b;
  @"9c => @"42c;
  @"9d => @"42d;
  @"9e => @"42e;
  @"9f => @"42f;
  @"a0 => @"2020;
  @"a1 => @"b0;
  @"a2 => @"a2;
  @"a3 => @"a3;
  @"a4 => @"a7;
  @"a5 => @"2022;
  @"a6 => @"b6;
  @"a7 => @"406;
  @"a8 => @"ae;
  @"a9 => @"a9;
  @"aa => @"2122;
  @"ab => @"402;
  @"ac => @"452;
  @"ad => @"2260;
  @"ae => @"403;
  @"af => @"453;
  @"b0 => @"221e;
  @"b1 => @"b1;
  @"b2 => @"2264;
  @"b3 => @"2265;
  @"b4 => @"a5;
  @"b5 => @"b5;
  @"b6 => @"2202;
  @"b7 => @"408;
  @"b8 => @"404;
  @"b9 => @"454;
  @"ba => @"407;
  @"bb => @"457;
  @"bc => @"409;
  @"bd => @"459;
  @"be => @"40a;
  @"bf => @"45a;
  @"c0 => @"458;
  @"c1 => @"405;
  @"c2 => @"ac;
  @"c3 => @"221a;
  @"c4 => @"192;
  @"c5 => @"2248;
  @"c6 => @"2206;
  @"c7 => @"ab;
  @"c8 => @"bb;
  @"c9 => @"2026;
  @"ca => @"a0;
  @"cb => @"40b;
  @"cc => @"45b;
  @"cd => @"40c;
  @"ce => @"45c;
  @"cf => @"455;
  @"d0 => @"2013;
  @"d1 => @"2014;
  @"d2 => @"201c;
  @"d3 => @"201d;
  @"d4 => @"2018;
  @"d5 => @"2019;
  @"d6 => @"f7;
  @"d7 => @"201e;
  @"d8 => @"40e;
  @"d9 => @"45e;
  @"da => @"40f;
  @"db => @"45f;
  @"dc => @"2116;
  @"dd => @"401;
  @"de => @"451;
  @"df => @"44f;
  @"e0 => @"430;
  @"e1 => @"431;
  @"e2 => @"432;
  @"e3 => @"433;
  @"e4 => @"434;
  @"e5 => @"435;
  @"e6 => @"436;
  @"e7 => @"437;
  @"e8 => @"438;
  @"e9 => @"439;
  @"ea => @"43a;
  @"eb => @"43b;
  @"ec => @"43c;
  @"ed => @"43d;
  @"ee => @"43e;
  @"ef => @"43f;
  @"f0 => @"440;
  @"f1 => @"441;
  @"f2 => @"442;
  @"f3 => @"443;
  @"f4 => @"444;
  @"f5 => @"445;
  @"f6 => @"446;
  @"f7 => @"447;
  @"f8 => @"448;
  @"f9 => @"449;
  @"fa => @"44a;
  @"fb => @"44b;
  @"fc => @"44c;
  @"fd => @"44d;
  @"fe => @"44e;
  @"ff => @"a4;
  `-'`-'`-' => @"2014;
  `-'`-' => @"2013;
  . => \1;
