input:  2;
output: 2;
expressions:
  `.'@"3b9 => @"3f5;
  `.'@"399 => @"3f4;
  `.'@"3c5 => @"3f7;
  `.'@"3a5 => @"3f6;
  . => \1;
