input:  2;
output: 2;
expressions:
  `f'`f'`i' => @"223;
  `f'`f'`l' => @"224;
  `f'`f'`j' => @"22a;
  `f'`f'@"12f => @"226;
  `f'`f'@"142 => @"228;
  `f'`f'@"13a => @"22e;
  `f'`f'@"13c => @"230;
  `f'`f'@"13e => @"232;
  `f'`f'@"140 => @"234;
  `f'`f' => @"220;
  `f'`i' => @"221;
  `f'`l' => @"222;
  `f'`j' => @"229;
  `f'@"12f => @"225;
  `f'@"142 => @"227;
  `f'@"13a => @"22d;
  `f'@"13c => @"22f;
  `f'@"13e => @"231;
  `f'@"140 => @"233;
  @"17f@"17f`i' => @"238;
  @"17f@"17f`l' => @"239;
  @"17f@"17f => @"235;
  @"17f`i' => @"236;
  @"17f`l' => @"237;
  @"c4e | @"c4c@"c45 | @"c4f@"c4e => #(\1)@"c82;
  @"c4e | @"c4c@"c4e => #(\1)@"c82;
  @"c4e | @"c4c@"c45 | @"c4f@"c4c => #(\1)@"c81;
  @"c4e | @"c4c@"c4c => #(\1)@"c81;
  @"c4e@"c45 | @"c4f@"c47 => @"c80;
  @"c4e@"c47 => @"c80;
  @"c42@"c45 | @"c4f@"c54 => @"c83;
  @"c42@"c54 => @"c83;
  @"c43@"c45 | @"c4f@"c54 => @"c84;
  @"c43@"c54 => @"c84;
  @"c47@"c45 | @"c4f@"c54 => @"c86;
  @"c47@"c54 => @"c86;
  @"c4d@"c45 | @"c4f@"c54 => @"c87;
  @"c4d@"c54 => @"c87;
  @"c52@"c45 | @"c4f@"c54 => @"c88;
  @"c52@"c54 => @"c88;
  @"c53@"c45 | @"c4f@"c54 => @"c89;
  @"c53@"c54 => @"c89;
  @"c7a@"c45 | @"c4f@"c54 => @"c8a;
  @"c7a@"c54 => @"c8a;
  @"2010-@"2046 => #(\1 - @"1000);
  @"1e00-@"1eff => #(\1 - @"1800);
  @"f023 => @"83;
  @"f024 => @"84;
  @"f025 => @"85;
  @"f026 => @"86;
  @"f07b => @"8b;
  @"f05c => @"8c;
  @"f07d => @"8d;
  @"f05e => @"8e;
  @"f05f => @"8f;
  @"f07e => @"80;
  @"f000-@"f07f => "\string"#(\1 - @"f000);
  . => \1;
