input:  2;
output: 2;
expressions:
  @"1f00 => @"711;
  @"1f01 => @"710;
  @"1f02 => @"71a;
  @"1f03 => @"716;
  @"1f04 => @"71b;
  @"1f05 => @"717;
  @"1f06 => @"71c;
  @"1f07 => @"718;
  @"1f08 => @"701@"391;
  @"1f09 => @"700@"391;
  @"1f0a => @"70a@"391;
  @"1f0b => @"706@"391;
  @"1f0c => @"70b@"391;
  @"1f0d => @"707@"391;
  @"1f0e => @"70c@"391;
  @"1f0f => @"708@"391;
  @"1f10@"1fc0 => @"73d;
  @"1f11@"1fc0 => @"738;
  @"1f10 => @"731;
  @"1f11 => @"730;
  @"1f12 => @"73a;
  @"1f13 => @"736;
  @"1f14 => @"73b;
  @"1f15 => @"737;
  @"1f18@"1fc0 => @"70c@"39d;
  @"1f19@"1fc0 => @"708@"39d;
  @"1f18 => @"701@"39d;
  @"1f19 => @"700@"39d;
  @"1f1a => @"70a@"39d;
  @"1f1b => @"706@"39d;
  @"1f1c => @"70b@"39d;
  @"1f1d => @"707@"39d;
  @"1f20 => @"741;
  @"1f21 => @"740;
  @"1f22 => @"74a;
  @"1f23 => @"746;
  @"1f24 => @"74b;
  @"1f25 => @"747;
  @"1f26 => @"74c;
  @"1f27 => @"748;
  @"1f28 => @"701@"397;
  @"1f29 => @"700@"397;
  @"1f2a => @"70a@"397;
  @"1f2b => @"706@"397;
  @"1f2c => @"70b@"397;
  @"1f2d => @"707@"397;
  @"1f2e => @"70c@"397;
  @"1f2f => @"708@"397;
  @"1f30 => @"761;
  @"1f31 => @"760;
  @"1f32 => @"76a;
  @"1f33 => @"766;
  @"1f34 => @"76b;
  @"1f35 => @"767;
  @"1f36 => @"76c;
  @"1f37 => @"768;
  @"1f38 => @"701@"399;
  @"1f39 => @"700@"399;
  @"1f3a => @"70a@"399;
  @"1f3b => @"706@"399;
  @"1f3c => @"70b@"399;
  @"1f3d => @"707@"399;
  @"1f3e => @"70c@"399;
  @"1f3f => @"708@"399;
  @"1f40@"1fc0 => @"77d;
  @"1f41@"1fc0 => @"778;
  @"1f40 => @"771;
  @"1f41 => @"770;
  @"1f42 => @"77a;
  @"1f43 => @"776;
  @"1f44 => @"77b;
  @"1f45 => @"777;
  @"1f48@"1fc0 => @"70c@"39f;
  @"1f49@"1fc0 => @"708@"39f;
  @"1f48 => @"701@"39f;
  @"1f49 => @"700@"39f;
  @"1f4a => @"70a@"39f;
  @"1f4b => @"706@"39f;
  @"1f4c => @"70b@"39f;
  @"1f4d => @"707@"39f;
  @"1f50 => @"781;
  @"1f51 => @"780;
  @"1f52 => @"78a;
  @"1f53 => @"786;
  @"1f54 => @"78b;
  @"1f55 => @"787;
  @"1f56 => @"78c;
  @"1f57 => @"788;
  @"1f58 => @"701@"3a5;
  @"1f59 => @"700@"3a5;
  @"1f5a => @"70a@"3a5;
  @"1f5b => @"706@"3a5;
  @"1f5c => @"70b@"3a5;
  @"1f5d => @"707@"3a5;
  @"1f5e => @"70c@"3a5;
  @"1f5f => @"708@"3a5;
  @"1f60 => @"791;
  @"1f61 => @"790;
  @"1f62 => @"79a;
  @"1f63 => @"796;
  @"1f64 => @"79b;
  @"1f65 => @"797;
  @"1f66 => @"79c;
  @"1f67 => @"798;
  @"1f68 => @"701@"3a9;
  @"1f69 => @"700@"3a9;
  @"1f6a => @"70a@"3a9;
  @"1f6b => @"706@"3a9;
  @"1f6c => @"70b@"3a9;
  @"1f6d => @"707@"3a9;
  @"1f6e => @"70c@"3a9;
  @"1f6f => @"708@"3a9;
  @"1f70 => @"712;
  @"1f71 => @"713;
  @"1f72 => @"732;
  @"1f73 => @"733;
  @"1f74 => @"742;
  @"1f75 => @"743;
  @"1f76 => @"762;
  @"1f77 => @"763;
  @"1f78 => @"772;
  @"1f79 => @"773;
  @"1f7a => @"782;
  @"1f7b => @"783;
  @"1f7c => @"792;
  @"1f7d => @"793;
  @"1f80 => @"721;
  @"1f81 => @"720;
  @"1f82 => @"72a;
  @"1f83 => @"726;
  @"1f84 => @"72b;
  @"1f85 => @"727;
  @"1f86 => @"72c;
  @"1f87 => @"728;
  @"1f88 => @"701@"7d0;
  @"1f89 => @"700@"7d0;
  @"1f8a => @"70a@"7d0;
  @"1f8b => @"706@"7d0;
  @"1f8c => @"70b@"7d0;
  @"1f8d => @"707@"7d0;
  @"1f8e => @"70c@"7d0;
  @"1f8f => @"708@"7d0;
  @"1f90 => @"751;
  @"1f91 => @"750;
  @"1f92 => @"75a;
  @"1f93 => @"756;
  @"1f94 => @"75b;
  @"1f95 => @"757;
  @"1f96 => @"75c;
  @"1f97 => @"758;
  @"1f98 => @"701@"7d3;
  @"1f99 => @"700@"7d3;
  @"1f9a => @"70a@"7d3;
  @"1f9b => @"706@"7d3;
  @"1f9c => @"70b@"7d3;
  @"1f9d => @"707@"7d3;
  @"1f9e => @"70c@"7d3;
  @"1f9f => @"708@"7d3;
  @"1fa0 => @"7a1;
  @"1fa1 => @"7a0;
  @"1fa2 => @"7aa;
  @"1fa3 => @"7a6;
  @"1fa4 => @"7ab;
  @"1fa5 => @"7a7;
  @"1fa6 => @"7ac;
  @"1fa7 => @"7a8;
  @"1fa8 => @"701@"7d6;
  @"1fa9 => @"700@"7d6;
  @"1faa => @"70a@"7d6;
  @"1fab => @"706@"7d6;
  @"1fac => @"70b@"7d6;
  @"1fad => @"707@"7d6;
  @"1fae => @"70c@"7d6;
  @"1faf => @"708@"7d6;
  @"1fb0 => @"71f;
  @"1fb1 => @"71e;
  @"1fb2 => @"722;
  @"1fb3 => @"7cc;
  @"1fb4 => @"723;
  @"1fb6 => @"714;
  @"1fb7 => @"724;
  @"1fb8 => @"7b8;
  @"1fb9 => @"7b0;
  @"1fba => @"702@"391;
  @"1fbb => @"703@"391;
  @"1fbc => @"7d0;
  @"1fbd => @"701;
  @"1fbe => @"7cc;
  @"1fbf => @"701;
  @"1fc0 => @"704;
  @"1fc1 => @"7dc;
  @"1fc2 => @"752;
  @"1fc3 => @"7ce;
  @"1fc4 => @"753;
  @"1fc6 => @"744;
  @"1fc7 => @"754;
  @"1fc8 => @"702@"395;
  @"1fc9 => @"703@"395;
  @"1fca => @"702@"397;
  @"1fcb => @"703@"397;
  @"1fcc => @"7d3;
  @"1fcd => @"70a;
  @"1fce => @"70b;
  @"1fcf => @"70c;
  @"1fd0 => @"76f;
  @"1fd1 => @"76e;
  @"1fd2 => @"7c0;
  @"1fd3 => @"7c1;
  @"1fd6 => @"764;
  @"1fd7 => @"7c2;
  @"1fd8 => @"7bb;
  @"1fd9 => @"7b3;
  @"1fda => @"702@"399;
  @"1fdb => @"703@"399;
  @"1fdd => @"706;
  @"1fde => @"707;
  @"1fdf => @"708;
  @"1fe2 => @"7a2;
  @"1fe3 => @"7cf;
  @"1fe4 => @"7a3;
  @"1fe6 => @"784;
  @"1fe7 => @"7a4;
  @"1fe8 => @"702@"39f;
  @"1fe9 => @"703@"39f;
  @"1fea => @"702@"3a9;
  @"1feb => @"703@"3a9;
  @"1fec => @"7d6;
  @"1fed => @"703;
  @"1fee => @"700;
  @"1ff0 => @"704;
  @"1ff1 => @"7dc;
  @"1ff2 => @"752;
  @"1ff3 => @"7ce;
  @"1ff4 => @"753;
  @"1ff6 => @"794;
  @"1ff7 => @"754;
  @"1ff8 => @"702@"395;
  @"1ff9 => @"703@"395;
  @"1ffa => @"702@"397;
  @"1ffb => @"703@"397;
  @"1ffc => @"7d3;
  @"1ffd => @"70a;
  @"1ffe => @"70b;
  @"1fff => @"70c;
  @"37e => `;';
  @"ab => @"7de;
  @"bb => @"7df;
  @"2010-@"2046 => #(\1 - @"1000);
  @"f000-@"f07f => "\string"#(\1 - @"f000);
  . => \1;
