% length = 220
% 1 tables in 96 words
% 1 states in 115 words

input = 1
output = 2

tables:
table 0[] = { % 60 entries
  0x00a0, 0x0126, 0x02d8, 0x00a3,
  0x00a4, 0xfffd, 0x0124, 0x00a7,
  0x00a8, 0x0130, 0x015e, 0x011e,
  0x0134, 0x00ad, 0xfffd, 0x017b,
  0x00b0, 0x0127, 0x00b2, 0x00b3,
  0x00b4, 0x00b5, 0x0125, 0x00b7,
  0x00b8, 0x0131, 0x015f, 0x011f,
  0x0135, 0x00bd, 0xfffd, 0x017c,
  0x00c0, 0x00c1, 0x00c2, 0xfffd,
  0x00c4, 0x010a, 0x0108, 0x00c7,
  0x00c8, 0x00c9, 0x00ca, 0x00cb,
  0x00cc, 0x00cd, 0x00ce, 0x00cf,
  0xfffd, 0x00d1, 0x00d2, 0x00d3,
  0x00d4, 0x0120, 0x00d6, 0x00d7,
  0x011c, 0x00d9, 0x00da, 0x00db,
  0x00dc, 0x016c, 0x015c, 0x00df,
  0x00e0, 0x00e1, 0x00e2, 0xfffd,
  0x00e4, 0x010b, 0x0109, 0x00e7,
  0x00e8, 0x00e9, 0x00ea, 0x00eb,
  0x00ec, 0x00ed, 0x00ee, 0x00ef,
  0xfffd, 0x00f1, 0x00f2, 0x00f3,
  0x00f4, 0x0121, 0x00f6, 0x00f7,
  0x011d, 0x00f9, 0x00fa, 0x00fb,
  0x00fc, 0x016d, 0x015d, 0x02d9}

State _S0: % 115 entries

                LEFT_START
                GOTO_NE         0x3c, _1
                GOTO_NO_ADVANCE _1
                GOTO_NE         0x43, _1
                PUSH_NUM        0x108
                RIGHT_OUTPUT
                STOP
  _1:           LEFT_RETURN
                GOTO_NE         0x3c, _2
                GOTO_NO_ADVANCE _2
                GOTO_NE         0x63, _2
                PUSH_NUM        0x109
                RIGHT_OUTPUT
                STOP
  _2:           LEFT_RETURN
                GOTO_NE         0x3c, _3
                GOTO_NO_ADVANCE _3
                GOTO_NE         0x47, _3
                PUSH_NUM        0x11c
                RIGHT_OUTPUT
                STOP
  _3:           LEFT_RETURN
                GOTO_NE         0x3c, _4
                GOTO_NO_ADVANCE _4
                GOTO_NE         0x67, _4
                PUSH_NUM        0x11d
                RIGHT_OUTPUT
                STOP
  _4:           LEFT_RETURN
                GOTO_NE         0x3c, _5
                GOTO_NO_ADVANCE _5
                GOTO_NE         0x48, _5
                PUSH_NUM        0x124
                RIGHT_OUTPUT
                STOP
  _5:           LEFT_RETURN
                GOTO_NE         0x3c, _6
                GOTO_NO_ADVANCE _6
                GOTO_NE         0x68, _6
                PUSH_NUM        0x125
                RIGHT_OUTPUT
                STOP
  _6:           LEFT_RETURN
                GOTO_NE         0x3c, _7
                GOTO_NO_ADVANCE _7
                GOTO_NE         0x4a, _7
                PUSH_NUM        0x134
                RIGHT_OUTPUT
                STOP
  _7:           LEFT_RETURN
                GOTO_NE         0x3c, _8
                GOTO_NO_ADVANCE _8
                GOTO_NE         0x6a, _8
                PUSH_NUM        0x135
                RIGHT_OUTPUT
                STOP
  _8:           LEFT_RETURN
                GOTO_NE         0x3c, _9
                GOTO_NO_ADVANCE _9
                GOTO_NE         0x53, _9
                PUSH_NUM        0x15c
                RIGHT_OUTPUT
                STOP
  _9:           LEFT_RETURN
                GOTO_NE         0x3c, _10
                GOTO_NO_ADVANCE _10
                GOTO_NE         0x73, _10
                PUSH_NUM        0x15d
                RIGHT_OUTPUT
                STOP
  _10:          LEFT_RETURN
                GOTO_LT         0x0, _11
                GOTO_GT         0x9f, _11
                RIGHT_CHAR      1
                STOP
  _11:          LEFT_RETURN
                GOTO_LT         0xa0, _12
                GOTO_GT         0xff, _12
                PUSH_NUM        0x0
                PUSH_CHAR       1
                PUSH_NUM        0xa0
                SUB
                LOOKUP
                RIGHT_OUTPUT
                STOP
  _12:          LEFT_RETURN
                RIGHT_CHAR      1
                STOP
                LEFT_RETURN
                RIGHT_CHAR      1
                STOP
