% length = 1163
% 0 tables in 0 words
% 1 states in 1155 words

input = 1
output = 2

State _S0: % 1155 entries

                LEFT_START
                GOTO_NE         0x4c, _1
                GOTO_NO_ADVANCE _1
                GOTO_NE         0x4c, _1
                GOTO_NO_ADVANCE _1
                GOTO_NE         0x61, _1
                GOTO_NO_ADVANCE _1
                GOTO_NE         0x68, _1
                PUSH_NUM        0xfdf2
                RIGHT_OUTPUT
                STOP
  _1:           LEFT_RETURN
                GOTO_NE         0x53, _2
                GOTO_NO_ADVANCE _2
                GOTO_NE         0x4c, _2
                GOTO_NO_ADVANCE _2
                GOTO_NE         0x68, _2
                PUSH_NUM        0xfdfa
                RIGHT_OUTPUT
                STOP
  _2:           LEFT_RETURN
                GOTO_NE         0x7c, _3
                GOTO_NO_ADVANCE _3
                GOTO_NE         0x7c, _3
                GOTO_NO_ADVANCE _3
                GOTO_NE         0x7c, _3
                GOTO_NO_ADVANCE _3
                GOTO_NE         0x7c, _3
                PUSH_NUM        0x621
                RIGHT_OUTPUT
                PUSH_NUM        0x651
                RIGHT_OUTPUT
                STOP
  _3:           LEFT_RETURN
                GOTO_NE         0x7c, _4
                GOTO_NO_ADVANCE _4
                GOTO_NE         0x7c, _4
                PUSH_NUM        0x621
                RIGHT_OUTPUT
                STOP
  _4:           LEFT_RETURN
                GOTO_NE         0x7a, _5
                GOTO_NO_ADVANCE _5
                GOTO_NE         0x68, _5
                GOTO_NO_ADVANCE _5
                GOTO_NE         0x7a, _5
                GOTO_NO_ADVANCE _5
                GOTO_NE         0x68, _5
                PUSH_NUM        0x698
                RIGHT_OUTPUT
                PUSH_NUM        0x651
                RIGHT_OUTPUT
                STOP
  _5:           LEFT_RETURN
                GOTO_NE         0x7a, _6
                GOTO_NO_ADVANCE _6
                GOTO_NE         0x68, _6
                PUSH_NUM        0x698
                RIGHT_OUTPUT
                STOP
  _6:           LEFT_RETURN
                GOTO_NE         0x7a, _7
                GOTO_NO_ADVANCE _7
                GOTO_NE         0x7a, _7
                PUSH_NUM        0x632
                RIGHT_OUTPUT
                PUSH_NUM        0x651
                RIGHT_OUTPUT
                STOP
  _7:           LEFT_RETURN
                GOTO_NE         0x7a, _8
                PUSH_NUM        0x632
                RIGHT_OUTPUT
                STOP
  _8:           LEFT_RETURN
                GOTO_NE         0x79, _9
                GOTO_NO_ADVANCE _9
                GOTO_NE         0x79, _9
                PUSH_NUM        0x64a
                RIGHT_OUTPUT
                PUSH_NUM        0x651
                RIGHT_OUTPUT
                STOP
  _9:           LEFT_RETURN
                GOTO_NE         0x79, _10
                PUSH_NUM        0x64a
                RIGHT_OUTPUT
                STOP
  _10:          LEFT_RETURN
                GOTO_NE         0x78, _11
                GOTO_NO_ADVANCE _11
                GOTO_NE         0x78, _11
                PUSH_NUM        0x69a
                RIGHT_OUTPUT
                PUSH_NUM        0x651
                RIGHT_OUTPUT
                STOP
  _11:          LEFT_RETURN
                GOTO_NE         0x78, _12
                PUSH_NUM        0x69a
                RIGHT_OUTPUT
                STOP
  _12:          LEFT_RETURN
                GOTO_NE         0x76, _13
                GOTO_NO_ADVANCE _13
                GOTO_NE         0x76, _13
                PUSH_NUM        0x6a4
                RIGHT_OUTPUT
                PUSH_NUM        0x651
                RIGHT_OUTPUT
                STOP
  _13:          LEFT_RETURN
                GOTO_NE         0x76, _14
                PUSH_NUM        0x6a4
                RIGHT_OUTPUT
                STOP
  _14:          LEFT_RETURN
                GOTO_NE         0x75, _15
                GOTO_NO_ADVANCE _15
                GOTO_NE         0x4e, _15
                PUSH_NUM        0x64c
                RIGHT_OUTPUT
                STOP
  _15:          LEFT_RETURN
                GOTO_NE         0x75, _16
                PUSH_NUM        0x64f
                RIGHT_OUTPUT
                STOP
  _16:          LEFT_RETURN
                GOTO_NE         0x74, _17
                GOTO_NO_ADVANCE _17
                GOTO_NE         0x74, _17
                PUSH_NUM        0x62a
                RIGHT_OUTPUT
                PUSH_NUM        0x651
                RIGHT_OUTPUT
                STOP
  _17:          LEFT_RETURN
                GOTO_NE         0x74, _18
                PUSH_NUM        0x62a
                RIGHT_OUTPUT
                STOP
  _18:          LEFT_RETURN
                GOTO_NE         0x73, _19
                GOTO_NO_ADVANCE _19
                GOTO_NE         0x68, _19
                GOTO_NO_ADVANCE _19
                GOTO_NE         0x73, _19
                GOTO_NO_ADVANCE _19
                GOTO_NE         0x68, _19
                PUSH_NUM        0x634
                RIGHT_OUTPUT
                PUSH_NUM        0x651
                RIGHT_OUTPUT
                STOP
  _19:          LEFT_RETURN
                GOTO_NE         0x73, _20
                GOTO_NO_ADVANCE _20
                GOTO_NE         0x68, _20
                PUSH_NUM        0x634
                RIGHT_OUTPUT
                STOP
  _20:          LEFT_RETURN
                GOTO_NE         0x73, _21
                GOTO_NO_ADVANCE _21
                GOTO_NE         0x73, _21
                PUSH_NUM        0x633
                RIGHT_OUTPUT
                PUSH_NUM        0x651
                RIGHT_OUTPUT
                STOP
  _21:          LEFT_RETURN
                GOTO_NE         0x73, _22
                PUSH_NUM        0x633
                RIGHT_OUTPUT
                STOP
  _22:          LEFT_RETURN
                GOTO_NE         0x72, _23
                GOTO_NO_ADVANCE _23
                GOTO_NE         0x72, _23
                PUSH_NUM        0x631
                RIGHT_OUTPUT
                PUSH_NUM        0x651
                RIGHT_OUTPUT
                STOP
  _23:          LEFT_RETURN
                GOTO_NE         0x72, _24
                PUSH_NUM        0x631
                RIGHT_OUTPUT
                STOP
  _24:          LEFT_RETURN
                GOTO_NE         0x71, _25
                GOTO_NO_ADVANCE _25
                GOTO_NE         0x71, _25
                PUSH_NUM        0x642
                RIGHT_OUTPUT
                PUSH_NUM        0x651
                RIGHT_OUTPUT
                STOP
  _25:          LEFT_RETURN
                GOTO_NE         0x71, _26
                PUSH_NUM        0x642
                RIGHT_OUTPUT
                STOP
  _26:          LEFT_RETURN
                GOTO_NE         0x70, _27
                GOTO_NO_ADVANCE _27
                GOTO_NE         0x70, _27
                PUSH_NUM        0x67e
                RIGHT_OUTPUT
                PUSH_NUM        0x651
                RIGHT_OUTPUT
                STOP
  _27:          LEFT_RETURN
                GOTO_NE         0x70, _28
                PUSH_NUM        0x67e
                RIGHT_OUTPUT
                STOP
  _28:          LEFT_RETURN
                GOTO_NE         0x6e, _29
                GOTO_NO_ADVANCE _29
                GOTO_NE         0x6e, _29
                PUSH_NUM        0x646
                RIGHT_OUTPUT
                PUSH_NUM        0x651
                RIGHT_OUTPUT
                STOP
  _29:          LEFT_RETURN
                GOTO_NE         0x6e, _30
                PUSH_NUM        0x646
                RIGHT_OUTPUT
                STOP
  _30:          LEFT_RETURN
                GOTO_NE         0x6d, _31
                GOTO_NO_ADVANCE _31
                GOTO_NE         0x6d, _31
                PUSH_NUM        0x645
                RIGHT_OUTPUT
                PUSH_NUM        0x651
                RIGHT_OUTPUT
                STOP
  _31:          LEFT_RETURN
                GOTO_NE         0x6d, _32
                PUSH_NUM        0x645
                RIGHT_OUTPUT
                STOP
  _32:          LEFT_RETURN
                GOTO_NE         0x6c, _33
                GOTO_NO_ADVANCE _33
                GOTO_NE         0x6c, _33
                PUSH_NUM        0x644
                RIGHT_OUTPUT
                PUSH_NUM        0x651
                RIGHT_OUTPUT
                STOP
  _33:          LEFT_RETURN
                GOTO_NE         0x6c, _34
                PUSH_NUM        0x644
                RIGHT_OUTPUT
                STOP
  _34:          LEFT_RETURN
                GOTO_NE         0x6b, _35
                GOTO_NO_ADVANCE _35
                GOTO_NE         0x68, _35
                GOTO_NO_ADVANCE _35
                GOTO_NE         0x6b, _35
                GOTO_NO_ADVANCE _35
                GOTO_NE         0x68, _35
                PUSH_NUM        0x62e
                RIGHT_OUTPUT
                PUSH_NUM        0x651
                RIGHT_OUTPUT
                STOP
  _35:          LEFT_RETURN
                GOTO_NE         0x6b, _36
                GOTO_NO_ADVANCE _36
                GOTO_NE         0x68, _36
                PUSH_NUM        0x62e
                RIGHT_OUTPUT
                STOP
  _36:          LEFT_RETURN
                GOTO_NE         0x6b, _37
                GOTO_NO_ADVANCE _37
                GOTO_NE         0x6b, _37
                PUSH_NUM        0x6a9
                RIGHT_OUTPUT
                PUSH_NUM        0x651
                RIGHT_OUTPUT
                STOP
  _37:          LEFT_RETURN
                GOTO_NE         0x6b, _38
                PUSH_NUM        0x6a9
                RIGHT_OUTPUT
                STOP
  _38:          LEFT_RETURN
                GOTO_NE         0x6a, _39
                GOTO_NO_ADVANCE _39
                GOTO_NE         0x6a, _39
                PUSH_NUM        0x62c
                RIGHT_OUTPUT
                PUSH_NUM        0x651
                RIGHT_OUTPUT
                STOP
  _39:          LEFT_RETURN
                GOTO_NE         0x6a, _40
                PUSH_NUM        0x62c
                RIGHT_OUTPUT
                STOP
  _40:          LEFT_RETURN
                GOTO_NE         0x69, _41
                GOTO_NO_ADVANCE _41
                GOTO_NE         0x4e, _41
                PUSH_NUM        0x64d
                RIGHT_OUTPUT
                STOP
  _41:          LEFT_RETURN
                GOTO_NE         0x69, _42
                PUSH_NUM        0x650
                RIGHT_OUTPUT
                STOP
  _42:          LEFT_RETURN
                GOTO_NE         0x67, _43
                GOTO_NO_ADVANCE _43
                GOTO_NE         0x68, _43
                GOTO_NO_ADVANCE _43
                GOTO_NE         0x67, _43
                GOTO_NO_ADVANCE _43
                GOTO_NE         0x68, _43
                PUSH_NUM        0x63a
                RIGHT_OUTPUT
                PUSH_NUM        0x651
                RIGHT_OUTPUT
                STOP
  _43:          LEFT_RETURN
                GOTO_NE         0x67, _44
                GOTO_NO_ADVANCE _44
                GOTO_NE         0x68, _44
                PUSH_NUM        0x63a
                RIGHT_OUTPUT
                STOP
  _44:          LEFT_RETURN
                GOTO_NE         0x67, _45
                GOTO_NO_ADVANCE _45
                GOTO_NE         0x67, _45
                PUSH_NUM        0x6af
                RIGHT_OUTPUT
                PUSH_NUM        0x651
                RIGHT_OUTPUT
                STOP
  _45:          LEFT_RETURN
                GOTO_NE         0x67, _46
                PUSH_NUM        0x6af
                RIGHT_OUTPUT
                STOP
  _46:          LEFT_RETURN
                GOTO_NE         0x66, _47
                GOTO_NO_ADVANCE _47
                GOTO_NE         0x66, _47
                PUSH_NUM        0x641
                RIGHT_OUTPUT
                PUSH_NUM        0x651
                RIGHT_OUTPUT
                STOP
  _47:          LEFT_RETURN
                GOTO_NE         0x66, _48
                PUSH_NUM        0x641
                RIGHT_OUTPUT
                STOP
  _48:          LEFT_RETURN
                GOTO_NE         0x65, _49
                GOTO_NO_ADVANCE _49
                GOTO_NE         0x79, _49
                GOTO_NO_ADVANCE _49
                GOTO_NE         0x65, _49
                GOTO_NO_ADVANCE _49
                GOTO_NE         0x79, _49
                PUSH_NUM        0x6cd
                RIGHT_OUTPUT
                PUSH_NUM        0x651
                RIGHT_OUTPUT
                STOP
  _49:          LEFT_RETURN
                GOTO_NE         0x65, _50
                GOTO_NO_ADVANCE _50
                GOTO_NE         0x79, _50
                PUSH_NUM        0x6cd
                RIGHT_OUTPUT
                STOP
  _50:          LEFT_RETURN
                GOTO_NE         0x65, _51
                GOTO_NO_ADVANCE _51
                GOTO_NE         0x65, _51
                PUSH_NUM        0x6d0
                RIGHT_OUTPUT
                PUSH_NUM        0x651
                RIGHT_OUTPUT
                STOP
  _51:          LEFT_RETURN
                GOTO_NE         0x65, _52
                PUSH_NUM        0x6d0
                RIGHT_OUTPUT
                STOP
  _52:          LEFT_RETURN
                GOTO_NE         0x64, _53
                GOTO_NO_ADVANCE _53
                GOTO_NE         0x68, _53
                GOTO_NO_ADVANCE _53
                GOTO_NE         0x64, _53
                GOTO_NO_ADVANCE _53
                GOTO_NE         0x68, _53
                PUSH_NUM        0x630
                RIGHT_OUTPUT
                PUSH_NUM        0x651
                RIGHT_OUTPUT
                STOP
  _53:          LEFT_RETURN
                GOTO_NE         0x64, _54
                GOTO_NO_ADVANCE _54
                GOTO_NE         0x68, _54
                PUSH_NUM        0x630
                RIGHT_OUTPUT
                STOP
  _54:          LEFT_RETURN
                GOTO_NE         0x64, _55
                GOTO_NO_ADVANCE _55
                GOTO_NE         0x64, _55
                PUSH_NUM        0x62f
                RIGHT_OUTPUT
                PUSH_NUM        0x651
                RIGHT_OUTPUT
                STOP
  _55:          LEFT_RETURN
                GOTO_NE         0x64, _56
                PUSH_NUM        0x62f
                RIGHT_OUTPUT
                STOP
  _56:          LEFT_RETURN
                GOTO_NE         0x63, _57
                GOTO_NO_ADVANCE _57
                GOTO_NE         0x68, _57
                GOTO_NO_ADVANCE _57
                GOTO_NE         0x63, _57
                GOTO_NO_ADVANCE _57
                GOTO_NE         0x68, _57
                PUSH_NUM        0x686
                RIGHT_OUTPUT
                PUSH_NUM        0x651
                RIGHT_OUTPUT
                STOP
  _57:          LEFT_RETURN
                GOTO_NE         0x63, _58
                GOTO_NO_ADVANCE _58
                GOTO_NE         0x68, _58
                PUSH_NUM        0x686
                RIGHT_OUTPUT
                STOP
  _58:          LEFT_RETURN
                GOTO_NE         0x63, _59
                GOTO_NO_ADVANCE _59
                GOTO_NE         0x63, _59
                PUSH_NUM        0x685
                RIGHT_OUTPUT
                PUSH_NUM        0x651
                RIGHT_OUTPUT
                STOP
  _59:          LEFT_RETURN
                GOTO_NE         0x63, _60
                PUSH_NUM        0x685
                RIGHT_OUTPUT
                STOP
  _60:          LEFT_RETURN
                GOTO_NE         0x62, _61
                GOTO_NO_ADVANCE _61
                GOTO_NE         0x62, _61
                PUSH_NUM        0x628
                RIGHT_OUTPUT
                PUSH_NUM        0x651
                RIGHT_OUTPUT
                STOP
  _61:          LEFT_RETURN
                GOTO_NE         0x62, _62
                PUSH_NUM        0x628
                RIGHT_OUTPUT
                STOP
  _62:          LEFT_RETURN
                GOTO_NE         0x61, _63
                GOTO_NO_ADVANCE _63
                GOTO_NE         0x79, _63
                GOTO_NO_ADVANCE _63
                GOTO_NE         0x61, _63
                GOTO_NO_ADVANCE _63
                GOTO_NE         0x79, _63
                PUSH_NUM        0x626
                RIGHT_OUTPUT
                PUSH_NUM        0x651
                RIGHT_OUTPUT
                STOP
  _63:          LEFT_RETURN
                GOTO_NE         0x61, _64
                GOTO_NO_ADVANCE _64
                GOTO_NE         0x79, _64
                PUSH_NUM        0x626
                RIGHT_OUTPUT
                STOP
  _64:          LEFT_RETURN
                GOTO_NE         0x61, _65
                GOTO_NO_ADVANCE _65
                GOTO_NE         0x4e, _65
                PUSH_NUM        0x64b
                RIGHT_OUTPUT
                STOP
  _65:          LEFT_RETURN
                GOTO_NE         0x61, _66
                GOTO_NO_ADVANCE _66
                GOTO_NE         0x7c, _66
                PUSH_NUM        0x670
                RIGHT_OUTPUT
                STOP
  _66:          LEFT_RETURN
                GOTO_NE         0x61, _67
                PUSH_NUM        0x64e
                RIGHT_OUTPUT
                STOP
  _67:          LEFT_RETURN
                GOTO_NE         0x60, _68
                GOTO_NO_ADVANCE _68
                GOTO_NE         0x60, _68
                PUSH_NUM        0x639
                RIGHT_OUTPUT
                PUSH_NUM        0x651
                RIGHT_OUTPUT
                STOP
  _68:          LEFT_RETURN
                GOTO_NE         0x60, _69
                PUSH_NUM        0x639
                RIGHT_OUTPUT
                STOP
  _69:          LEFT_RETURN
                GOTO_NE         0x5a, _70
                GOTO_NO_ADVANCE _70
                GOTO_NE         0x5a, _70
                PUSH_NUM        0x638
                RIGHT_OUTPUT
                PUSH_NUM        0x651
                RIGHT_OUTPUT
                STOP
  _70:          LEFT_RETURN
                GOTO_NE         0x5a, _71
                PUSH_NUM        0x638
                RIGHT_OUTPUT
                STOP
  _71:          LEFT_RETURN
                GOTO_NE         0x55, _72
                GOTO            _73
  _72:          GOTO_NE         0x77, _74
  _73:          GOTO_NO_ADVANCE _74
                GOTO_NE         0x55, _75
                GOTO            _76
  _75:          GOTO_NE         0x77, _74
  _76:          PUSH_NUM        0x648
                RIGHT_OUTPUT
                PUSH_NUM        0x651
                RIGHT_OUTPUT
                STOP
  _74:          LEFT_RETURN
                GOTO_NE         0x55, _77
                GOTO            _78
  _77:          GOTO_NE         0x77, _79
  _78:          PUSH_NUM        0x648
                RIGHT_OUTPUT
                STOP
  _79:          LEFT_RETURN
                GOTO_NE         0x54, _80
                GOTO_NO_ADVANCE _80
                GOTO_NE         0x54, _80
                PUSH_NUM        0x637
                RIGHT_OUTPUT
                PUSH_NUM        0x651
                RIGHT_OUTPUT
                STOP
  _80:          LEFT_RETURN
                GOTO_NE         0x54, _81
                PUSH_NUM        0x637
                RIGHT_OUTPUT
                STOP
  _81:          LEFT_RETURN
                GOTO_NE         0x53, _82
                GOTO_NO_ADVANCE _82
                GOTO_NE         0x53, _82
                PUSH_NUM        0x635
                RIGHT_OUTPUT
                PUSH_NUM        0x651
                RIGHT_OUTPUT
                STOP
  _82:          LEFT_RETURN
                GOTO_NE         0x53, _83
                PUSH_NUM        0x635
                RIGHT_OUTPUT
                STOP
  _83:          LEFT_RETURN
                GOTO_NE         0x49, _84
                PUSH_NUM        0x649
                RIGHT_OUTPUT
                STOP
  _84:          LEFT_RETURN
                GOTO_NE         0x48, _85
                GOTO_NO_ADVANCE _85
                GOTO_NE         0x48, _85
                PUSH_NUM        0x62d
                RIGHT_OUTPUT
                PUSH_NUM        0x651
                RIGHT_OUTPUT
                STOP
  _85:          LEFT_RETURN
                GOTO_NE         0x48, _86
                PUSH_NUM        0x62d
                RIGHT_OUTPUT
                STOP
  _86:          LEFT_RETURN
                GOTO_NE         0x44, _87
                GOTO_NO_ADVANCE _87
                GOTO_NE         0x44, _87
                PUSH_NUM        0x636
                RIGHT_OUTPUT
                PUSH_NUM        0x651
                RIGHT_OUTPUT
                STOP
  _87:          LEFT_RETURN
                GOTO_NE         0x44, _88
                PUSH_NUM        0x636
                RIGHT_OUTPUT
                STOP
  _88:          LEFT_RETURN
                GOTO_NE         0x41, _89
                PUSH_NUM        0x627
                RIGHT_OUTPUT
                STOP
  _89:          LEFT_RETURN
                GOTO_NE         0x3c, _90
                GOTO_NO_ADVANCE _90
                GOTO_NE         0x3e, _90
                PUSH_NUM        0x652
                RIGHT_OUTPUT
                STOP
  _90:          LEFT_RETURN
                GOTO_NE         0x2d, _91
                GOTO_NO_ADVANCE _91
                GOTO_NE         0x2d, _91
                GOTO_NO_ADVANCE _91
                GOTO_NE         0x2d, _91
                RIGHT_NUM       0x2014
                STOP
  _91:          LEFT_RETURN
                GOTO_NE         0x3c, _92
                GOTO_NO_ADVANCE _92
                GOTO_NE         0x3c, _92
                RIGHT_NUM       0xab
                STOP
  _92:          LEFT_RETURN
                GOTO_NE         0x3e, _93
                GOTO_NO_ADVANCE _93
                GOTO_NE         0x3e, _93
                RIGHT_NUM       0xbb
                STOP
  _93:          LEFT_RETURN
                GOTO_NE         0x2d, _94
                STOP
  _94:          LEFT_RETURN
                GOTO_NE         0x27, _95
                GOTO_NO_ADVANCE _95
                GOTO_NE         0x7a, _95
                GOTO_NO_ADVANCE _95
                GOTO_NE         0x27, _95
                GOTO_NO_ADVANCE _95
                GOTO_NE         0x7a, _95
                PUSH_NUM        0x681
                RIGHT_OUTPUT
                PUSH_NUM        0x651
                RIGHT_OUTPUT
                STOP
  _95:          LEFT_RETURN
                GOTO_NE         0x27, _96
                GOTO_NO_ADVANCE _96
                GOTO_NE         0x7a, _96
                PUSH_NUM        0x681
                RIGHT_OUTPUT
                STOP
  _96:          LEFT_RETURN
                GOTO_NE         0x27, _97
                GOTO_NO_ADVANCE _97
                GOTO_NE         0x73, _97
                GOTO_NO_ADVANCE _97
                GOTO_NE         0x27, _97
                GOTO_NO_ADVANCE _97
                GOTO_NE         0x73, _97
                PUSH_NUM        0x62b
                RIGHT_OUTPUT
                PUSH_NUM        0x651
                RIGHT_OUTPUT
                STOP
  _97:          LEFT_RETURN
                GOTO_NE         0x27, _98
                GOTO_NO_ADVANCE _98
                GOTO_NE         0x73, _98
                PUSH_NUM        0x62b
                RIGHT_OUTPUT
                STOP
  _98:          LEFT_RETURN
                GOTO_NE         0x27, _99
                GOTO_NO_ADVANCE _99
                GOTO_NE         0x75, _99
                GOTO_NO_ADVANCE _99
                GOTO_NE         0x27, _99
                GOTO_NO_ADVANCE _99
                GOTO_NE         0x75, _99
                PUSH_NUM        0x624
                RIGHT_OUTPUT
                PUSH_NUM        0x651
                RIGHT_OUTPUT
                STOP
  _99:          LEFT_RETURN
                GOTO_NE         0x27, _100
                GOTO_NO_ADVANCE _100
                GOTO_NE         0x75, _100
                PUSH_NUM        0x624
                RIGHT_OUTPUT
                STOP
  _100:         LEFT_RETURN
                GOTO_NE         0x27, _101
                GOTO_NO_ADVANCE _101
                GOTO_NE         0x74, _101
                GOTO_NO_ADVANCE _101
                GOTO_NE         0x27, _101
                GOTO_NO_ADVANCE _101
                GOTO_NE         0x74, _101
                PUSH_NUM        0x67c
                RIGHT_OUTPUT
                PUSH_NUM        0x651
                RIGHT_OUTPUT
                STOP
  _101:         LEFT_RETURN
                GOTO_NE         0x27, _102
                GOTO_NO_ADVANCE _102
                GOTO_NE         0x74, _102
                PUSH_NUM        0x67c
                RIGHT_OUTPUT
                STOP
  _102:         LEFT_RETURN
                GOTO_NE         0x27, _103
                GOTO_NO_ADVANCE _103
                GOTO_NE         0x72, _103
                GOTO_NO_ADVANCE _103
                GOTO_NE         0x27, _103
                GOTO_NO_ADVANCE _103
                GOTO_NE         0x72, _103
                PUSH_NUM        0x693
                RIGHT_OUTPUT
                PUSH_NUM        0x651
                RIGHT_OUTPUT
                STOP
  _103:         LEFT_RETURN
                GOTO_NE         0x27, _104
                GOTO_NO_ADVANCE _104
                GOTO_NE         0x72, _104
                PUSH_NUM        0x693
                RIGHT_OUTPUT
                STOP
  _104:         LEFT_RETURN
                GOTO_NE         0x27, _105
                GOTO_NO_ADVANCE _105
                GOTO_NE         0x67, _105
                GOTO_NO_ADVANCE _105
                GOTO_NE         0x27, _105
                GOTO_NO_ADVANCE _105
                GOTO_NE         0x67, _105
                PUSH_NUM        0x696
                RIGHT_OUTPUT
                PUSH_NUM        0x651
                RIGHT_OUTPUT
                STOP
  _105:         LEFT_RETURN
                GOTO_NE         0x27, _106
                GOTO_NO_ADVANCE _106
                GOTO_NE         0x67, _106
                PUSH_NUM        0x696
                RIGHT_OUTPUT
                STOP
  _106:         LEFT_RETURN
                GOTO_NE         0x27, _107
                GOTO_NO_ADVANCE _107
                GOTO_NE         0x6e, _107
                GOTO_NO_ADVANCE _107
                GOTO_NE         0x27, _107
                GOTO_NO_ADVANCE _107
                GOTO_NE         0x6e, _107
                PUSH_NUM        0x6bc
                RIGHT_OUTPUT
                PUSH_NUM        0x651
                RIGHT_OUTPUT
                STOP
  _107:         LEFT_RETURN
                GOTO_NE         0x27, _108
                GOTO_NO_ADVANCE _108
                GOTO_NE         0x6e, _108
                PUSH_NUM        0x6bc
                RIGHT_OUTPUT
                STOP
  _108:         LEFT_RETURN
                GOTO_NE         0x27, _109
                GOTO_NO_ADVANCE _109
                GOTO_NE         0x69, _109
                PUSH_NUM        0x625
                RIGHT_OUTPUT
                STOP
  _109:         LEFT_RETURN
                GOTO_NE         0x27, _110
                GOTO_NO_ADVANCE _110
                GOTO_NE         0x64, _110
                GOTO_NO_ADVANCE _110
                GOTO_NE         0x27, _110
                GOTO_NO_ADVANCE _110
                GOTO_NE         0x64, _110
                PUSH_NUM        0x689
                RIGHT_OUTPUT
                PUSH_NUM        0x651
                RIGHT_OUTPUT
                STOP
  _110:         LEFT_RETURN
                GOTO_NE         0x27, _111
                GOTO_NO_ADVANCE _111
                GOTO_NE         0x64, _111
                PUSH_NUM        0x689
                RIGHT_OUTPUT
                STOP
  _111:         LEFT_RETURN
                GOTO_NE         0x27, _112
                GOTO_NO_ADVANCE _112
                GOTO_NE         0x61, _112
                PUSH_NUM        0x623
                RIGHT_OUTPUT
                STOP
  _112:         LEFT_RETURN
                GOTO_NE         0x27, _113
                GOTO_NO_ADVANCE _113
                GOTO_NE         0x41, _113
                PUSH_NUM        0x622
                RIGHT_OUTPUT
                STOP
  _113:         LEFT_RETURN
                GOTO_NE         0x22, _114
                GOTO_NO_ADVANCE _114
                GOTO_NE         0x68, _114
                GOTO_NO_ADVANCE _114
                GOTO_NE         0x22, _114
                GOTO_NO_ADVANCE _114
                GOTO_NE         0x68, _114
                RIGHT_NUM       0x629
                RIGHT_NUM       0x651
                STOP
  _114:         LEFT_RETURN
                GOTO_NE         0x22, _115
                GOTO_NO_ADVANCE _115
                GOTO_NE         0x68, _115
                RIGHT_NUM       0x629
                STOP
  _115:         LEFT_RETURN
                GOTO_NE         0x22, _116
                GOTO_NO_ADVANCE _116
                GOTO_NE         0x74, _116
                GOTO_NO_ADVANCE _116
                GOTO_NE         0x22, _116
                GOTO_NO_ADVANCE _116
                GOTO_NE         0x74, _116
                RIGHT_NUM       0x629
                RIGHT_NUM       0x651
                STOP
  _116:         LEFT_RETURN
                GOTO_NE         0x22, _117
                GOTO_NO_ADVANCE _117
                GOTO_NE         0x74, _117
                RIGHT_NUM       0x629
                STOP
  _117:         LEFT_RETURN
                GOTO_NE         0x22, _118
                GOTO_NO_ADVANCE _118
                GOTO_NE         0x41, _118
                PUSH_NUM        0x671
                RIGHT_OUTPUT
                STOP
  _118:         LEFT_RETURN
                GOTO_NE         0x68, _119
                GOTO_NO_ADVANCE _119
                GOTO_NE         0x68, _119
                PUSH_NUM        0x647
                RIGHT_OUTPUT
                PUSH_NUM        0x651
                RIGHT_OUTPUT
                STOP
  _119:         LEFT_RETURN
                GOTO_NE         0x68, _120
                PUSH_NUM        0x647
                RIGHT_OUTPUT
                STOP
  _120:         LEFT_RETURN
                GOTO_NE         0x5f, _121
                PUSH_NUM        0x640
                RIGHT_OUTPUT
                STOP
  _121:         LEFT_RETURN
                PUSH_CHAR       1
                RIGHT_OUTPUT
                STOP
                LEFT_RETURN
                RIGHT_CHAR      1
                STOP
