% length = 303
% 0 tables in 0 words
% 1 states in 295 words

input = 1
output = 2

State _S0: % 295 entries

                LEFT_START
                GOTO_NE         0x2f, _1
                GOTO_NO_ADVANCE _1
                GOTO_NE         0x27, _1
                RIGHT_NUM       0x711
                STOP
  _1:           LEFT_RETURN
                GOTO_NE         0x2f, _2
                GOTO_NO_ADVANCE _2
                GOTO_NE         0x61, _2
                RIGHT_NUM       0x731
                STOP
  _2:           LEFT_RETURN
                GOTO_NE         0x2f, _3
                GOTO_NO_ADVANCE _3
                GOTO_NE         0x41, _3
                RIGHT_NUM       0x734
                STOP
  _3:           LEFT_RETURN
                GOTO_NE         0x2f, _4
                GOTO_NO_ADVANCE _4
                GOTO_NE         0x65, _4
                RIGHT_NUM       0x737
                STOP
  _4:           LEFT_RETURN
                GOTO_NE         0x2f, _5
                GOTO_NO_ADVANCE _5
                GOTO_NE         0x69, _5
                RIGHT_NUM       0x73b
                STOP
  _5:           LEFT_RETURN
                GOTO_NE         0x2f, _6
                GOTO_NO_ADVANCE _6
                GOTO_NE         0x75, _6
                RIGHT_NUM       0x73e
                STOP
  _6:           LEFT_RETURN
                GOTO_NE         0x2e, _7
                GOTO_NO_ADVANCE _7
                GOTO_NE         0x79, _7
                GOTO_NO_ADVANCE _7
                GOTO_NE         0x68, _7
                RIGHT_NUM       0x71e
                STOP
  _7:           LEFT_RETURN
                GOTO_NE         0x2e, _8
                GOTO_NO_ADVANCE _8
                GOTO_NE         0x70, _8
                RIGHT_NUM       0x727
                STOP
  _8:           LEFT_RETURN
                GOTO_NE         0x2e, _9
                GOTO_NO_ADVANCE _9
                GOTO_NE         0x67, _9
                RIGHT_NUM       0x714
                STOP
  _9:           LEFT_RETURN
                GOTO_NE         0x2e, _10
                GOTO_NO_ADVANCE _10
                GOTO_NE         0x54, _10
                RIGHT_NUM       0x71c
                STOP
  _10:          LEFT_RETURN
                GOTO_NE         0x22, _11
                RIGHT_NUM       0x74f
                STOP
  _11:          LEFT_RETURN
                GOTO_NE         0x7a, _12
                RIGHT_NUM       0x719
                STOP
  _12:          LEFT_RETURN
                GOTO_NE         0x79, _13
                RIGHT_NUM       0x71d
                STOP
  _13:          LEFT_RETURN
                GOTO_NE         0x78, _14
                RIGHT_NUM       0x71a
                STOP
  _14:          LEFT_RETURN
                GOTO_NE         0x77, _15
                RIGHT_NUM       0x718
                STOP
  _15:          LEFT_RETURN
                GOTO_NE         0x76, _16
                RIGHT_NUM       0x728
                STOP
  _16:          LEFT_RETURN
                GOTO_NE         0x75, _17
                GOTO_NO_ADVANCE _17
                GOTO_NE         0x75, _17
                RIGHT_NUM       0x718
                STOP
  _17:          LEFT_RETURN
                GOTO_NE         0x75, _18
                RIGHT_NUM       0x73d
                STOP
  _18:          LEFT_RETURN
                GOTO_NE         0x74, _19
                RIGHT_NUM       0x72c
                STOP
  _19:          LEFT_RETURN
                GOTO_NE         0x73, _20
                GOTO_NO_ADVANCE _20
                GOTO_NE         0x2b, _20
                RIGHT_NUM       0x724
                STOP
  _20:          LEFT_RETURN
                GOTO_NE         0x73, _21
                RIGHT_NUM       0x723
                STOP
  _21:          LEFT_RETURN
                GOTO_NE         0x72, _22
                RIGHT_NUM       0x72a
                STOP
  _22:          LEFT_RETURN
                GOTO_NE         0x71, _23
                RIGHT_NUM       0x729
                STOP
  _23:          LEFT_RETURN
                GOTO_NE         0x70, _24
                RIGHT_NUM       0x726
                STOP
  _24:          LEFT_RETURN
                GOTO_NE         0x6e, _25
                RIGHT_NUM       0x722
                STOP
  _25:          LEFT_RETURN
                GOTO_NE         0x6d, _26
                RIGHT_NUM       0x721
                STOP
  _26:          LEFT_RETURN
                GOTO_NE         0x6c, _27
                RIGHT_NUM       0x720
                STOP
  _27:          LEFT_RETURN
                GOTO_NE         0x6b, _28
                RIGHT_NUM       0x71f
                STOP
  _28:          LEFT_RETURN
                GOTO_NE         0x69, _29
                RIGHT_NUM       0x73a
                STOP
  _29:          LEFT_RETURN
                GOTO_NE         0x68, _30
                RIGHT_NUM       0x717
                STOP
  _30:          LEFT_RETURN
                GOTO_NE         0x67, _31
                RIGHT_NUM       0x713
                STOP
  _31:          LEFT_RETURN
                GOTO_NE         0x65, _32
                GOTO_NO_ADVANCE _32
                GOTO_NE         0x65, _32
                RIGHT_NUM       0x717
                STOP
  _32:          LEFT_RETURN
                GOTO_NE         0x65, _33
                RIGHT_NUM       0x736
                STOP
  _33:          LEFT_RETURN
                GOTO_NE         0x64, _34
                RIGHT_NUM       0x715
                STOP
  _34:          LEFT_RETURN
                GOTO_NE         0x62, _35
                RIGHT_NUM       0x712
                STOP
  _35:          LEFT_RETURN
                GOTO_NE         0x61, _36
                RIGHT_NUM       0x730
                STOP
  _36:          LEFT_RETURN
                GOTO_NE         0x60, _37
                RIGHT_NUM       0x725
                STOP
  _37:          LEFT_RETURN
                GOTO_NE         0x59, _38
                RIGHT_NUM       0x728
                STOP
  _38:          LEFT_RETURN
                GOTO_NE         0x54, _39
                RIGHT_NUM       0x71b
                STOP
  _39:          LEFT_RETURN
                GOTO_NE         0x53, _40
                RIGHT_NUM       0x72b
                STOP
  _40:          LEFT_RETURN
                GOTO_NE         0x52, _41
                RIGHT_NUM       0x72f
                STOP
  _41:          LEFT_RETURN
                GOTO_NE         0x44, _42
                RIGHT_NUM       0x716
                STOP
  _42:          LEFT_RETURN
                GOTO_NE         0x41, _43
                RIGHT_NUM       0x733
                STOP
  _43:          LEFT_RETURN
                GOTO_NE         0x27, _44
                RIGHT_NUM       0x710
                STOP
  _44:          LEFT_RETURN
                GOTO_NE         0x2d, _45
                GOTO_NO_ADVANCE _45
                GOTO_NE         0x2d, _45
                GOTO_NO_ADVANCE _45
                GOTO_NE         0x2d, _45
                RIGHT_NUM       0x2014
                STOP
  _45:          LEFT_RETURN
                GOTO_NE         0x3c, _46
                GOTO_NO_ADVANCE _46
                GOTO_NE         0x3c, _46
                RIGHT_NUM       0xab
                STOP
  _46:          LEFT_RETURN
                GOTO_NE         0x3e, _47
                GOTO_NO_ADVANCE _47
                GOTO_NE         0x3e, _47
                RIGHT_NUM       0xbb
                STOP
  _47:          LEFT_RETURN
                RIGHT_CHAR      1
                STOP
                LEFT_RETURN
                RIGHT_CHAR      1
                STOP
